Archive member included to satisfy reference by file (symbol)

C:/Users/leozk/Documents/STM32CubeIDE_1.10.0/STM32CubeIDE/plugins/com.st.stm32cube.ide.mcu.externaltools.gnu-tools-for-stm32.11.3.rel1.win32_1.1.0.202305231506/tools/bin/../lib/gcc/arm-none-eabi/11.3.1/../../../../arm-none-eabi/lib/thumb/v7e-m+fp/hard\libc_nano.a(libc_a-exit.o)
                              C:/Users/leozk/Documents/STM32CubeIDE_1.10.0/STM32CubeIDE/plugins/com.st.stm32cube.ide.mcu.externaltools.gnu-tools-for-stm32.11.3.rel1.win32_1.1.0.202305231506/tools/bin/../lib/gcc/arm-none-eabi/11.3.1/../../../../arm-none-eabi/lib/thumb/v7e-m+fp/hard/crt0.o (exit)
C:/Users/leozk/Documents/STM32CubeIDE_1.10.0/STM32CubeIDE/plugins/com.st.stm32cube.ide.mcu.externaltools.gnu-tools-for-stm32.11.3.rel1.win32_1.1.0.202305231506/tools/bin/../lib/gcc/arm-none-eabi/11.3.1/../../../../arm-none-eabi/lib/thumb/v7e-m+fp/hard\libc_nano.a(libc_a-findfp.o)
                              ./Middlewares/Third_Party/FreeRTOS/Source/tasks.o (__sf)
C:/Users/leozk/Documents/STM32CubeIDE_1.10.0/STM32CubeIDE/plugins/com.st.stm32cube.ide.mcu.externaltools.gnu-tools-for-stm32.11.3.rel1.win32_1.1.0.202305231506/tools/bin/../lib/gcc/arm-none-eabi/11.3.1/../../../../arm-none-eabi/lib/thumb/v7e-m+fp/hard\libc_nano.a(libc_a-fwalk.o)
                              C:/Users/leozk/Documents/STM32CubeIDE_1.10.0/STM32CubeIDE/plugins/com.st.stm32cube.ide.mcu.externaltools.gnu-tools-for-stm32.11.3.rel1.win32_1.1.0.202305231506/tools/bin/../lib/gcc/arm-none-eabi/11.3.1/../../../../arm-none-eabi/lib/thumb/v7e-m+fp/hard\libc_nano.a(libc_a-findfp.o) (_fwalk_sglue)
C:/Users/leozk/Documents/STM32CubeIDE_1.10.0/STM32CubeIDE/plugins/com.st.stm32cube.ide.mcu.externaltools.gnu-tools-for-stm32.11.3.rel1.win32_1.1.0.202305231506/tools/bin/../lib/gcc/arm-none-eabi/11.3.1/../../../../arm-none-eabi/lib/thumb/v7e-m+fp/hard\libc_nano.a(libc_a-sprintf.o)
                              ./Core/Src/main.o (sprintf)
C:/Users/leozk/Documents/STM32CubeIDE_1.10.0/STM32CubeIDE/plugins/com.st.stm32cube.ide.mcu.externaltools.gnu-tools-for-stm32.11.3.rel1.win32_1.1.0.202305231506/tools/bin/../lib/gcc/arm-none-eabi/11.3.1/../../../../arm-none-eabi/lib/thumb/v7e-m+fp/hard\libc_nano.a(libc_a-stdio.o)
                              C:/Users/leozk/Documents/STM32CubeIDE_1.10.0/STM32CubeIDE/plugins/com.st.stm32cube.ide.mcu.externaltools.gnu-tools-for-stm32.11.3.rel1.win32_1.1.0.202305231506/tools/bin/../lib/gcc/arm-none-eabi/11.3.1/../../../../arm-none-eabi/lib/thumb/v7e-m+fp/hard\libc_nano.a(libc_a-findfp.o) (__sread)
C:/Users/leozk/Documents/STM32CubeIDE_1.10.0/STM32CubeIDE/plugins/com.st.stm32cube.ide.mcu.externaltools.gnu-tools-for-stm32.11.3.rel1.win32_1.1.0.202305231506/tools/bin/../lib/gcc/arm-none-eabi/11.3.1/../../../../arm-none-eabi/lib/thumb/v7e-m+fp/hard\libc_nano.a(libc_a-memset.o)
                              C:/Users/leozk/Documents/STM32CubeIDE_1.10.0/STM32CubeIDE/plugins/com.st.stm32cube.ide.mcu.externaltools.gnu-tools-for-stm32.11.3.rel1.win32_1.1.0.202305231506/tools/bin/../lib/gcc/arm-none-eabi/11.3.1/../../../../arm-none-eabi/lib/thumb/v7e-m+fp/hard/crt0.o (memset)
C:/Users/leozk/Documents/STM32CubeIDE_1.10.0/STM32CubeIDE/plugins/com.st.stm32cube.ide.mcu.externaltools.gnu-tools-for-stm32.11.3.rel1.win32_1.1.0.202305231506/tools/bin/../lib/gcc/arm-none-eabi/11.3.1/../../../../arm-none-eabi/lib/thumb/v7e-m+fp/hard\libc_nano.a(libc_a-closer.o)
                              C:/Users/leozk/Documents/STM32CubeIDE_1.10.0/STM32CubeIDE/plugins/com.st.stm32cube.ide.mcu.externaltools.gnu-tools-for-stm32.11.3.rel1.win32_1.1.0.202305231506/tools/bin/../lib/gcc/arm-none-eabi/11.3.1/../../../../arm-none-eabi/lib/thumb/v7e-m+fp/hard\libc_nano.a(libc_a-stdio.o) (_close_r)
C:/Users/leozk/Documents/STM32CubeIDE_1.10.0/STM32CubeIDE/plugins/com.st.stm32cube.ide.mcu.externaltools.gnu-tools-for-stm32.11.3.rel1.win32_1.1.0.202305231506/tools/bin/../lib/gcc/arm-none-eabi/11.3.1/../../../../arm-none-eabi/lib/thumb/v7e-m+fp/hard\libc_nano.a(libc_a-reent.o)
                              ./Middlewares/Third_Party/FreeRTOS/Source/tasks.o (_reclaim_reent)
C:/Users/leozk/Documents/STM32CubeIDE_1.10.0/STM32CubeIDE/plugins/com.st.stm32cube.ide.mcu.externaltools.gnu-tools-for-stm32.11.3.rel1.win32_1.1.0.202305231506/tools/bin/../lib/gcc/arm-none-eabi/11.3.1/../../../../arm-none-eabi/lib/thumb/v7e-m+fp/hard\libc_nano.a(libc_a-impure.o)
                              ./Middlewares/Third_Party/FreeRTOS/Source/tasks.o (_impure_ptr)
C:/Users/leozk/Documents/STM32CubeIDE_1.10.0/STM32CubeIDE/plugins/com.st.stm32cube.ide.mcu.externaltools.gnu-tools-for-stm32.11.3.rel1.win32_1.1.0.202305231506/tools/bin/../lib/gcc/arm-none-eabi/11.3.1/../../../../arm-none-eabi/lib/thumb/v7e-m+fp/hard\libc_nano.a(libc_a-lseekr.o)
[...]
Memory Configuration

Name             Origin             Length             Attributes
CCMRAM           0x0000000010000000 0x0000000000010000 xrw
RAM              0x0000000020000000 0x0000000000020000 xrw
FLASH            0x0000000008000000 0x0000000000080000 xr
*default*        0x0000000000000000 0xffffffffffffffff

Linker script and memory map

LOAD C:/Users/leozk/Documents/STM32CubeIDE_1.10.0/STM32CubeIDE/plugins/com.st.stm32cube.ide.mcu.externaltools.gnu-tools-for-stm32.11.3.rel1.win32_1.1.0.202305231506/tools/bin/../lib/gcc/arm-none-eabi/11.3.1/thumb/v7e-m+fp/hard/crti.o
LOAD C:/Users/leozk/Documents/STM32CubeIDE_1.10.0/STM32CubeIDE/plugins/com.st.stm32cube.ide.mcu.externaltools.gnu-tools-for-stm32.11.3.rel1.win32_1.1.0.202305231506/tools/bin/../lib/gcc/arm-none-eabi/11.3.1/thumb/v7e-m+fp/hard/crtbegin.o
LOAD C:/Users/leozk/Documents/STM32CubeIDE_1.10.0/STM32CubeIDE/plugins/com.st.stm32cube.ide.mcu.externaltools.gnu-tools-for-stm32.11.3.rel1.win32_1.1.0.202305231506/tools/bin/../lib/gcc/arm-none-eabi/11.3.1/../../../../arm-none-eabi/lib/thumb/v7e-m+fp/hard/crt0.o
LOAD ./Core/Src/freertos.o
LOAD ./Core/Src/main.o
LOAD ./Core/Src/stm32f4xx_hal_msp.o
LOAD ./Core/Src/stm32f4xx_it.o
LOAD ./Core/Src/syscalls.o
LOAD ./Core/Src/sysmem.o
LOAD ./Core/Src/system_stm32f4xx.o
LOAD ./Core/Startup/startup_stm32f407vetx.o
LOAD ./Drivers/PeripheralDriver/Src/oled.o
LOAD ./Drivers/STM32F4xx_HAL_Driver/Src/stm32f4xx_hal.o
LOAD ./Drivers/STM32F4xx_HAL_Driver/Src/stm32f4xx_hal_adc.o
LOAD ./Drivers/STM32F4xx_HAL_Driver/Src/stm32f4xx_hal_adc_ex.o
LOAD ./Drivers/STM32F4xx_HAL_Driver/Src/stm32f4xx_hal_cortex.o
LOAD ./Drivers/STM32F4xx_HAL_Driver/Src/stm32f4xx_hal_dma.o
LOAD ./Drivers/STM32F4xx_HAL_Driver/Src/stm32f4xx_hal_dma_ex.o
LOAD ./Drivers/STM32F4xx_HAL_Driver/Src/stm32f4xx_hal_exti.o
LOAD ./Drivers/STM32F4xx_HAL_Driver/Src/stm32f4xx_hal_flash.o
LOAD ./Drivers/STM32F4xx_HAL_Driver/Src/stm32f4xx_hal_flash_ex.o
LOAD ./Drivers/STM32F4xx_HAL_Driver/Src/stm32f4xx_hal_flash_ramfunc.o
LOAD ./Drivers/STM32F4xx_HAL_Driver/Src/stm32f4xx_hal_gpio.o
LOAD ./Drivers/STM32F4xx_HAL_Driver/Src/stm32f4xx_hal_i2c.o
LOAD ./Drivers/STM32F4xx_HAL_Driver/Src/stm32f4xx_hal_i2c_ex.o
LOAD ./Drivers/STM32F4xx_HAL_Driver/Src/stm32f4xx_hal_pwr.o
LOAD ./Drivers/STM32F4xx_HAL_Driver/Src/stm32f4xx_hal_pwr_ex.o
LOAD ./Drivers/STM32F4xx_HAL_Driver/Src/stm32f4xx_hal_rcc.o
LOAD ./Drivers/STM32F4xx_HAL_Driver/Src/stm32f4xx_hal_rcc_ex.o
LOAD ./Drivers/STM32F4xx_HAL_Driver/Src/stm32f4xx_hal_tim.o
LOAD ./Drivers/STM32F4xx_HAL_Driver/Src/stm32f4xx_hal_tim_ex.o
LOAD ./Drivers/STM32F4xx_HAL_Driver/Src/stm32f4xx_hal_uart.o
LOAD ./Drivers/STM32F4xx_HAL_Driver/Src/stm32f4xx_ll_adc.o
LOAD ./Middlewares/Third_Party/FreeRTOS/Source/CMSIS_RTOS_V2/cmsis_os2.o
LOAD ./Middlewares/Third_Party/FreeRTOS/Source/croutine.o
LOAD ./Middlewares/Third_Party/FreeRTOS/Source/event_groups.o
LOAD ./Middlewares/Third_Party/FreeRTOS/Source/list.o
LOAD ./Middlewares/Third_Party/FreeRTOS/Source/queue.o
LOAD ./Middlewares/Third_Party/FreeRTOS/Source/stream_buffer.o
LOAD ./Middlewares/Third_Party/FreeRTOS/Source/tasks.o
LOAD ./Middlewares/Third_Party/FreeRTOS/Source/timers.o
LOAD ./Middlewares/Third_Party/FreeRTOS/Source/portable/GCC/ARM_CM4F/port.o
LOAD ./Middlewares/Third_Party/FreeRTOS/Source/portable/MemMang/heap_4.o
START GROUP
LOAD C:/Users/leozk/Documents/STM32CubeIDE_1.10.0/STM32CubeIDE/plugins/com.st.stm32cube.ide.mcu.externaltools.gnu-tools-for-stm32.11.3.rel1.win32_1.1.0.202305231506/tools/bin/../lib/gcc/arm-none-eabi/11.3.1/../../../../arm-none-eabi/lib/thumb/v7e-m+fp/hard\libc_nano.a
LOAD C:/Users/leozk/Documents/STM32CubeIDE_1.10.0/STM32CubeIDE/plugins/com.st.stm32cube.ide.mcu.externaltools.gnu-tools-for-stm32.11.3.rel1.win32_1.1.0.202305231506/tools/bin/../lib/gcc/arm-none-eabi/11.3.1/../../../../arm-none-eabi/lib/thumb/v7e-m+fp/hard\libm.a
END GROUP
START GROUP
LOAD C:/Users/leozk/Documents/STM32CubeIDE_1.10.0/STM32CubeIDE/plugins/com.st.stm32cube.ide.mcu.externaltools.gnu-tools-for-stm32.11.3.rel1.win32_1.1.0.202305231506/tools/bin/../lib/gcc/arm-none-eabi/11.3.1/thumb/v7e-m+fp/hard\libgcc.a
LOAD C:/Users/leozk/Documents/STM32CubeIDE_1.10.0/STM32CubeIDE/plugins/com.st.stm32cube.ide.mcu.externaltools.gnu-tools-for-stm32.11.3.rel1.win32_1.1.0.202305231506/tools/bin/../lib/gcc/arm-none-eabi/11.3.1/../../../../arm-none-eabi/lib/thumb/v7e-m+fp/hard\libc_nano.a
END GROUP
START GROUP
LOAD C:/Users/leozk/Documents/STM32CubeIDE_1.10.0/STM32CubeIDE/plugins/com.st.stm32cube.ide.mcu.externaltools.gnu-tools-for-stm32.11.3.rel1.win32_1.1.0.202305231506/tools/bin/../lib/gcc/arm-none-eabi/11.3.1/thumb/v7e-m+fp/hard\libgcc.a
LOAD C:/Users/leozk/Documents/STM32CubeIDE_1.10.0/STM32CubeIDE/plugins/com.st.stm32cube.ide.mcu.externaltools.gnu-tools-for-stm32.11.3.rel1.win32_1.1.0.202305231506/tools/bin/../lib/gcc/arm-none-eabi/11.3.1/../../../../arm-none-eabi/lib/thumb/v7e-m+fp/hard\libc_nano.a
LOAD C:/Users/leozk/Documents/STM32CubeIDE_1.10.0/STM32CubeIDE/plugins/com.st.stm32cube.ide.mcu.externaltools.gnu-tools-for-stm32.11.3.rel1.win32_1.1.0.202305231506/tools/bin/../lib/gcc/arm-none-eabi/11.3.1/../../../../arm-none-eabi/lib/thumb/v7e-m+fp/hard\libnosys.a
END GROUP
START GROUP
LOAD C:/Users/leozk/Documents/STM32CubeIDE_1.10.0/STM32CubeIDE/plugins/com.st.stm32cube.ide.mcu.externaltools.gnu-tools-for-stm32.11.3.rel1.win32_1.1.0.202305231506/tools/bin/../lib/gcc/arm-none-eabi/11.3.1/thumb/v7e-m+fp/hard\libgcc.a
LOAD C:/Users/leozk/Documents/STM32CubeIDE_1.10.0/STM32CubeIDE/plugins/com.st.stm32cube.ide.mcu.externaltools.gnu-tools-for-stm32.11.3.rel1.win32_1.1.0.202305231506/tools/bin/../lib/gcc/arm-none-eabi/11.3.1/../../../../arm-none-eabi/lib/thumb/v7e-m+fp/hard\libc_nano.a
LOAD C:/Users/leozk/Documents/STM32CubeIDE_1.10.0/STM32CubeIDE/plugins/com.st.stm32cube.ide.mcu.externaltools.gnu-tools-for-stm32.11.3.rel1.win32_1.1.0.202305231506/tools/bin/../lib/gcc/arm-none-eabi/11.3.1/../../../../arm-none-eabi/lib/thumb/v7e-m+fp/hard\libnosys.a
END GROUP
LOAD C:/Users/leozk/Documents/STM32CubeIDE_1.10.0/STM32CubeIDE/plugins/com.st.stm32cube.ide.mcu.externaltools.gnu-tools-for-stm32.11.3.rel1.win32_1.1.0.202305231506/tools/bin/../lib/gcc/arm-none-eabi/11.3.1/thumb/v7e-m+fp/hard/crtend.o
LOAD C:/Users/leozk/Documents/STM32CubeIDE_1.10.0/STM32CubeIDE/plugins/com.st.stm32cube.ide.mcu.externaltools.gnu-tools-for-stm32.11.3.rel1.win32_1.1.0.202305231506/tools/bin/../lib/gcc/arm-none-eabi/11.3.1/thumb/v7e-m+fp/hard/crtn.o
                0x0000000020020000                _estack = (ORIGIN (RAM) + LENGTH (RAM))
                0x0000000000000200                _Min_Heap_Size = 0x200
                0x0000000000000400                _Min_Stack_Size = 0x400

.isr_vector     0x0000000008000000      0x188
                0x0000000008000000                . = ALIGN (0x4)
 *(.isr_vector)
 .isr_vector    0x0000000008000000      0x188 ./Core/Startup/startup_stm32f407vetx.o
                0x0000000008000000                g_pfnVectors
                0x0000000008000188                . = ALIGN (0x4)

.text           0x0000000008000190     0x91b8
                0x0000000008000190                . = ALIGN (0x4)
 *(.text)
 .text          0x0000000008000190       0x40 C:/Users/leozk/Documents/STM32CubeIDE_1.10.0/STM32CubeIDE/plugins/com.st.stm32cube.ide.mcu.externaltools.gnu-tools-for-stm32.11.3.rel1.win32_1.1.0.202305231506/tools/bin/../lib/gcc/arm-none-eabi/11.3.1/thumb/v7e-m+fp/hard/crtbegin.o
 .text          0x00000000080001d0       0xa0 C:/Users/leozk/Documents/STM32CubeIDE_1.10.0/STM32CubeIDE/plugins/com.st.stm32cube.ide.mcu.externaltools.gnu-tools-for-stm32.11.3.rel1.win32_1.1.0.202305231506/tools/bin/../lib/gcc/arm-none-eabi/11.3.1/../../../../arm-none-eabi/lib/thumb/v7e-m+fp/hard\libc_nano.a(libc_a-memchr.o)
                0x00000000080001d0                memchr
 .text          0x0000000008000270      0x378 C:/Users/leozk/Documents/STM32CubeIDE_1.10.0/STM32CubeIDE/plugins/com.st.stm32cube.ide.mcu.externaltools.gnu-tools-for-stm32.11.3.rel1.win32_1.1.0.202305231506/tools/bin/../lib/gcc/arm-none-eabi/11.3.1/thumb/v7e-m+fp/hard\libgcc.a(_arm_addsubdf3.o)
                0x0000000008000270                __aeabi_drsub
                0x0000000008000278                __aeabi_dsub
                0x0000000008000278                __subdf3
                0x000000000800027c                __aeabi_dadd
                0x000000000800027c                __adddf3
                0x00000000080004f4                __floatunsidf
                0x00000000080004f4                __aeabi_ui2d
                0x0000000008000514                __floatsidf
                0x0000000008000514                __aeabi_i2d
                0x0000000008000538                __aeabi_f2d
                0x0000000008000538                __extendsfdf2
                0x000000000800057c                __floatundidf
                0x000000000800057c                __aeabi_ul2d
                0x000000000800058c                __floatdidf
                0x000000000800058c                __aeabi_l2d
 .text          0x00000000080005e8      0x424 C:/Users/leozk/Documents/STM32CubeIDE_1.10.0/STM32CubeIDE/plugins/com.st.stm32cube.ide.mcu.externaltools.gnu-tools-for-stm32.11.3.rel1.win32_1.1.0.202305231506/tools/bin/../lib/gcc/arm-none-eabi/11.3.1/thumb/v7e-m+fp/hard\libgcc.a(_arm_muldivdf3.o)
                0x00000000080005e8                __aeabi_dmul
                0x00000000080005e8                __muldf3
                0x000000000800083c                __divdf3
                0x000000000800083c                __aeabi_ddiv
 .text          0x0000000008000a0c      0x110 C:/Users/leozk/Documents/STM32CubeIDE_1.10.0/STM32CubeIDE/plugins/com.st.stm32cube.ide.mcu.externaltools.gnu-tools-for-stm32.11.3.rel1.win32_1.1.0.202305231506/tools/bin/../lib/gcc/arm-none-eabi/11.3.1/thumb/v7e-m+fp/hard\libgcc.a(_arm_cmpdf2.o)
                0x0000000008000a0c                __gtdf2
                0x0000000008000a0c                __gedf2
                0x0000000008000a14                __ltdf2
                0x0000000008000a14                __ledf2
                0x0000000008000a1c                __nedf2
                0x0000000008000a1c                __eqdf2
                0x0000000008000a1c                __cmpdf2
                0x0000000008000a98                __aeabi_cdrcmple
                0x0000000008000aa8                __aeabi_cdcmpeq
                0x0000000008000aa8                __aeabi_cdcmple
                0x0000000008000ab8                __aeabi_dcmpeq
                0x0000000008000acc                __aeabi_dcmplt
                0x0000000008000ae0                __aeabi_dcmple
                0x0000000008000af4                __aeabi_dcmpge
                0x0000000008000b08                __aeabi_dcmpgt
 .text          0x0000000008000b1c       0x2c C:/Users/leozk/Documents/STM32CubeIDE_1.10.0/STM32CubeIDE/plugins/com.st.stm32cube.ide.mcu.externaltools.gnu-tools-for-stm32.11.3.rel1.win32_1.1.0.202305231506/tools/bin/../lib/gcc/arm-none-eabi/11.3.1/thumb/v7e-m+fp/hard\libgcc.a(_arm_unorddf2.o)
                0x0000000008000b1c                __unorddf2
                0x0000000008000b1c                __aeabi_dcmpun
 .text          0x0000000008000b48       0x50 C:/Users/leozk/Documents/STM32CubeIDE_1.10.0/STM32CubeIDE/plugins/com.st.stm32cube.ide.mcu.externaltools.gnu-tools-for-stm32.11.3.rel1.win32_1.1.0.202305231506/tools/bin/../lib/gcc/arm-none-eabi/11.3.1/thumb/v7e-m+fp/hard\libgcc.a(_arm_fixdfsi.o)
                0x0000000008000b48                __aeabi_d2iz
                0x0000000008000b48                __fixdfsi
 .text          0x0000000008000b98       0x40 C:/Users/leozk/Documents/STM32CubeIDE_1.10.0/STM32CubeIDE/plugins/com.st.stm32cube.ide.mcu.externaltools.gnu-tools-for-stm32.11.3.rel1.win32_1.1.0.202305231506/tools/bin/../lib/gcc/arm-none-eabi/11.3.1/thumb/v7e-m+fp/hard\libgcc.a(_arm_fixunsdfsi.o)
                0x0000000008000b98                __aeabi_d2uiz
                0x0000000008000b98                __fixunsdfsi
 .text          0x0000000008000bd8       0xa0 C:/Users/leozk/Documents/STM32CubeIDE_1.10.0/STM32CubeIDE/plugins/com.st.stm32cube.ide.mcu.externaltools.gnu-tools-for-stm32.11.3.rel1.win32_1.1.0.202305231506/tools/bin/../lib/gcc/arm-none-eabi/11.3.1/thumb/v7e-m+fp/hard\libgcc.a(_arm_truncdfsf2.o)
                0x0000000008000bd8                __truncdfsf2
                0x0000000008000bd8                __aeabi_d2f
 .text          0x0000000008000c78       0x30 C:/Users/leozk/Documents/STM32CubeIDE_1.10.0/STM32CubeIDE/plugins/com.st.stm32cube.ide.mcu.externaltools.gnu-tools-for-stm32.11.3.rel1.win32_1.1.0.202305231506/tools/bin/../lib/gcc/arm-none-eabi/11.3.1/thumb/v7e-m+fp/hard\libgcc.a(_aeabi_uldivmod.o)
                0x0000000008000c78                __aeabi_uldivmod
 .text          0x0000000008000ca8      0x2c8 C:/Users/leozk/Documents/STM32CubeIDE_1.10.0/STM32CubeIDE/plugins/com.st.stm32cube.ide.mcu.externaltools.gnu-tools-for-stm32.11.3.rel1.win32_1.1.0.202305231506/tools/bin/../lib/gcc/arm-none-eabi/11.3.1/thumb/v7e-m+fp/hard\libgcc.a(_udivmoddi4.o)
                0x0000000008000ca8                __udivmoddi4
 .text          0x0000000008000f70        0x4 C:/Users/leozk/Documents/STM32CubeIDE_1.10.0/STM32CubeIDE/plugins/com.st.stm32cube.ide.mcu.externaltools.gnu-tools-for-stm32.11.3.rel1.win32_1.1.0.202305231506/tools/bin/../lib/gcc/arm-none-eabi/11.3.1/thumb/v7e-m+fp/hard\libgcc.a(_dvmd_tls.o)
                0x0000000008000f70                __aeabi_idiv0
                0x0000000008000f70                __aeabi_ldiv0
 *(.text*)
 .text.StartRpiTask
                0x0000000008000f74       0x38 ./Core/Src/main.o
                0x0000000008000f74                StartRpiTask
 .text.StartOledTask
                0x0000000008000fac      0x168 ./Core/Src/main.o
                0x0000000008000fac                StartOledTask
 *fill*         0x0000000008001114        0x4 
 .text.StartBulleyesTask
                0x0000000008001118      0x13c ./Core/Src/main.o
                0x0000000008001118                StartBulleyesTask
 .text.StartEncoderRightTask
                0x0000000008001254       0x48 ./Core/Src/main.o
                0x0000000008001254                StartEncoderRightTask
 .text.StartEncoderLeftTask
                0x000000000800129c       0x48 ./Core/Src/main.o
                0x000000000800129c                StartEncoderLeftTask
 .text.SystemClock_Config
                0x00000000080012e4       0x88 ./Core/Src/main.o
                0x00000000080012e4                SystemClock_Config
 .text.startup.main
                0x000000000800136c      0x5e8 ./Core/Src/main.o
                0x000000000800136c                main
 .text.HAL_UART_RxCpltCallback
                0x0000000008001954       0x24 ./Core/Src/main.o
                0x0000000008001954                HAL_UART_RxCpltCallback
 .text.delay    0x0000000008001978       0x14 ./Core/Src/main.o
                0x0000000008001978                delay
 *fill*         0x000000000800198c        0x4 
 .text.HAL_TIM_IC_CaptureCallback
                0x0000000008001990       0xd0 ./Core/Src/main.o
                0x0000000008001990                HAL_TIM_IC_CaptureCallback
 .text.ultrasonic_read
                0x0000000008001a60       0x44 ./Core/Src/main.o
                0x0000000008001a60                ultrasonic_read
 .text.StartDefaultTask
                0x0000000008001aa4       0x4c ./Core/Src/main.o
                0x0000000008001aa4                StartDefaultTask
 .text.buzzerBeep
                0x0000000008001af0       0x28 ./Core/Src/main.o
                0x0000000008001af0                buzzerBeep
 .text.moveCarStraight
                0x0000000008001b18       0x84 ./Core/Src/main.o
                0x0000000008001b18                moveCarStraight
 .text.moveCarStraightSensor
                0x0000000008001b9c       0x30 ./Core/Src/main.o
                0x0000000008001b9c                moveCarStraightSensor
 .text.moveCarRight
                0x0000000008001bcc       0x40 ./Core/Src/main.o
                0x0000000008001bcc                moveCarRight
 .text.moveCarLeft
                0x0000000008001c0c       0x40 ./Core/Src/main.o
                0x0000000008001c0c                moveCarLeft
 .text.PID_Control
                0x0000000008001c4c       0xb0 ./Core/Src/main.o
                0x0000000008001c4c                PID_Control
 *fill*         0x0000000008001cfc        0x4 
 .text.PID_Angle_30
                0x0000000008001d00      0x160 ./Core/Src/main.o
                0x0000000008001d00                PID_Angle_30
 .text.PID_Angle_90
                0x0000000008001e60      0x150 ./Core/Src/main.o
                0x0000000008001e60                PID_Angle_90
 .text.PID_Juke
                0x0000000008001fb0      0x12c ./Core/Src/main.o
                0x0000000008001fb0                PID_Juke
 *fill*         0x00000000080020dc        0x4 
 .text.StartMotorTask
                0x00000000080020e0      0x36c ./Core/Src/main.o
                0x00000000080020e0                StartMotorTask
 .text.finishCheck
                0x000000000800244c       0x30 ./Core/Src/main.o
                0x000000000800244c                finishCheck
 *fill*         0x000000000800247c        0x4 
 .text.StartJukeTask
                0x0000000008002480      0x8a4 ./Core/Src/main.o
                0x0000000008002480                StartJukeTask
 .text.readByte
                0x0000000008002d24       0x40 ./Core/Src/main.o
                0x0000000008002d24                readByte
 .text.writeByte
                0x0000000008002d64       0x2c ./Core/Src/main.o
                0x0000000008002d64                writeByte
 .text.gyroInit
                0x0000000008002d90       0x84 ./Core/Src/main.o
                0x0000000008002d90                gyroInit
 *fill*         0x0000000008002e14        0x4 
 .text.StartGyroTask
                0x0000000008002e18      0x148 ./Core/Src/main.o
                0x0000000008002e18                StartGyroTask
 .text.HAL_MspInit
                0x0000000008002f60       0x54 ./Core/Src/stm32f4xx_hal_msp.o
                0x0000000008002f60                HAL_MspInit
 .text.HAL_ADC_MspInit
                0x0000000008002fb4       0xa0 ./Core/Src/stm32f4xx_hal_msp.o
                0x0000000008002fb4                HAL_ADC_MspInit
 .text.HAL_I2C_MspInit
                0x0000000008003054       0x70 ./Core/Src/stm32f4xx_hal_msp.o
                0x0000000008003054                HAL_I2C_MspInit
 .text.HAL_TIM_Base_MspInit
                0x00000000080030c4       0xb8 ./Core/Src/stm32f4xx_hal_msp.o
                0x00000000080030c4                HAL_TIM_Base_MspInit
 .text.HAL_TIM_Encoder_MspInit
                0x000000000800317c       0xdc ./Core/Src/stm32f4xx_hal_msp.o
                0x000000000800317c                HAL_TIM_Encoder_MspInit
 .text.HAL_TIM_IC_MspInit
                0x0000000008003258       0x78 ./Core/Src/stm32f4xx_hal_msp.o
                0x0000000008003258                HAL_TIM_IC_MspInit
 .text.HAL_TIM_MspPostInit
                0x00000000080032d0       0x58 ./Core/Src/stm32f4xx_hal_msp.o
                0x00000000080032d0                HAL_TIM_MspPostInit
 .text.HAL_UART_MspInit
                0x0000000008003328       0x7c ./Core/Src/stm32f4xx_hal_msp.o
                0x0000000008003328                HAL_UART_MspInit
 .text.NMI_Handler
                0x00000000080033a4        0x2 ./Core/Src/stm32f4xx_it.o
                0x00000000080033a4                NMI_Handler
 .text.HardFault_Handler
                0x00000000080033a6        0x2 ./Core/Src/stm32f4xx_it.o
                0x00000000080033a6                HardFault_Handler
 .text.MemManage_Handler
                0x00000000080033a8        0x2 ./Core/Src/stm32f4xx_it.o
                0x00000000080033a8                MemManage_Handler
 .text.BusFault_Handler
                0x00000000080033aa        0x2 ./Core/Src/stm32f4xx_it.o
                0x00000000080033aa                BusFault_Handler
 .text.UsageFault_Handler
                0x00000000080033ac        0x2 ./Core/Src/stm32f4xx_it.o
                0x00000000080033ac                UsageFault_Handler
 .text.DebugMon_Handler
                0x00000000080033ae        0x2 ./Core/Src/stm32f4xx_it.o
                0x00000000080033ae                DebugMon_Handler
 .text.SysTick_Handler
                0x00000000080033b0       0x18 ./Core/Src/stm32f4xx_it.o
                0x00000000080033b0                SysTick_Handler
 .text.RCC_IRQHandler
                0x00000000080033c8        0x2 ./Core/Src/stm32f4xx_it.o
                0x00000000080033c8                RCC_IRQHandler
 *fill*         0x00000000080033ca        0x2 
 .text.TIM1_BRK_TIM9_IRQHandler
                0x00000000080033cc        0xc ./Core/Src/stm32f4xx_it.o
                0x00000000080033cc                TIM1_BRK_TIM9_IRQHandler
 .text.TIM1_UP_TIM10_IRQHandler
                0x00000000080033d8        0x4 ./Core/Src/stm32f4xx_it.o
                0x00000000080033d8                TIM1_UP_TIM10_IRQHandler
 .text.TIM4_IRQHandler
                0x00000000080033dc        0xc ./Core/Src/stm32f4xx_it.o
                0x00000000080033dc                TIM4_IRQHandler
 .text.USART3_IRQHandler
                0x00000000080033e8        0xc ./Core/Src/stm32f4xx_it.o
                0x00000000080033e8                USART3_IRQHandler
 .text.TIM8_TRG_COM_TIM14_IRQHandler
                0x00000000080033f4        0xc ./Core/Src/stm32f4xx_it.o
                0x00000000080033f4                TIM8_TRG_COM_TIM14_IRQHandler
 .text._sbrk    0x0000000008003400       0x40 ./Core/Src/sysmem.o
                0x0000000008003400                _sbrk
 .text.SystemInit
                0x0000000008003440       0x14 ./Core/Src/system_stm32f4xx.o
                0x0000000008003440                SystemInit
 .text.Reset_Handler
                0x0000000008003454       0x50 ./Core/Startup/startup_stm32f407vetx.o
                0x0000000008003454                Reset_Handler
 .text.Default_Handler
                0x00000000080034a4        0x2 ./Core/Startup/startup_stm32f407vetx.o
                0x00000000080034a4                RTC_Alarm_IRQHandler
                0x00000000080034a4                HASH_RNG_IRQHandler
                0x00000000080034a4                EXTI2_IRQHandler
                0x00000000080034a4                TIM8_CC_IRQHandler
                0x00000000080034a4                TIM1_CC_IRQHandler
                0x00000000080034a4                DMA2_Stream5_IRQHandler
                0x00000000080034a4                DMA1_Stream5_IRQHandler
                0x00000000080034a4                PVD_IRQHandler
                0x00000000080034a4                SDIO_IRQHandler
                0x00000000080034a4                TAMP_STAMP_IRQHandler
                0x00000000080034a4                CAN2_RX1_IRQHandler
                0x00000000080034a4                EXTI3_IRQHandler
                0x00000000080034a4                TIM8_UP_TIM13_IRQHandler
                0x00000000080034a4                I2C3_ER_IRQHandler
                0x00000000080034a4                EXTI0_IRQHandler
                0x00000000080034a4                I2C2_EV_IRQHandler
                0x00000000080034a4                DMA1_Stream2_IRQHandler
                0x00000000080034a4                CAN1_RX0_IRQHandler
                0x00000000080034a4                FPU_IRQHandler
                0x00000000080034a4                OTG_HS_WKUP_IRQHandler
                0x00000000080034a4                CAN2_SCE_IRQHandler
                0x00000000080034a4                DMA2_Stream2_IRQHandler
                0x00000000080034a4                SPI1_IRQHandler
                0x00000000080034a4                TIM6_DAC_IRQHandler
                0x00000000080034a4                DCMI_IRQHandler
                0x00000000080034a4                CAN2_RX0_IRQHandler
                0x00000000080034a4                DMA2_Stream3_IRQHandler
                0x00000000080034a4                USART6_IRQHandler
                0x00000000080034a4                CAN1_RX1_IRQHandler
                0x00000000080034a4                UART5_IRQHandler
                0x00000000080034a4                DMA2_Stream0_IRQHandler
                0x00000000080034a4                I2C1_EV_IRQHandler
                0x00000000080034a4                DMA1_Stream6_IRQHandler
                0x00000000080034a4                DMA1_Stream1_IRQHandler
                0x00000000080034a4                UART4_IRQHandler
                0x00000000080034a4                TIM3_IRQHandler
                0x00000000080034a4                TIM8_BRK_TIM12_IRQHandler
                0x00000000080034a4                Default_Handler
                0x00000000080034a4                EXTI15_10_IRQHandler
                0x00000000080034a4                ADC_IRQHandler
                0x00000000080034a4                DMA1_Stream7_IRQHandler
                0x00000000080034a4                TIM7_IRQHandler
                0x00000000080034a4                CAN2_TX_IRQHandler
                0x00000000080034a4                TIM5_IRQHandler
                0x00000000080034a4                DMA2_Stream7_IRQHandler
                0x00000000080034a4                I2C3_EV_IRQHandler
                0x00000000080034a4                EXTI9_5_IRQHandler
                0x00000000080034a4                RTC_WKUP_IRQHandler
                0x00000000080034a4                ETH_WKUP_IRQHandler
                0x00000000080034a4                SPI2_IRQHandler
                0x00000000080034a4                OTG_HS_EP1_IN_IRQHandler
                0x00000000080034a4                DMA1_Stream0_IRQHandler
                0x00000000080034a4                CAN1_TX_IRQHandler
                0x00000000080034a4                EXTI4_IRQHandler
                0x00000000080034a4                FSMC_IRQHandler
                0x00000000080034a4                ETH_IRQHandler
                0x00000000080034a4                OTG_HS_EP1_OUT_IRQHandler
                0x00000000080034a4                WWDG_IRQHandler
                0x00000000080034a4                TIM2_IRQHandler
                0x00000000080034a4                OTG_FS_WKUP_IRQHandler
                0x00000000080034a4                TIM1_TRG_COM_TIM11_IRQHandler
                0x00000000080034a4                OTG_HS_IRQHandler
                0x00000000080034a4                EXTI1_IRQHandler
                0x00000000080034a4                USART2_IRQHandler
                0x00000000080034a4                I2C2_ER_IRQHandler
                0x00000000080034a4                DMA2_Stream1_IRQHandler
                0x00000000080034a4                CAN1_SCE_IRQHandler
                0x00000000080034a4                FLASH_IRQHandler
                0x00000000080034a4                DMA2_Stream4_IRQHandler
                0x00000000080034a4                USART1_IRQHandler
                0x00000000080034a4                OTG_FS_IRQHandler
                0x00000000080034a4                SPI3_IRQHandler
                0x00000000080034a4                DMA1_Stream4_IRQHandler
                0x00000000080034a4                I2C1_ER_IRQHandler
                0x00000000080034a4                DMA2_Stream6_IRQHandler
                0x00000000080034a4                DMA1_Stream3_IRQHandler
 *fill*         0x00000000080034a6        0x2 
 .text.OLED_WR_Byte
                0x00000000080034a8       0x5c ./Drivers/PeripheralDriver/Src/oled.o
                0x00000000080034a8                OLED_WR_Byte
 .text.OLED_Refresh_Gram
                0x0000000008003504       0x44 ./Drivers/PeripheralDriver/Src/oled.o
                0x0000000008003504                OLED_Refresh_Gram
 .text.OLED_Clear
                0x0000000008003548       0x28 ./Drivers/PeripheralDriver/Src/oled.o
                0x0000000008003548                OLED_Clear
 .text.OLED_DrawPoint
                0x0000000008003570       0x38 ./Drivers/PeripheralDriver/Src/oled.o
                0x0000000008003570                OLED_DrawPoint
 .text.OLED_ShowChar
                0x00000000080035a8       0x8c ./Drivers/PeripheralDriver/Src/oled.o
                0x00000000080035a8                OLED_ShowChar
 .text.OLED_ShowString
                0x0000000008003634       0x3e ./Drivers/PeripheralDriver/Src/oled.o
                0x0000000008003634                OLED_ShowString
 *fill*         0x0000000008003672        0x2 
 .text.OLED_Init
                0x0000000008003674      0x110 ./Drivers/PeripheralDriver/Src/oled.o
                0x0000000008003674                OLED_Init
 .text.HAL_InitTick
                0x0000000008003784       0x48 ./Drivers/STM32F4xx_HAL_Driver/Src/stm32f4xx_hal.o
                0x0000000008003784                HAL_InitTick
 .text.HAL_Init
                0x00000000080037cc       0x34 ./Drivers/STM32F4xx_HAL_Driver/Src/stm32f4xx_hal.o
                0x00000000080037cc                HAL_Init
 .text.HAL_IncTick
                0x0000000008003800       0x18 ./Drivers/STM32F4xx_HAL_Driver/Src/stm32f4xx_hal.o
                0x0000000008003800                HAL_IncTick
 .text.HAL_GetTick
                0x0000000008003818        0xc ./Drivers/STM32F4xx_HAL_Driver/Src/stm32f4xx_hal.o
                0x0000000008003818                HAL_GetTick
 .text.HAL_Delay
                0x0000000008003824       0x28 ./Drivers/STM32F4xx_HAL_Driver/Src/stm32f4xx_hal.o
                0x0000000008003824                HAL_Delay
 .text.HAL_ADC_Init
                0x000000000800384c      0x14c ./Drivers/STM32F4xx_HAL_Driver/Src/stm32f4xx_hal_adc.o
                0x000000000800384c                HAL_ADC_Init
 .text.HAL_ADC_Start
                0x0000000008003998      0x114 ./Drivers/STM32F4xx_HAL_Driver/Src/stm32f4xx_hal_adc.o
                0x0000000008003998                HAL_ADC_Start
 .text.HAL_ADC_Stop
                0x0000000008003aac       0x36 ./Drivers/STM32F4xx_HAL_Driver/Src/stm32f4xx_hal_adc.o
                0x0000000008003aac                HAL_ADC_Stop
 .text.HAL_ADC_PollForConversion
                0x0000000008003ae2       0xa6 ./Drivers/STM32F4xx_HAL_Driver/Src/stm32f4xx_hal_adc.o
                0x0000000008003ae2                HAL_ADC_PollForConversion
 .text.HAL_ADC_GetValue
                0x0000000008003b88        0x6 ./Drivers/STM32F4xx_HAL_Driver/Src/stm32f4xx_hal_adc.o
                0x0000000008003b88                HAL_ADC_GetValue
 *fill*         0x0000000008003b8e        0x2 
 .text.HAL_ADC_ConfigChannel
                0x0000000008003b90      0x120 ./Drivers/STM32F4xx_HAL_Driver/Src/stm32f4xx_hal_adc.o
                0x0000000008003b90                HAL_ADC_ConfigChannel
 .text.HAL_NVIC_SetPriorityGrouping
                0x0000000008003cb0       0x24 ./Drivers/STM32F4xx_HAL_Driver/Src/stm32f4xx_hal_cortex.o
                0x0000000008003cb0                HAL_NVIC_SetPriorityGrouping
 .text.HAL_NVIC_SetPriority
                0x0000000008003cd4       0x64 ./Drivers/STM32F4xx_HAL_Driver/Src/stm32f4xx_hal_cortex.o
                0x0000000008003cd4                HAL_NVIC_SetPriority
 .text.HAL_NVIC_EnableIRQ
                0x0000000008003d38       0x1c ./Drivers/STM32F4xx_HAL_Driver/Src/stm32f4xx_hal_cortex.o
                0x0000000008003d38                HAL_NVIC_EnableIRQ
 .text.HAL_SYSTICK_Config
                0x0000000008003d54       0x28 ./Drivers/STM32F4xx_HAL_Driver/Src/stm32f4xx_hal_cortex.o
                0x0000000008003d54                HAL_SYSTICK_Config
 .text.HAL_DMA_Abort
                0x0000000008003d7c       0x7e ./Drivers/STM32F4xx_HAL_Driver/Src/stm32f4xx_hal_dma.o
                0x0000000008003d7c                HAL_DMA_Abort
 .text.HAL_DMA_Abort_IT
                0x0000000008003dfa       0x24 ./Drivers/STM32F4xx_HAL_Driver/Src/stm32f4xx_hal_dma.o
                0x0000000008003dfa                HAL_DMA_Abort_IT
 *fill*         0x0000000008003e1e        0x2 
 .text.HAL_GPIO_Init
                0x0000000008003e20      0x1b4 ./Drivers/STM32F4xx_HAL_Driver/Src/stm32f4xx_hal_gpio.o
                0x0000000008003e20                HAL_GPIO_Init
 .text.HAL_GPIO_WritePin
                0x0000000008003fd4        0xa ./Drivers/STM32F4xx_HAL_Driver/Src/stm32f4xx_hal_gpio.o
                0x0000000008003fd4                HAL_GPIO_WritePin
 .text.HAL_GPIO_TogglePin
                0x0000000008003fde       0x12 ./Drivers/STM32F4xx_HAL_Driver/Src/stm32f4xx_hal_gpio.o
                0x0000000008003fde                HAL_GPIO_TogglePin
 .text.I2C_IsAcknowledgeFailed
                0x0000000008003ff0       0x34 ./Drivers/STM32F4xx_HAL_Driver/Src/stm32f4xx_hal_i2c.o
 .text.I2C_WaitOnFlagUntilTimeout
                0x0000000008004024       0x64 ./Drivers/STM32F4xx_HAL_Driver/Src/stm32f4xx_hal_i2c.o
 .text.I2C_WaitOnMasterAddressFlagUntilTimeout
                0x0000000008004088       0x76 ./Drivers/STM32F4xx_HAL_Driver/Src/stm32f4xx_hal_i2c.o
 .text.I2C_WaitOnRXNEFlagUntilTimeout
                0x00000000080040fe       0x5e ./Drivers/STM32F4xx_HAL_Driver/Src/stm32f4xx_hal_i2c.o
 .text.I2C_WaitOnTXEFlagUntilTimeout
                0x000000000800415c       0x4c ./Drivers/STM32F4xx_HAL_Driver/Src/stm32f4xx_hal_i2c.o
 .text.I2C_WaitOnBTFFlagUntilTimeout
                0x00000000080041a8       0x4c ./Drivers/STM32F4xx_HAL_Driver/Src/stm32f4xx_hal_i2c.o
 .text.HAL_I2C_Init
                0x00000000080041f4      0x150 ./Drivers/STM32F4xx_HAL_Driver/Src/stm32f4xx_hal_i2c.o
                0x00000000080041f4                HAL_I2C_Init
 .text.HAL_I2C_Master_Transmit
                0x0000000008004344      0x1b0 ./Drivers/STM32F4xx_HAL_Driver/Src/stm32f4xx_hal_i2c.o
                0x0000000008004344                HAL_I2C_Master_Transmit
 .text.HAL_I2C_Master_Receive
                0x00000000080044f4      0x2e0 ./Drivers/STM32F4xx_HAL_Driver/Src/stm32f4xx_hal_i2c.o
                0x00000000080044f4                HAL_I2C_Master_Receive
 .text.HAL_PWR_EnableBkUpAccess
                0x00000000080047d4       0x1c ./Drivers/STM32F4xx_HAL_Driver/Src/stm32f4xx_hal_pwr.o
                0x00000000080047d4                HAL_PWR_EnableBkUpAccess
 .text.HAL_PWR_DisableBkUpAccess
                0x00000000080047f0       0x1c ./Drivers/STM32F4xx_HAL_Driver/Src/stm32f4xx_hal_pwr.o
                0x00000000080047f0                HAL_PWR_DisableBkUpAccess
 .text.HAL_RCC_OscConfig
                0x000000000800480c      0x358 ./Drivers/STM32F4xx_HAL_Driver/Src/stm32f4xx_hal_rcc.o
                0x000000000800480c                HAL_RCC_OscConfig
 .text.HAL_RCC_GetSysClockFreq
                0x0000000008004b64       0x5c ./Drivers/STM32F4xx_HAL_Driver/Src/stm32f4xx_hal_rcc.o
                0x0000000008004b64                HAL_RCC_GetSysClockFreq
 .text.HAL_RCC_ClockConfig
                0x0000000008004bc0      0x134 ./Drivers/STM32F4xx_HAL_Driver/Src/stm32f4xx_hal_rcc.o
                0x0000000008004bc0                HAL_RCC_ClockConfig
 .text.HAL_RCC_GetPCLK1Freq
                0x0000000008004cf4       0x20 ./Drivers/STM32F4xx_HAL_Driver/Src/stm32f4xx_hal_rcc.o
                0x0000000008004cf4                HAL_RCC_GetPCLK1Freq
 .text.HAL_RCC_GetPCLK2Freq
                0x0000000008004d14       0x20 ./Drivers/STM32F4xx_HAL_Driver/Src/stm32f4xx_hal_rcc.o
                0x0000000008004d14                HAL_RCC_GetPCLK2Freq
 .text.TIM_OC1_SetConfig
                0x0000000008004d34       0x64 ./Drivers/STM32F4xx_HAL_Driver/Src/stm32f4xx_hal_tim.o
 .text.TIM_OC3_SetConfig
                0x0000000008004d98       0x6c ./Drivers/STM32F4xx_HAL_Driver/Src/stm32f4xx_hal_tim.o
 .text.TIM_OC4_SetConfig
                0x0000000008004e04       0x4c ./Drivers/STM32F4xx_HAL_Driver/Src/stm32f4xx_hal_tim.o
 .text.HAL_TIM_PWM_MspInit
                0x0000000008004e50        0x2 ./Drivers/STM32F4xx_HAL_Driver/Src/stm32f4xx_hal_tim.o
                0x0000000008004e50                HAL_TIM_PWM_MspInit
 .text.HAL_TIM_Encoder_Start
                0x0000000008004e52       0xb2 ./Drivers/STM32F4xx_HAL_Driver/Src/stm32f4xx_hal_tim.o
                0x0000000008004e52                HAL_TIM_Encoder_Start
 .text.HAL_TIM_ReadCapturedValue
                0x0000000008004f04       0x2c ./Drivers/STM32F4xx_HAL_Driver/Src/stm32f4xx_hal_tim.o
                0x0000000008004f04                HAL_TIM_ReadCapturedValue
 .text.HAL_TIM_PeriodElapsedCallback
                0x0000000008004f30        0x2 ./Drivers/STM32F4xx_HAL_Driver/Src/stm32f4xx_hal_tim.o
                0x0000000008004f30                HAL_TIM_PeriodElapsedCallback
 .text.HAL_TIM_OC_DelayElapsedCallback
                0x0000000008004f32        0x2 ./Drivers/STM32F4xx_HAL_Driver/Src/stm32f4xx_hal_tim.o
                0x0000000008004f32                HAL_TIM_OC_DelayElapsedCallback
 .text.HAL_TIM_PWM_PulseFinishedCallback
                0x0000000008004f34        0x2 ./Drivers/STM32F4xx_HAL_Driver/Src/stm32f4xx_hal_tim.o
                0x0000000008004f34                HAL_TIM_PWM_PulseFinishedCallback
 .text.HAL_TIM_TriggerCallback
                0x0000000008004f36        0x2 ./Drivers/STM32F4xx_HAL_Driver/Src/stm32f4xx_hal_tim.o
                0x0000000008004f36                HAL_TIM_TriggerCallback
 .text.HAL_TIM_IRQHandler
                0x0000000008004f38      0x144 ./Drivers/STM32F4xx_HAL_Driver/Src/stm32f4xx_hal_tim.o
                0x0000000008004f38                HAL_TIM_IRQHandler
 .text.TIM_Base_SetConfig
                0x000000000800507c       0xcc ./Drivers/STM32F4xx_HAL_Driver/Src/stm32f4xx_hal_tim.o
                0x000000000800507c                TIM_Base_SetConfig
 .text.HAL_TIM_Base_Init
                0x0000000008005148       0x58 ./Drivers/STM32F4xx_HAL_Driver/Src/stm32f4xx_hal_tim.o
                0x0000000008005148                HAL_TIM_Base_Init
 .text.HAL_TIM_PWM_Init
                0x00000000080051a0       0x58 ./Drivers/STM32F4xx_HAL_Driver/Src/stm32f4xx_hal_tim.o
                0x00000000080051a0                HAL_TIM_PWM_Init
 .text.HAL_TIM_IC_Init
                0x00000000080051f8       0x58 ./Drivers/STM32F4xx_HAL_Driver/Src/stm32f4xx_hal_tim.o
                0x00000000080051f8                HAL_TIM_IC_Init
 .text.HAL_TIM_Encoder_Init
                0x0000000008005250       0xa8 ./Drivers/STM32F4xx_HAL_Driver/Src/stm32f4xx_hal_tim.o
                0x0000000008005250                HAL_TIM_Encoder_Init
 .text.TIM_OC2_SetConfig
                0x00000000080052f8       0x6c ./Drivers/STM32F4xx_HAL_Driver/Src/stm32f4xx_hal_tim.o
                0x00000000080052f8                TIM_OC2_SetConfig
 .text.HAL_TIM_PWM_ConfigChannel
                0x0000000008005364       0xb2 ./Drivers/STM32F4xx_HAL_Driver/Src/stm32f4xx_hal_tim.o
                0x0000000008005364                HAL_TIM_PWM_ConfigChannel
 *fill*         0x0000000008005416        0x2 
 .text.TIM_TI1_SetConfig
                0x0000000008005418       0x74 ./Drivers/STM32F4xx_HAL_Driver/Src/stm32f4xx_hal_tim.o
                0x0000000008005418                TIM_TI1_SetConfig
 .text.HAL_TIM_IC_ConfigChannel
                0x000000000800548c      0x12a ./Drivers/STM32F4xx_HAL_Driver/Src/stm32f4xx_hal_tim.o
                0x000000000800548c                HAL_TIM_IC_ConfigChannel
 .text.TIM_ETR_SetConfig
                0x00000000080055b6       0x14 ./Drivers/STM32F4xx_HAL_Driver/Src/stm32f4xx_hal_tim.o
                0x00000000080055b6                TIM_ETR_SetConfig
 .text.HAL_TIM_ConfigClockSource
                0x00000000080055ca      0x132 ./Drivers/STM32F4xx_HAL_Driver/Src/stm32f4xx_hal_tim.o
                0x00000000080055ca                HAL_TIM_ConfigClockSource
 .text.TIM_CCxChannelCmd
                0x00000000080056fc       0x1c ./Drivers/STM32F4xx_HAL_Driver/Src/stm32f4xx_hal_tim.o
                0x00000000080056fc                TIM_CCxChannelCmd
 .text.HAL_TIM_OC_Start
                0x0000000008005718       0xcc ./Drivers/STM32F4xx_HAL_Driver/Src/stm32f4xx_hal_tim.o
                0x0000000008005718                HAL_TIM_OC_Start
 .text.HAL_TIM_PWM_Start
                0x00000000080057e4        0x4 ./Drivers/STM32F4xx_HAL_Driver/Src/stm32f4xx_hal_tim.o
                0x00000000080057e4                HAL_TIM_PWM_Start
 .text.HAL_TIM_IC_Start_IT
                0x00000000080057e8      0x104 ./Drivers/STM32F4xx_HAL_Driver/Src/stm32f4xx_hal_tim.o
                0x00000000080057e8                HAL_TIM_IC_Start_IT
 .text.HAL_TIMEx_MasterConfigSynchronization
                0x00000000080058ec       0x7c ./Drivers/STM32F4xx_HAL_Driver/Src/stm32f4xx_hal_tim_ex.o
                0x00000000080058ec                HAL_TIMEx_MasterConfigSynchronization
 .text.HAL_TIMEx_ConfigBreakDeadTime
                0x0000000008005968       0x4c ./Drivers/STM32F4xx_HAL_Driver/Src/stm32f4xx_hal_tim_ex.o
                0x0000000008005968                HAL_TIMEx_ConfigBreakDeadTime
 .text.HAL_TIMEx_CommutCallback
                0x00000000080059b4        0x2 ./Drivers/STM32F4xx_HAL_Driver/Src/stm32f4xx_hal_tim_ex.o
                0x00000000080059b4                HAL_TIMEx_CommutCallback
 .text.HAL_TIMEx_BreakCallback
                0x00000000080059b6        0x2 ./Drivers/STM32F4xx_HAL_Driver/Src/stm32f4xx_hal_tim_ex.o
                0x00000000080059b6                HAL_TIMEx_BreakCallback
 .text.UART_EndRxTransfer
                0x00000000080059b8       0x5c ./Drivers/STM32F4xx_HAL_Driver/Src/stm32f4xx_hal_uart.o
 .text.UART_SetConfig
                0x0000000008005a14       0xbc ./Drivers/STM32F4xx_HAL_Driver/Src/stm32f4xx_hal_uart.o
 .text.UART_WaitOnFlagUntilTimeout.constprop.0
                0x0000000008005ad0       0x6c ./Drivers/STM32F4xx_HAL_Driver/Src/stm32f4xx_hal_uart.o
 .text.HAL_UART_Init
                0x0000000008005b3c       0x5c ./Drivers/STM32F4xx_HAL_Driver/Src/stm32f4xx_hal_uart.o
                0x0000000008005b3c                HAL_UART_Init
 .text.HAL_UART_Transmit
                0x0000000008005b98       0xaa ./Drivers/STM32F4xx_HAL_Driver/Src/stm32f4xx_hal_uart.o
                0x0000000008005b98                HAL_UART_Transmit
 .text.HAL_UART_TxCpltCallback
                0x0000000008005c42        0x2 ./Drivers/STM32F4xx_HAL_Driver/Src/stm32f4xx_hal_uart.o
                0x0000000008005c42                HAL_UART_TxCpltCallback
 .text.HAL_UART_ErrorCallback
                0x0000000008005c44        0x2 ./Drivers/STM32F4xx_HAL_Driver/Src/stm32f4xx_hal_uart.o
                0x0000000008005c44                HAL_UART_ErrorCallback
 .text.UART_DMAAbortOnError
                0x0000000008005c46       0x10 ./Drivers/STM32F4xx_HAL_Driver/Src/stm32f4xx_hal_uart.o
 .text.HAL_UARTEx_RxEventCallback
                0x0000000008005c56        0x2 ./Drivers/STM32F4xx_HAL_Driver/Src/stm32f4xx_hal_uart.o
                0x0000000008005c56                HAL_UARTEx_RxEventCallback
 .text.UART_Receive_IT.isra.0
                0x0000000008005c58       0xb4 ./Drivers/STM32F4xx_HAL_Driver/Src/stm32f4xx_hal_uart.o
 .text.HAL_UART_IRQHandler
                0x0000000008005d0c      0x28c ./Drivers/STM32F4xx_HAL_Driver/Src/stm32f4xx_hal_uart.o
                0x0000000008005d0c                HAL_UART_IRQHandler
 .text.UART_Start_Receive_IT
                0x0000000008005f98       0x36 ./Drivers/STM32F4xx_HAL_Driver/Src/stm32f4xx_hal_uart.o
                0x0000000008005f98                UART_Start_Receive_IT
 .text.HAL_UART_Receive_IT
                0x0000000008005fce       0x30 ./Drivers/STM32F4xx_HAL_Driver/Src/stm32f4xx_hal_uart.o
                0x0000000008005fce                HAL_UART_Receive_IT
 *fill*         0x0000000008005ffe        0x2 
 .text.osKernelInitialize
                0x0000000008006000       0x24 ./Middlewares/Third_Party/FreeRTOS/Source/CMSIS_RTOS_V2/cmsis_os2.o
                0x0000000008006000                osKernelInitialize
 .text.osKernelStart
                0x0000000008006024       0x34 ./Middlewares/Third_Party/FreeRTOS/Source/CMSIS_RTOS_V2/cmsis_os2.o
                0x0000000008006024                osKernelStart
 .text.osThreadNew
                0x0000000008006058       0x8e ./Middlewares/Third_Party/FreeRTOS/Source/CMSIS_RTOS_V2/cmsis_os2.o
                0x0000000008006058                osThreadNew
 .text.osDelay  0x00000000080060e6       0x18 ./Middlewares/Third_Party/FreeRTOS/Source/CMSIS_RTOS_V2/cmsis_os2.o
                0x00000000080060e6                osDelay
 *fill*         0x00000000080060fe        0x2 
 .text.vApplicationGetIdleTaskMemory
                0x0000000008006100       0x18 ./Middlewares/Third_Party/FreeRTOS/Source/CMSIS_RTOS_V2/cmsis_os2.o
                0x0000000008006100                vApplicationGetIdleTaskMemory
 .text.vApplicationGetTimerTaskMemory
                0x0000000008006118       0x18 ./Middlewares/Third_Party/FreeRTOS/Source/CMSIS_RTOS_V2/cmsis_os2.o
                0x0000000008006118                vApplicationGetTimerTaskMemory
 .text.vListInitialise
                0x0000000008006130       0x16 ./Middlewares/Third_Party/FreeRTOS/Source/list.o
                0x0000000008006130                vListInitialise
 .text.vListInitialiseItem
                0x0000000008006146        0x6 ./Middlewares/Third_Party/FreeRTOS/Source/list.o
                0x0000000008006146                vListInitialiseItem
 .text.vListInsertEnd
                0x000000000800614c       0x18 ./Middlewares/Third_Party/FreeRTOS/Source/list.o
                0x000000000800614c                vListInsertEnd
 .text.vListInsert
                0x0000000008006164       0x2e ./Middlewares/Third_Party/FreeRTOS/Source/list.o
                0x0000000008006164                vListInsert
 .text.uxListRemove
                0x0000000008006192       0x20 ./Middlewares/Third_Party/FreeRTOS/Source/list.o
                0x0000000008006192                uxListRemove
 .text.prvIsQueueEmpty
                0x00000000080061b2       0x16 ./Middlewares/Third_Party/FreeRTOS/Source/queue.o
 .text.prvCopyDataToQueue
                0x00000000080061c8       0x6a ./Middlewares/Third_Party/FreeRTOS/Source/queue.o
 .text.prvCopyDataFromQueue
                0x0000000008006232       0x2c ./Middlewares/Third_Party/FreeRTOS/Source/queue.o
 .text.prvUnlockQueue
                0x000000000800625e       0x70 ./Middlewares/Third_Party/FreeRTOS/Source/queue.o
 .text.xQueueGenericReset
                0x00000000080062ce       0x7e ./Middlewares/Third_Party/FreeRTOS/Source/queue.o
                0x00000000080062ce                xQueueGenericReset
 .text.xQueueGenericCreateStatic
                0x000000000800634c       0x9c ./Middlewares/Third_Party/FreeRTOS/Source/queue.o
                0x000000000800634c                xQueueGenericCreateStatic
 .text.xQueueGenericSend
                0x00000000080063e8      0x166 ./Middlewares/Third_Party/FreeRTOS/Source/queue.o
                0x00000000080063e8                xQueueGenericSend
 .text.xQueueGenericSendFromISR
                0x000000000800654e       0xc4 ./Middlewares/Third_Party/FreeRTOS/Source/queue.o
                0x000000000800654e                xQueueGenericSendFromISR
 .text.xQueueReceive
                0x0000000008006612      0x13e ./Middlewares/Third_Party/FreeRTOS/Source/queue.o
                0x0000000008006612                xQueueReceive
 .text.vQueueAddToRegistry
                0x0000000008006750       0x24 ./Middlewares/Third_Party/FreeRTOS/Source/queue.o
                0x0000000008006750                vQueueAddToRegistry
 .text.vQueueWaitForMessageRestricted
                0x0000000008006774       0x46 ./Middlewares/Third_Party/FreeRTOS/Source/queue.o
                0x0000000008006774                vQueueWaitForMessageRestricted
 *fill*         0x00000000080067ba        0x2 
 .text.prvAddNewTaskToReadyList
                0x00000000080067bc      0x100 ./Middlewares/Third_Party/FreeRTOS/Source/tasks.o
 .text.prvAddCurrentTaskToDelayedList
                0x00000000080068bc       0x70 ./Middlewares/Third_Party/FreeRTOS/Source/tasks.o
 .text.prvResetNextTaskUnblockTime
                0x000000000800692c       0x24 ./Middlewares/Third_Party/FreeRTOS/Source/tasks.o
 .text.prvDeleteTCB
                0x0000000008006950       0x3c ./Middlewares/Third_Party/FreeRTOS/Source/tasks.o
 .text.prvIdleTask
                0x000000000800698c       0x60 ./Middlewares/Third_Party/FreeRTOS/Source/tasks.o
 .text.prvInitialiseNewTask.constprop.0
                0x00000000080069ec       0xbc ./Middlewares/Third_Party/FreeRTOS/Source/tasks.o
 .text.xTaskCreateStatic
                0x0000000008006aa8       0x70 ./Middlewares/Third_Party/FreeRTOS/Source/tasks.o
                0x0000000008006aa8                xTaskCreateStatic
 .text.xTaskCreate
                0x0000000008006b18       0x5a ./Middlewares/Third_Party/FreeRTOS/Source/tasks.o
                0x0000000008006b18                xTaskCreate
 *fill*         0x0000000008006b72        0x2 
 .text.vTaskStartScheduler
                0x0000000008006b74       0xa0 ./Middlewares/Third_Party/FreeRTOS/Source/tasks.o
                0x0000000008006b74                vTaskStartScheduler
 .text.vTaskSuspendAll
                0x0000000008006c14       0x10 ./Middlewares/Third_Party/FreeRTOS/Source/tasks.o
                0x0000000008006c14                vTaskSuspendAll
 .text.xTaskGetTickCount
                0x0000000008006c24        0xc ./Middlewares/Third_Party/FreeRTOS/Source/tasks.o
                0x0000000008006c24                xTaskGetTickCount
 .text.xTaskIncrementTick
                0x0000000008006c30      0x12c ./Middlewares/Third_Party/FreeRTOS/Source/tasks.o
                0x0000000008006c30                xTaskIncrementTick
 .text.xTaskResumeAll
                0x0000000008006d5c       0xe8 ./Middlewares/Third_Party/FreeRTOS/Source/tasks.o
                0x0000000008006d5c                xTaskResumeAll
 .text.vTaskDelay
                0x0000000008006e44       0x48 ./Middlewares/Third_Party/FreeRTOS/Source/tasks.o
                0x0000000008006e44                vTaskDelay
 .text.vTaskSwitchContext
                0x0000000008006e8c       0x80 ./Middlewares/Third_Party/FreeRTOS/Source/tasks.o
                0x0000000008006e8c                vTaskSwitchContext
 .text.vTaskPlaceOnEventList
                0x0000000008006f0c       0x34 ./Middlewares/Third_Party/FreeRTOS/Source/tasks.o
                0x0000000008006f0c                vTaskPlaceOnEventList
 .text.vTaskPlaceOnEventListRestricted
                0x0000000008006f40       0x3c ./Middlewares/Third_Party/FreeRTOS/Source/tasks.o
                0x0000000008006f40                vTaskPlaceOnEventListRestricted
 .text.xTaskRemoveFromEventList
                0x0000000008006f7c       0x88 ./Middlewares/Third_Party/FreeRTOS/Source/tasks.o
                0x0000000008006f7c                xTaskRemoveFromEventList
 .text.vTaskInternalSetTimeOutState
                0x0000000008007004       0x18 ./Middlewares/Third_Party/FreeRTOS/Source/tasks.o
                0x0000000008007004                vTaskInternalSetTimeOutState
 .text.xTaskCheckForTimeOut
                0x000000000800701c       0x78 ./Middlewares/Third_Party/FreeRTOS/Source/tasks.o
                0x000000000800701c                xTaskCheckForTimeOut
 .text.vTaskMissedYield
                0x0000000008007094        0xc ./Middlewares/Third_Party/FreeRTOS/Source/tasks.o
                0x0000000008007094                vTaskMissedYield
 .text.xTaskGetSchedulerState
                0x00000000080070a0       0x20 ./Middlewares/Third_Party/FreeRTOS/Source/tasks.o
                0x00000000080070a0                xTaskGetSchedulerState
 .text.xTaskPriorityDisinherit
                0x00000000080070c0       0x88 ./Middlewares/Third_Party/FreeRTOS/Source/tasks.o
                0x00000000080070c0                xTaskPriorityDisinherit
 .text.prvCheckForValidListAndQueue
                0x0000000008007148       0x68 ./Middlewares/Third_Party/FreeRTOS/Source/timers.o
 .text.prvInsertTimerInActiveList
                0x00000000080071b0       0x3c ./Middlewares/Third_Party/FreeRTOS/Source/timers.o
 .text.xTimerCreateTimerTask
                0x00000000080071ec       0x64 ./Middlewares/Third_Party/FreeRTOS/Source/timers.o
                0x00000000080071ec                xTimerCreateTimerTask
 .text.xTimerGenericCommand
                0x0000000008007250       0x58 ./Middlewares/Third_Party/FreeRTOS/Source/timers.o
                0x0000000008007250                xTimerGenericCommand
 .text.prvSampleTimeNow
                0x00000000080072a8       0xac ./Middlewares/Third_Party/FreeRTOS/Source/timers.o
 .text.prvTimerTask
                0x0000000008007354      0x1cc ./Middlewares/Third_Party/FreeRTOS/Source/timers.o
 .text.prvPortStartFirstTask
                0x0000000008007520       0x28 ./Middlewares/Third_Party/FreeRTOS/Source/portable/GCC/ARM_CM4F/port.o
 .text.vPortEnableVFP
                0x0000000008007548       0x14 ./Middlewares/Third_Party/FreeRTOS/Source/portable/GCC/ARM_CM4F/port.o
 .text.prvTaskExitError
                0x000000000800755c       0x40 ./Middlewares/Third_Party/FreeRTOS/Source/portable/GCC/ARM_CM4F/port.o
 .text.pxPortInitialiseStack
                0x000000000800759c       0x2c ./Middlewares/Third_Party/FreeRTOS/Source/portable/GCC/ARM_CM4F/port.o
                0x000000000800759c                pxPortInitialiseStack
 *fill*         0x00000000080075c8        0x8 
 .text.SVC_Handler
                0x00000000080075d0       0x24 ./Middlewares/Third_Party/FreeRTOS/Source/portable/GCC/ARM_CM4F/port.o
                0x00000000080075d0                SVC_Handler
 .text.vPortEnterCritical
                0x00000000080075f4       0x40 ./Middlewares/Third_Party/FreeRTOS/Source/portable/GCC/ARM_CM4F/port.o
                0x00000000080075f4                vPortEnterCritical
 .text.vPortExitCritical
                0x0000000008007634       0x28 ./Middlewares/Third_Party/FreeRTOS/Source/portable/GCC/ARM_CM4F/port.o
                0x0000000008007634                vPortExitCritical
 *fill*         0x000000000800765c        0x4 
 .text.PendSV_Handler
                0x0000000008007660       0x64 ./Middlewares/Third_Party/FreeRTOS/Source/portable/GCC/ARM_CM4F/port.o
                0x0000000008007660                PendSV_Handler
 .text.xPortSysTickHandler
                0x00000000080076c4       0x2c ./Middlewares/Third_Party/FreeRTOS/Source/portable/GCC/ARM_CM4F/port.o
                0x00000000080076c4                xPortSysTickHandler
 .text.vPortSetupTimerInterrupt
                0x00000000080076f0       0x24 ./Middlewares/Third_Party/FreeRTOS/Source/portable/GCC/ARM_CM4F/port.o
                0x00000000080076f0                vPortSetupTimerInterrupt
 .text.xPortStartScheduler
                0x0000000008007714      0x10c ./Middlewares/Third_Party/FreeRTOS/Source/portable/GCC/ARM_CM4F/port.o
                0x0000000008007714                xPortStartScheduler
 .text.vPortValidateInterruptPriority
                0x0000000008007820       0x5c ./Middlewares/Third_Party/FreeRTOS/Source/portable/GCC/ARM_CM4F/port.o
                0x0000000008007820                vPortValidateInterruptPriority
 .text.prvInsertBlockIntoFreeList
                0x000000000800787c       0x4c ./Middlewares/Third_Party/FreeRTOS/Source/portable/MemMang/heap_4.o
 .text.pvPortMalloc
                0x00000000080078c8      0x130 ./Middlewares/Third_Party/FreeRTOS/Source/portable/MemMang/heap_4.o
                0x00000000080078c8                pvPortMalloc
 .text.vPortFree
                0x00000000080079f8       0x7c ./Middlewares/Third_Party/FreeRTOS/Source/portable/MemMang/heap_4.o
                0x00000000080079f8                vPortFree
 .text.sprintf  0x0000000008007a74       0x40 C:/Users/leozk/Documents/STM32CubeIDE_1.10.0/STM32CubeIDE/plugins/com.st.stm32cube.ide.mcu.externaltools.gnu-tools-for-stm32.11.3.rel1.win32_1.1.0.202305231506/tools/bin/../lib/gcc/arm-none-eabi/11.3.1/../../../../arm-none-eabi/lib/thumb/v7e-m+fp/hard\libc_nano.a(libc_a-sprintf.o)
                0x0000000008007a74                siprintf
                0x0000000008007a74                sprintf
 .text.memset   0x0000000008007ab4       0x10 C:/Users/leozk/Documents/STM32CubeIDE_1.10.0/STM32CubeIDE/plugins/com.st.stm32cube.ide.mcu.externaltools.gnu-tools-for-stm32.11.3.rel1.win32_1.1.0.202305231506/tools/bin/../lib/gcc/arm-none-eabi/11.3.1/../../../../arm-none-eabi/lib/thumb/v7e-m+fp/hard\libc_nano.a(libc_a-memset.o)
                0x0000000008007ab4                memset
 .text._reclaim_reent
                0x0000000008007ac4       0xac C:/Users/leozk/Documents/STM32CubeIDE_1.10.0/STM32CubeIDE/plugins/com.st.stm32cube.ide.mcu.externaltools.gnu-tools-for-stm32.11.3.rel1.win32_1.1.0.202305231506/tools/bin/../lib/gcc/arm-none-eabi/11.3.1/../../../../arm-none-eabi/lib/thumb/v7e-m+fp/hard\libc_nano.a(libc_a-reent.o)
                0x0000000008007ac4                _reclaim_reent
 .text.__errno  0x0000000008007b70        0xc C:/Users/leozk/Documents/STM32CubeIDE_1.10.0/STM32CubeIDE/plugins/com.st.stm32cube.ide.mcu.externaltools.gnu-tools-for-stm32.11.3.rel1.win32_1.1.0.202305231506/tools/bin/../lib/gcc/arm-none-eabi/11.3.1/../../../../arm-none-eabi/lib/thumb/v7e-m+fp/hard\libc_nano.a(libc_a-errno.o)
                0x0000000008007b70                __errno
 .text.__libc_init_array
                0x0000000008007b7c       0x48 C:/Users/leozk/Documents/STM32CubeIDE_1.10.0/STM32CubeIDE/plugins/com.st.stm32cube.ide.mcu.externaltools.gnu-tools-for-stm32.11.3.rel1.win32_1.1.0.202305231506/tools/bin/../lib/gcc/arm-none-eabi/11.3.1/../../../../arm-none-eabi/lib/thumb/v7e-m+fp/hard\libc_nano.a(libc_a-init.o)
                0x0000000008007b7c                __libc_init_array
 .text.__retarget_lock_acquire_recursive
                0x0000000008007bc4        0x2 C:/Users/leozk/Documents/STM32CubeIDE_1.10.0/STM32CubeIDE/plugins/com.st.stm32cube.ide.mcu.externaltools.gnu-tools-for-stm32.11.3.rel1.win32_1.1.0.202305231506/tools/bin/../lib/gcc/arm-none-eabi/11.3.1/../../../../arm-none-eabi/lib/thumb/v7e-m+fp/hard\libc_nano.a(libc_a-lock.o)
                0x0000000008007bc4                __retarget_lock_acquire_recursive
 .text.__retarget_lock_release_recursive
                0x0000000008007bc6        0x2 C:/Users/leozk/Documents/STM32CubeIDE_1.10.0/STM32CubeIDE/plugins/com.st.stm32cube.ide.mcu.externaltools.gnu-tools-for-stm32.11.3.rel1.win32_1.1.0.202305231506/tools/bin/../lib/gcc/arm-none-eabi/11.3.1/../../../../arm-none-eabi/lib/thumb/v7e-m+fp/hard\libc_nano.a(libc_a-lock.o)
                0x0000000008007bc6                __retarget_lock_release_recursive
 .text.strcpy   0x0000000008007bc8       0x10 C:/Users/leozk/Documents/STM32CubeIDE_1.10.0/STM32CubeIDE/plugins/com.st.stm32cube.ide.mcu.externaltools.gnu-tools-for-stm32.11.3.rel1.win32_1.1.0.202305231506/tools/bin/../lib/gcc/arm-none-eabi/11.3.1/../../../../arm-none-eabi/lib/thumb/v7e-m+fp/hard\libc_nano.a(libc_a-strcpy.o)
                0x0000000008007bc8                strcpy
 .text.memcpy   0x0000000008007bd8       0x1c C:/Users/leozk/Documents/STM32CubeIDE_1.10.0/STM32CubeIDE/plugins/com.st.stm32cube.ide.mcu.externaltools.gnu-tools-for-stm32.11.3.rel1.win32_1.1.0.202305231506/tools/bin/../lib/gcc/arm-none-eabi/11.3.1/../../../../arm-none-eabi/lib/thumb/v7e-m+fp/hard\libc_nano.a(libc_a-memcpy-stub.o)
                0x0000000008007bd8                memcpy
 .text._free_r  0x0000000008007bf4       0x98 C:/Users/leozk/Documents/STM32CubeIDE_1.10.0/STM32CubeIDE/plugins/com.st.stm32cube.ide.mcu.externaltools.gnu-tools-for-stm32.11.3.rel1.win32_1.1.0.202305231506/tools/bin/../lib/gcc/arm-none-eabi/11.3.1/../../../../arm-none-eabi/lib/thumb/v7e-m+fp/hard\libc_nano.a(libc_a-freer.o)
                0x0000000008007bf4                _free_r
 .text.sbrk_aligned
                0x0000000008007c8c       0x40 C:/Users/leozk/Documents/STM32CubeIDE_1.10.0/STM32CubeIDE/plugins/com.st.stm32cube.ide.mcu.externaltools.gnu-tools-for-stm32.11.3.rel1.win32_1.1.0.202305231506/tools/bin/../lib/gcc/arm-none-eabi/11.3.1/../../../../arm-none-eabi/lib/thumb/v7e-m+fp/hard\libc_nano.a(libc_a-mallocr.o)
 .text._malloc_r
                0x0000000008007ccc      0x100 C:/Users/leozk/Documents/STM32CubeIDE_1.10.0/STM32CubeIDE/plugins/com.st.stm32cube.ide.mcu.externaltools.gnu-tools-for-stm32.11.3.rel1.win32_1.1.0.202305231506/tools/bin/../lib/gcc/arm-none-eabi/11.3.1/../../../../arm-none-eabi/lib/thumb/v7e-m+fp/hard\libc_nano.a(libc_a-mallocr.o)
                0x0000000008007ccc                _malloc_r
 .text.__malloc_lock
                0x0000000008007dcc        0xc C:/Users/leozk/Documents/STM32CubeIDE_1.10.0/STM32CubeIDE/plugins/com.st.stm32cube.ide.mcu.externaltools.gnu-tools-for-stm32.11.3.rel1.win32_1.1.0.202305231506/tools/bin/../lib/gcc/arm-none-eabi/11.3.1/../../../../arm-none-eabi/lib/thumb/v7e-m+fp/hard\libc_nano.a(libc_a-mlock.o)
                0x0000000008007dcc                __malloc_lock
 .text.__malloc_unlock
                0x0000000008007dd8        0xc C:/Users/leozk/Documents/STM32CubeIDE_1.10.0/STM32CubeIDE/plugins/com.st.stm32cube.ide.mcu.externaltools.gnu-tools-for-stm32.11.3.rel1.win32_1.1.0.202305231506/tools/bin/../lib/gcc/arm-none-eabi/11.3.1/../../../../arm-none-eabi/lib/thumb/v7e-m+fp/hard\libc_nano.a(libc_a-mlock.o)
                0x0000000008007dd8                __malloc_unlock
 .text.__ssputs_r
                0x0000000008007de4       0xb4 C:/Users/leozk/Documents/STM32CubeIDE_1.10.0/STM32CubeIDE/plugins/com.st.stm32cube.ide.mcu.externaltools.gnu-tools-for-stm32.11.3.rel1.win32_1.1.0.202305231506/tools/bin/../lib/gcc/arm-none-eabi/11.3.1/../../../../arm-none-eabi/lib/thumb/v7e-m+fp/hard\libc_nano.a(libc_a-nano-svfprintf.o)
                0x0000000008007de4                __ssputs_r
 .text._svfprintf_r
                0x0000000008007e98      0x1fc C:/Users/leozk/Documents/STM32CubeIDE_1.10.0/STM32CubeIDE/plugins/com.st.stm32cube.ide.mcu.externaltools.gnu-tools-for-stm32.11.3.rel1.win32_1.1.0.202305231506/tools/bin/../lib/gcc/arm-none-eabi/11.3.1/../../../../arm-none-eabi/lib/thumb/v7e-m+fp/hard\libc_nano.a(libc_a-nano-svfprintf.o)
                0x0000000008007e98                _svfiprintf_r
                0x0000000008007e98                _svfprintf_r
 .text._printf_common
                0x0000000008008094       0xda C:/Users/leozk/Documents/STM32CubeIDE_1.10.0/STM32CubeIDE/plugins/com.st.stm32cube.ide.mcu.externaltools.gnu-tools-for-stm32.11.3.rel1.win32_1.1.0.202305231506/tools/bin/../lib/gcc/arm-none-eabi/11.3.1/../../../../arm-none-eabi/lib/thumb/v7e-m+fp/hard\libc_nano.a(libc_a-nano-vfprintf_i.o)
                0x0000000008008094                _printf_common
 *fill*         0x000000000800816e        0x2 
 .text._printf_i
                0x0000000008008170      0x244 C:/Users/leozk/Documents/STM32CubeIDE_1.10.0/STM32CubeIDE/plugins/com.st.stm32cube.ide.mcu.externaltools.gnu-tools-for-stm32.11.3.rel1.win32_1.1.0.202305231506/tools/bin/../lib/gcc/arm-none-eabi/11.3.1/../../../../arm-none-eabi/lib/thumb/v7e-m+fp/hard\libc_nano.a(libc_a-nano-vfprintf_i.o)
                0x0000000008008170                _printf_i
 .text.memmove  0x00000000080083b4       0x34 C:/Users/leozk/Documents/STM32CubeIDE_1.10.0/STM32CubeIDE/plugins/com.st.stm32cube.ide.mcu.externaltools.gnu-tools-for-stm32.11.3.rel1.win32_1.1.0.202305231506/tools/bin/../lib/gcc/arm-none-eabi/11.3.1/../../../../arm-none-eabi/lib/thumb/v7e-m+fp/hard\libc_nano.a(libc_a-memmove.o)
                0x00000000080083b4                memmove
 .text._sbrk_r  0x00000000080083e8       0x20 C:/Users/leozk/Documents/STM32CubeIDE_1.10.0/STM32CubeIDE/plugins/com.st.stm32cube.ide.mcu.externaltools.gnu-tools-for-stm32.11.3.rel1.win32_1.1.0.202305231506/tools/bin/../lib/gcc/arm-none-eabi/11.3.1/../../../../arm-none-eabi/lib/thumb/v7e-m+fp/hard\libc_nano.a(libc_a-sbrkr.o)
                0x00000000080083e8                _sbrk_r
 .text._realloc_r
                0x0000000008008408       0x5e C:/Users/leozk/Documents/STM32CubeIDE_1.10.0/STM32CubeIDE/plugins/com.st.stm32cube.ide.mcu.externaltools.gnu-tools-for-stm32.11.3.rel1.win32_1.1.0.202305231506/tools/bin/../lib/gcc/arm-none-eabi/11.3.1/../../../../arm-none-eabi/lib/thumb/v7e-m+fp/hard\libc_nano.a(libc_a-reallocr.o)
                0x0000000008008408                _realloc_r
 .text._malloc_usable_size_r
                0x0000000008008466       0x10 C:/Users/leozk/Documents/STM32CubeIDE_1.10.0/STM32CubeIDE/plugins/com.st.stm32cube.ide.mcu.externaltools.gnu-tools-for-stm32.11.3.rel1.win32_1.1.0.202305231506/tools/bin/../lib/gcc/arm-none-eabi/11.3.1/../../../../arm-none-eabi/lib/thumb/v7e-m+fp/hard\libc_nano.a(libc_a-msizer.o)
                0x0000000008008466                _malloc_usable_size_r
 *fill*         0x0000000008008476        0x2 
 .text.pow      0x0000000008008478       0xe0 C:/Users/leozk/Documents/STM32CubeIDE_1.10.0/STM32CubeIDE/plugins/com.st.stm32cube.ide.mcu.externaltools.gnu-tools-for-stm32.11.3.rel1.win32_1.1.0.202305231506/tools/bin/../lib/gcc/arm-none-eabi/11.3.1/../../../../arm-none-eabi/lib/thumb/v7e-m+fp/hard\libm.a(libm_a-w_pow.o)
                0x0000000008008478                pow
 .text.finite   0x0000000008008558       0x16 C:/Users/leozk/Documents/STM32CubeIDE_1.10.0/STM32CubeIDE/plugins/com.st.stm32cube.ide.mcu.externaltools.gnu-tools-for-stm32.11.3.rel1.win32_1.1.0.202305231506/tools/bin/../lib/gcc/arm-none-eabi/11.3.1/../../../../arm-none-eabi/lib/thumb/v7e-m+fp/hard\libm.a(libm_a-s_finite.o)
                0x0000000008008558                finite
 *fill*         0x000000000800856e        0x2 
 .text.roundf   0x0000000008008570       0x48 C:/Users/leozk/Documents/STM32CubeIDE_1.10.0/STM32CubeIDE/plugins/com.st.stm32cube.ide.mcu.externaltools.gnu-tools-for-stm32.11.3.rel1.win32_1.1.0.202305231506/tools/bin/../lib/gcc/arm-none-eabi/11.3.1/../../../../arm-none-eabi/lib/thumb/v7e-m+fp/hard\libm.a(libm_a-sf_round.o)
                0x0000000008008570                roundf
 .text.__ieee754_pow
                0x00000000080085b8      0xa54 C:/Users/leozk/Documents/STM32CubeIDE_1.10.0/STM32CubeIDE/plugins/com.st.stm32cube.ide.mcu.externaltools.gnu-tools-for-stm32.11.3.rel1.win32_1.1.0.202305231506/tools/bin/../lib/gcc/arm-none-eabi/11.3.1/../../../../arm-none-eabi/lib/thumb/v7e-m+fp/hard\libm.a(libm_a-e_pow.o)
                0x00000000080085b8                __ieee754_pow
 .text.fabs     0x000000000800900c       0x12 C:/Users/leozk/Documents/STM32CubeIDE_1.10.0/STM32CubeIDE/plugins/com.st.stm32cube.ide.mcu.externaltools.gnu-tools-for-stm32.11.3.rel1.win32_1.1.0.202305231506/tools/bin/../lib/gcc/arm-none-eabi/11.3.1/../../../../arm-none-eabi/lib/thumb/v7e-m+fp/hard\libm.a(libm_a-s_fabs.o)
                0x000000000800900c                fabs
 *fill*         0x000000000800901e        0x2 
 .text.scalbn   0x0000000008009020       0xfc C:/Users/leozk/Documents/STM32CubeIDE_1.10.0/STM32CubeIDE/plugins/com.st.stm32cube.ide.mcu.externaltools.gnu-tools-for-stm32.11.3.rel1.win32_1.1.0.202305231506/tools/bin/../lib/gcc/arm-none-eabi/11.3.1/../../../../arm-none-eabi/lib/thumb/v7e-m+fp/hard\libm.a(libm_a-s_scalbn.o)
                0x0000000008009020                scalbn
 .text.with_errno
                0x000000000800911c       0x14 C:/Users/leozk/Documents/STM32CubeIDE_1.10.0/STM32CubeIDE/plugins/com.st.stm32cube.ide.mcu.externaltools.gnu-tools-for-stm32.11.3.rel1.win32_1.1.0.202305231506/tools/bin/../lib/gcc/arm-none-eabi/11.3.1/../../../../arm-none-eabi/lib/thumb/v7e-m+fp/hard\libm.a(libm_a-math_err.o)
 .text.xflow    0x0000000008009130       0x28 C:/Users/leozk/Documents/STM32CubeIDE_1.10.0/STM32CubeIDE/plugins/com.st.stm32cube.ide.mcu.externaltools.gnu-tools-for-stm32.11.3.rel1.win32_1.1.0.202305231506/tools/bin/../lib/gcc/arm-none-eabi/11.3.1/../../../../arm-none-eabi/lib/thumb/v7e-m+fp/hard\libm.a(libm_a-math_err.o)
 .text.__math_uflow
                0x0000000008009158       0x12 C:/Users/leozk/Documents/STM32CubeIDE_1.10.0/STM32CubeIDE/plugins/com.st.stm32cube.ide.mcu.externaltools.gnu-tools-for-stm32.11.3.rel1.win32_1.1.0.202305231506/tools/bin/../lib/gcc/arm-none-eabi/11.3.1/../../../../arm-none-eabi/lib/thumb/v7e-m+fp/hard\libm.a(libm_a-math_err.o)
                0x0000000008009158                __math_uflow
 .text.__math_oflow
                0x000000000800916a       0x12 C:/Users/leozk/Documents/STM32CubeIDE_1.10.0/STM32CubeIDE/plugins/com.st.stm32cube.ide.mcu.externaltools.gnu-tools-for-stm32.11.3.rel1.win32_1.1.0.202305231506/tools/bin/../lib/gcc/arm-none-eabi/11.3.1/../../../../arm-none-eabi/lib/thumb/v7e-m+fp/hard\libm.a(libm_a-math_err.o)
                0x000000000800916a                __math_oflow
 .text.__ieee754_sqrt
                0x000000000800917c      0x1b4 C:/Users/leozk/Documents/STM32CubeIDE_1.10.0/STM32CubeIDE/plugins/com.st.stm32cube.ide.mcu.externaltools.gnu-tools-for-stm32.11.3.rel1.win32_1.1.0.202305231506/tools/bin/../lib/gcc/arm-none-eabi/11.3.1/../../../../arm-none-eabi/lib/thumb/v7e-m+fp/hard\libm.a(libm_a-e_sqrt.o)
                0x000000000800917c                __ieee754_sqrt
 *(.glue_7)
 .glue_7        0x0000000008009330        0x0 linker stubs
 *(.glue_7t)
 .glue_7t       0x0000000008009330        0x0 linker stubs
 *(.eh_frame)
 .eh_frame      0x0000000008009330        0x0 C:/Users/leozk/Documents/STM32CubeIDE_1.10.0/STM32CubeIDE/plugins/com.st.stm32cube.ide.mcu.externaltools.gnu-tools-for-stm32.11.3.rel1.win32_1.1.0.202305231506/tools/bin/../lib/gcc/arm-none-eabi/11.3.1/thumb/v7e-m+fp/hard/crtbegin.o
 *(.init)
 .init          0x0000000008009330        0x4 C:/Users/leozk/Documents/STM32CubeIDE_1.10.0/STM32CubeIDE/plugins/com.st.stm32cube.ide.mcu.externaltools.gnu-tools-for-stm32.11.3.rel1.win32_1.1.0.202305231506/tools/bin/../lib/gcc/arm-none-eabi/11.3.1/thumb/v7e-m+fp/hard/crti.o
                0x0000000008009330                _init
 .init          0x0000000008009334        0x8 C:/Users/leozk/Documents/STM32CubeIDE_1.10.0/STM32CubeIDE/plugins/com.st.stm32cube.ide.mcu.externaltools.gnu-tools-for-stm32.11.3.rel1.win32_1.1.0.202305231506/tools/bin/../lib/gcc/arm-none-eabi/11.3.1/thumb/v7e-m+fp/hard/crtn.o
 *(.fini)
 .fini          0x000000000800933c        0x4 C:/Users/leozk/Documents/STM32CubeIDE_1.10.0/STM32CubeIDE/plugins/com.st.stm32cube.ide.mcu.externaltools.gnu-tools-for-stm32.11.3.rel1.win32_1.1.0.202305231506/tools/bin/../lib/gcc/arm-none-eabi/11.3.1/thumb/v7e-m+fp/hard/crti.o
                0x000000000800933c                _fini
 .fini          0x0000000008009340        0x8 C:/Users/leozk/Documents/STM32CubeIDE_1.10.0/STM32CubeIDE/plugins/com.st.stm32cube.ide.mcu.externaltools.gnu-tools-for-stm32.11.3.rel1.win32_1.1.0.202305231506/tools/bin/../lib/gcc/arm-none-eabi/11.3.1/thumb/v7e-m+fp/hard/crtn.o
                0x0000000008009348                . = ALIGN (0x4)
                0x0000000008009348                _etext = .

.vfp11_veneer   0x0000000008009348        0x0
 .vfp11_veneer  0x0000000008009348        0x0 linker stubs

.v4_bx          0x0000000008009348        0x0
 .v4_bx         0x0000000008009348        0x0 linker stubs

.iplt           0x0000000008009348        0x0
 .iplt          0x0000000008009348        0x0 C:/Users/leozk/Documents/STM32CubeIDE_1.10.0/STM32CubeIDE/plugins/com.st.stm32cube.ide.mcu.externaltools.gnu-tools-for-stm32.11.3.rel1.win32_1.1.0.202305231506/tools/bin/../lib/gcc/arm-none-eabi/11.3.1/thumb/v7e-m+fp/hard/crtbegin.o

.rodata         0x0000000008009348      0xd18
                0x0000000008009348                . = ALIGN (0x4)
 *(.rodata)
 .rodata        0x0000000008009348       0x4e ./Core/Src/main.o
 *(.rodata*)
 .rodata.StartJukeTask.str1.1
                0x0000000008009396       0x1d ./Core/Src/main.o
 .rodata.str1.1
                0x00000000080093b3       0x74 ./Core/Src/main.o
 *fill*         0x0000000008009427        0x1 
 .rodata.bulleyesTask_attributes
                0x0000000008009428       0x24 ./Core/Src/main.o
                0x0000000008009428                bulleyesTask_attributes
 .rodata.defaultTask_attributes
                0x000000000800944c       0x24 ./Core/Src/main.o
                0x000000000800944c                defaultTask_attributes
 .rodata.encoderLeftTask_attributes
                0x0000000008009470       0x24 ./Core/Src/main.o
                0x0000000008009470                encoderLeftTask_attributes
 .rodata.encoderRightTas_attributes
                0x0000000008009494       0x24 ./Core/Src/main.o
                0x0000000008009494                encoderRightTas_attributes
 .rodata.gyroTask_attributes
                0x00000000080094b8       0x24 ./Core/Src/main.o
                0x00000000080094b8                gyroTask_attributes
 .rodata.jukeTask_attributes
                0x00000000080094dc       0x24 ./Core/Src/main.o
                0x00000000080094dc                jukeTask_attributes
 .rodata.motorTask_attributes
                0x0000000008009500       0x24 ./Core/Src/main.o
                0x0000000008009500                motorTask_attributes
 .rodata.oledTask_attributes
                0x0000000008009524       0x24 ./Core/Src/main.o
                0x0000000008009524                oledTask_attributes
 .rodata.rpiTask_attributes
                0x0000000008009548       0x24 ./Core/Src/main.o
                0x0000000008009548                rpiTask_attributes
 .rodata.AHBPrescTable
                0x000000000800956c       0x10 ./Core/Src/system_stm32f4xx.o
                0x000000000800956c                AHBPrescTable
 .rodata.APBPrescTable
                0x000000000800957c        0x8 ./Core/Src/system_stm32f4xx.o
                0x000000000800957c                APBPrescTable
 .rodata.oled_asc2_1206
                0x0000000008009584      0x474 ./Drivers/PeripheralDriver/Src/oled.o
                0x0000000008009584                oled_asc2_1206
 .rodata.oled_asc2_1608
                0x00000000080099f8      0x5f0 ./Drivers/PeripheralDriver/Src/oled.o
                0x00000000080099f8                oled_asc2_1608
 .rodata.vTaskStartScheduler.str1.1
                0x0000000008009fe8        0x5 ./Middlewares/Third_Party/FreeRTOS/Source/tasks.o
 .rodata.prvCheckForValidListAndQueue.str1.1
                0x0000000008009fed        0x5 ./Middlewares/Third_Party/FreeRTOS/Source/timers.o
 .rodata.xTimerCreateTimerTask.str1.1
                0x0000000008009ff2        0x8 ./Middlewares/Third_Party/FreeRTOS/Source/timers.o
 .rodata._svfprintf_r.str1.1
                0x0000000008009ffa       0x11 C:/Users/leozk/Documents/STM32CubeIDE_1.10.0/STM32CubeIDE/plugins/com.st.stm32cube.ide.mcu.externaltools.gnu-tools-for-stm32.11.3.rel1.win32_1.1.0.202305231506/tools/bin/../lib/gcc/arm-none-eabi/11.3.1/../../../../arm-none-eabi/lib/thumb/v7e-m+fp/hard\libc_nano.a(libc_a-nano-svfprintf.o)
 .rodata._printf_i.str1.1
                0x000000000800a00b       0x22 C:/Users/leozk/Documents/STM32CubeIDE_1.10.0/STM32CubeIDE/plugins/com.st.stm32cube.ide.mcu.externaltools.gnu-tools-for-stm32.11.3.rel1.win32_1.1.0.202305231506/tools/bin/../lib/gcc/arm-none-eabi/11.3.1/../../../../arm-none-eabi/lib/thumb/v7e-m+fp/hard\libc_nano.a(libc_a-nano-vfprintf_i.o)
 *fill*         0x000000000800a02d        0x3 
 .rodata.bp     0x000000000800a030       0x10 C:/Users/leozk/Documents/STM32CubeIDE_1.10.0/STM32CubeIDE/plugins/com.st.stm32cube.ide.mcu.externaltools.gnu-tools-for-stm32.11.3.rel1.win32_1.1.0.202305231506/tools/bin/../lib/gcc/arm-none-eabi/11.3.1/../../../../arm-none-eabi/lib/thumb/v7e-m+fp/hard\libm.a(libm_a-e_pow.o)
 .rodata.dp_h   0x000000000800a040       0x10 C:/Users/leozk/Documents/STM32CubeIDE_1.10.0/STM32CubeIDE/plugins/com.st.stm32cube.ide.mcu.externaltools.gnu-tools-for-stm32.11.3.rel1.win32_1.1.0.202305231506/tools/bin/../lib/gcc/arm-none-eabi/11.3.1/../../../../arm-none-eabi/lib/thumb/v7e-m+fp/hard\libm.a(libm_a-e_pow.o)
 .rodata.dp_l   0x000000000800a050       0x10 C:/Users/leozk/Documents/STM32CubeIDE_1.10.0/STM32CubeIDE/plugins/com.st.stm32cube.ide.mcu.externaltools.gnu-tools-for-stm32.11.3.rel1.win32_1.1.0.202305231506/tools/bin/../lib/gcc/arm-none-eabi/11.3.1/../../../../arm-none-eabi/lib/thumb/v7e-m+fp/hard\libm.a(libm_a-e_pow.o)
                0x000000000800a060                . = ALIGN (0x4)

.ARM.extab      0x000000000800a060        0x0
                0x000000000800a060                . = ALIGN (0x4)
 *(.ARM.extab* .gnu.linkonce.armextab.*)
                0x000000000800a060                . = ALIGN (0x4)

.ARM            0x000000000800a060        0x8
                0x000000000800a060                . = ALIGN (0x4)
                0x000000000800a060                __exidx_start = .
 *(.ARM.exidx*)
 .ARM.exidx     0x000000000800a060        0x8 C:/Users/leozk/Documents/STM32CubeIDE_1.10.0/STM32CubeIDE/plugins/com.st.stm32cube.ide.mcu.externaltools.gnu-tools-for-stm32.11.3.rel1.win32_1.1.0.202305231506/tools/bin/../lib/gcc/arm-none-eabi/11.3.1/thumb/v7e-m+fp/hard\libgcc.a(_udivmoddi4.o)
                0x000000000800a068                __exidx_end = .
                0x000000000800a068                . = ALIGN (0x4)

.rel.dyn        0x000000000800a068        0x0
 .rel.iplt      0x000000000800a068        0x0 C:/Users/leozk/Documents/STM32CubeIDE_1.10.0/STM32CubeIDE/plugins/com.st.stm32cube.ide.mcu.externaltools.gnu-tools-for-stm32.11.3.rel1.win32_1.1.0.202305231506/tools/bin/../lib/gcc/arm-none-eabi/11.3.1/thumb/v7e-m+fp/hard/crtbegin.o

.preinit_array  0x000000000800a068        0x0
                0x000000000800a068                . = ALIGN (0x4)
                0x000000000800a068                PROVIDE (__preinit_array_start = .)
 *(.preinit_array*)
                0x000000000800a068                PROVIDE (__preinit_array_end = .)
                0x000000000800a068                . = ALIGN (0x4)

.init_array     0x000000000800a068        0x4
                0x000000000800a068                . = ALIGN (0x4)
                0x000000000800a068                PROVIDE (__init_array_start = .)
 *(SORT_BY_NAME(.init_array.*))
 *(.init_array*)
 .init_array    0x000000000800a068        0x4 C:/Users/leozk/Documents/STM32CubeIDE_1.10.0/STM32CubeIDE/plugins/com.st.stm32cube.ide.mcu.externaltools.gnu-tools-for-stm32.11.3.rel1.win32_1.1.0.202305231506/tools/bin/../lib/gcc/arm-none-eabi/11.3.1/thumb/v7e-m+fp/hard/crtbegin.o
                0x000000000800a06c                PROVIDE (__init_array_end = .)
                0x000000000800a06c                . = ALIGN (0x4)

.fini_array     0x000000000800a06c        0x4
                0x000000000800a06c                . = ALIGN (0x4)
                [!provide]                        PROVIDE (__fini_array_start = .)
 *(SORT_BY_NAME(.fini_array.*))
 *(.fini_array*)
 .fini_array    0x000000000800a06c        0x4 C:/Users/leozk/Documents/STM32CubeIDE_1.10.0/STM32CubeIDE/plugins/com.st.stm32cube.ide.mcu.externaltools.gnu-tools-for-stm32.11.3.rel1.win32_1.1.0.202305231506/tools/bin/../lib/gcc/arm-none-eabi/11.3.1/thumb/v7e-m+fp/hard/crtbegin.o
                [!provide]                        PROVIDE (__fini_array_end = .)
                0x000000000800a070                . = ALIGN (0x4)
                0x000000000800a070                _sidata = LOADADDR (.data)

.data           0x0000000020000000       0x88 load address 0x000000000800a070
                0x0000000020000000                . = ALIGN (0x4)
                0x0000000020000000                _sdata = .
 *(.data)
 *(.data*)
 .data.ICMAddress
                0x0000000020000000        0x1 ./Core/Src/main.o
                0x0000000020000000                ICMAddress
 .data.nexttask
                0x0000000020000001        0x1 ./Core/Src/main.o
                0x0000000020000001                nexttask
 *fill*         0x0000000020000002        0x2 
 .data.notdone  0x0000000020000004        0x4 ./Core/Src/main.o
                0x0000000020000004                notdone
 .data.pwmVal_servo
                0x0000000020000008        0x2 ./Core/Src/main.o
                0x0000000020000008                pwmVal_servo
 *fill*         0x000000002000000a        0x2 
 .data.usTargetFUCK
                0x000000002000000c        0x4 ./Core/Src/main.o
                0x000000002000000c                usTargetFUCK
 .data.usflag   0x0000000020000010        0x4 ./Core/Src/main.o
                0x0000000020000010                usflag
 .data.SystemCoreClock
                0x0000000020000014        0x4 ./Core/Src/system_stm32f4xx.o
                0x0000000020000014                SystemCoreClock
 .data.uwTickFreq
                0x0000000020000018        0x1 ./Drivers/STM32F4xx_HAL_Driver/Src/stm32f4xx_hal.o
                0x0000000020000018                uwTickFreq
 *fill*         0x0000000020000019        0x3 
 .data.uwTickPrio
                0x000000002000001c        0x4 ./Drivers/STM32F4xx_HAL_Driver/Src/stm32f4xx_hal.o
                0x000000002000001c                uwTickPrio
 .data.uxCriticalNesting
                0x0000000020000020        0x4 ./Middlewares/Third_Party/FreeRTOS/Source/portable/GCC/ARM_CM4F/port.o
 .data._impure_data
                0x0000000020000024       0x4c C:/Users/leozk/Documents/STM32CubeIDE_1.10.0/STM32CubeIDE/plugins/com.st.stm32cube.ide.mcu.externaltools.gnu-tools-for-stm32.11.3.rel1.win32_1.1.0.202305231506/tools/bin/../lib/gcc/arm-none-eabi/11.3.1/../../../../arm-none-eabi/lib/thumb/v7e-m+fp/hard\libc_nano.a(libc_a-impure.o)
                0x0000000020000024                _impure_data
 .data._impure_ptr
                0x0000000020000070        0x4 C:/Users/leozk/Documents/STM32CubeIDE_1.10.0/STM32CubeIDE/plugins/com.st.stm32cube.ide.mcu.externaltools.gnu-tools-for-stm32.11.3.rel1.win32_1.1.0.202305231506/tools/bin/../lib/gcc/arm-none-eabi/11.3.1/../../../../arm-none-eabi/lib/thumb/v7e-m+fp/hard\libc_nano.a(libc_a-impure.o)
                0x0000000020000070                _impure_ptr
 *fill*         0x0000000020000074        0x4 
 .data.one      0x0000000020000078        0x8 C:/Users/leozk/Documents/STM32CubeIDE_1.10.0/STM32CubeIDE/plugins/com.st.stm32cube.ide.mcu.externaltools.gnu-tools-for-stm32.11.3.rel1.win32_1.1.0.202305231506/tools/bin/../lib/gcc/arm-none-eabi/11.3.1/../../../../arm-none-eabi/lib/thumb/v7e-m+fp/hard\libm.a(libm_a-e_sqrt.o)
 .data.tiny     0x0000000020000080        0x8 C:/Users/leozk/Documents/STM32CubeIDE_1.10.0/STM32CubeIDE/plugins/com.st.stm32cube.ide.mcu.externaltools.gnu-tools-for-stm32.11.3.rel1.win32_1.1.0.202305231506/tools/bin/../lib/gcc/arm-none-eabi/11.3.1/../../../../arm-none-eabi/lib/thumb/v7e-m+fp/hard\libm.a(libm_a-e_sqrt.o)
 *(.RamFunc)
 *(.RamFunc*)
                0x0000000020000088                . = ALIGN (0x4)
                0x0000000020000088                _edata = .
                0x000000000800a0f8                _siccmram = LOADADDR (.ccmram)

.igot.plt       0x0000000020000088        0x0 load address 0x000000000800a0f8
 .igot.plt      0x0000000020000088        0x0 C:/Users/leozk/Documents/STM32CubeIDE_1.10.0/STM32CubeIDE/plugins/com.st.stm32cube.ide.mcu.externaltools.gnu-tools-for-stm32.11.3.rel1.win32_1.1.0.202305231506/tools/bin/../lib/gcc/arm-none-eabi/11.3.1/thumb/v7e-m+fp/hard/crtbegin.o

.ccmram         0x0000000010000000        0x0 load address 0x000000000800a0f8
                0x0000000010000000                . = ALIGN (0x4)
                0x0000000010000000                _sccmram = .
 *(.ccmram)
 *(.ccmram*)
                0x0000000010000000                . = ALIGN (0x4)
                0x0000000010000000                _eccmram = .
                0x0000000010000000                . = ALIGN (0x4)

.bss            0x0000000020000088     0x52e0
                0x0000000020000088                _sbss = .
                0x0000000020000088                __bss_start__ = _sbss
 *(.bss)
 .bss           0x0000000020000088       0x1c C:/Users/leozk/Documents/STM32CubeIDE_1.10.0/STM32CubeIDE/plugins/com.st.stm32cube.ide.mcu.externaltools.gnu-tools-for-stm32.11.3.rel1.win32_1.1.0.202305231506/tools/bin/../lib/gcc/arm-none-eabi/11.3.1/thumb/v7e-m+fp/hard/crtbegin.o
 *(.bss*)
 .bss.ADC_VAL1  0x00000000200000a4        0x4 ./Core/Src/main.o
                0x00000000200000a4                ADC_VAL1
 .bss.ADC_VAL2  0x00000000200000a8        0x4 ./Core/Src/main.o
                0x00000000200000a8                ADC_VAL2
 *fill*         0x00000000200000ac        0x4 
 .bss.Difference
                0x00000000200000b0        0x8 ./Core/Src/main.o
                0x00000000200000b0                Difference
 .bss.Distance  0x00000000200000b8        0x8 ./Core/Src/main.o
                0x00000000200000b8                Distance
 .bss.IC_Val1   0x00000000200000c0        0x4 ./Core/Src/main.o
                0x00000000200000c0                IC_Val1
 .bss.IC_Val2   0x00000000200000c4        0x4 ./Core/Src/main.o
                0x00000000200000c4                IC_Val2
 .bss.Is_First_Captured
                0x00000000200000c8        0x4 ./Core/Src/main.o
                0x00000000200000c8                Is_First_Captured
 .bss.aRxBuffer
                0x00000000200000cc       0x14 ./Core/Src/main.o
                0x00000000200000cc                aRxBuffer
 .bss.bulleyesTaskHandle
                0x00000000200000e0        0x4 ./Core/Src/main.o
                0x00000000200000e0                bulleyesTaskHandle
 .bss.defaultTaskHandle
                0x00000000200000e4        0x4 ./Core/Src/main.o
                0x00000000200000e4                defaultTaskHandle
 .bss.e_brake   0x00000000200000e8        0x4 ./Core/Src/main.o
                0x00000000200000e8                e_brake
 .bss.encoderLeftTaskHandle
                0x00000000200000ec        0x4 ./Core/Src/main.o
                0x00000000200000ec                encoderLeftTaskHandle
 .bss.encoderRightTasHandle
                0x00000000200000f0        0x4 ./Core/Src/main.o
                0x00000000200000f0                encoderRightTasHandle
 .bss.errorcorrection
                0x00000000200000f4        0x4 ./Core/Src/main.o
                0x00000000200000f4                errorcorrection
 .bss.gyroBuffer
                0x00000000200000f8       0x14 ./Core/Src/main.o
                0x00000000200000f8                gyroBuffer
 .bss.gyroTaskHandle
                0x000000002000010c        0x4 ./Core/Src/main.o
                0x000000002000010c                gyroTaskHandle
 .bss.hadc1     0x0000000020000110       0x48 ./Core/Src/main.o
                0x0000000020000110                hadc1
 .bss.hadc2     0x0000000020000158       0x48 ./Core/Src/main.o
                0x0000000020000158                hadc2
 .bss.hi2c1     0x00000000200001a0       0x54 ./Core/Src/main.o
                0x00000000200001a0                hi2c1
 .bss.htim1     0x00000000200001f4       0x48 ./Core/Src/main.o
                0x00000000200001f4                htim1
 .bss.htim2     0x000000002000023c       0x48 ./Core/Src/main.o
                0x000000002000023c                htim2
 .bss.htim3     0x0000000020000284       0x48 ./Core/Src/main.o
                0x0000000020000284                htim3
 .bss.htim4     0x00000000200002cc       0x48 ./Core/Src/main.o
                0x00000000200002cc                htim4
 .bss.htim8     0x0000000020000314       0x48 ./Core/Src/main.o
                0x0000000020000314                htim8
 .bss.huart3    0x000000002000035c       0x44 ./Core/Src/main.o
                0x000000002000035c                huart3
 .bss.irDistance1
                0x00000000200003a0        0x4 ./Core/Src/main.o
                0x00000000200003a0                irDistance1
 .bss.irDistance2
                0x00000000200003a4        0x4 ./Core/Src/main.o
                0x00000000200003a4                irDistance2
 .bss.jukeTaskHandle
                0x00000000200003a8        0x4 ./Core/Src/main.o
                0x00000000200003a8                jukeTaskHandle
 .bss.leftEncoderVal
                0x00000000200003ac        0x4 ./Core/Src/main.o
                0x00000000200003ac                leftEncoderVal
 .bss.leftTarget
                0x00000000200003b0        0x4 ./Core/Src/main.o
                0x00000000200003b0                leftTarget
 .bss.motorTaskHandle
                0x00000000200003b4        0x4 ./Core/Src/main.o
                0x00000000200003b4                motorTaskHandle
 .bss.moveBackLeftRun1
                0x00000000200003b8        0x4 ./Core/Src/main.o
                0x00000000200003b8                moveBackLeftRun1
 .bss.moveBackLeftRun2
                0x00000000200003bc        0x4 ./Core/Src/main.o
                0x00000000200003bc                moveBackLeftRun2
 .bss.moveBackRightRun1
                0x00000000200003c0        0x4 ./Core/Src/main.o
                0x00000000200003c0                moveBackRightRun1
 .bss.moveBackRightRun2
                0x00000000200003c4        0x4 ./Core/Src/main.o
                0x00000000200003c4                moveBackRightRun2
 .bss.movebackL
                0x00000000200003c8        0x4 ./Core/Src/main.o
                0x00000000200003c8                movebackL
 .bss.movebackR
                0x00000000200003cc        0x4 ./Core/Src/main.o
                0x00000000200003cc                movebackR
 .bss.obsTwoFlag
                0x00000000200003d0        0x4 ./Core/Src/main.o
                0x00000000200003d0                obsTwoFlag
 .bss.obsTwoLength
                0x00000000200003d4        0x4 ./Core/Src/main.o
                0x00000000200003d4                obsTwoLength
 .bss.offset    0x00000000200003d8        0x8 ./Core/Src/main.o
                0x00000000200003d8                offset
 .bss.oledTaskHandle
                0x00000000200003e0        0x4 ./Core/Src/main.o
                0x00000000200003e0                oledTaskHandle
 .bss.pwmVal_L  0x00000000200003e4        0x2 ./Core/Src/main.o
                0x00000000200003e4                pwmVal_L
 .bss.pwmVal_R  0x00000000200003e6        0x2 ./Core/Src/main.o
                0x00000000200003e6                pwmVal_R
 .bss.rightEncoderVal
                0x00000000200003e8        0x4 ./Core/Src/main.o
                0x00000000200003e8                rightEncoderVal
 .bss.rightTarget
                0x00000000200003ec        0x4 ./Core/Src/main.o
                0x00000000200003ec                rightTarget
 .bss.rpiTaskHandle
                0x00000000200003f0        0x4 ./Core/Src/main.o
                0x00000000200003f0                rpiTaskHandle
 .bss.straightUS
                0x00000000200003f4        0x4 ./Core/Src/main.o
                0x00000000200003f4                straightUS
 .bss.target_angle
                0x00000000200003f8        0x8 ./Core/Src/main.o
                0x00000000200003f8                target_angle
 .bss.times_acceptable
                0x0000000020000400        0x4 ./Core/Src/main.o
                0x0000000020000400                times_acceptable
 *fill*         0x0000000020000404        0x4 
 .bss.total_angle
                0x0000000020000408        0x8 ./Core/Src/main.o
                0x0000000020000408                total_angle
 .bss.trash     0x0000000020000410        0x8 ./Core/Src/main.o
                0x0000000020000410                trash
 .bss.turn90    0x0000000020000418        0x4 ./Core/Src/main.o
                0x0000000020000418                turn90
 *fill*         0x000000002000041c        0x4 
 .bss.universalDistance
                0x0000000020000420        0x8 ./Core/Src/main.o
                0x0000000020000420                universalDistance
 .bss.update    0x0000000020000428        0x4 ./Core/Src/main.o
                0x0000000020000428                update
 .bss.voltage1  0x000000002000042c        0x4 ./Core/Src/main.o
                0x000000002000042c                voltage1
 .bss.voltage2  0x0000000020000430        0x4 ./Core/Src/main.o
                0x0000000020000430                voltage2
 .bss.__sbrk_heap_end
                0x0000000020000434        0x4 ./Core/Src/sysmem.o
 .bss.OLED_GRAM
                0x0000000020000438      0x400 ./Drivers/PeripheralDriver/Src/oled.o
                0x0000000020000438                OLED_GRAM
 .bss.uwTick    0x0000000020000838        0x4 ./Drivers/STM32F4xx_HAL_Driver/Src/stm32f4xx_hal.o
                0x0000000020000838                uwTick
 .bss.Idle_Stack.2
                0x000000002000083c      0x200 ./Middlewares/Third_Party/FreeRTOS/Source/CMSIS_RTOS_V2/cmsis_os2.o
 .bss.Idle_TCB.3
                0x0000000020000a3c       0xa8 ./Middlewares/Third_Party/FreeRTOS/Source/CMSIS_RTOS_V2/cmsis_os2.o
 .bss.KernelState
                0x0000000020000ae4        0x4 ./Middlewares/Third_Party/FreeRTOS/Source/CMSIS_RTOS_V2/cmsis_os2.o
 .bss.Timer_Stack.0
                0x0000000020000ae8      0x400 ./Middlewares/Third_Party/FreeRTOS/Source/CMSIS_RTOS_V2/cmsis_os2.o
 .bss.Timer_TCB.1
                0x0000000020000ee8       0xa8 ./Middlewares/Third_Party/FreeRTOS/Source/CMSIS_RTOS_V2/cmsis_os2.o
 .bss.xQueueRegistry
                0x0000000020000f90       0x40 ./Middlewares/Third_Party/FreeRTOS/Source/queue.o
                0x0000000020000f90                xQueueRegistry
 .bss.pxCurrentTCB
                0x0000000020000fd0        0x4 ./Middlewares/Third_Party/FreeRTOS/Source/tasks.o
                0x0000000020000fd0                pxCurrentTCB
 .bss.pxDelayedTaskList
                0x0000000020000fd4        0x4 ./Middlewares/Third_Party/FreeRTOS/Source/tasks.o
 .bss.pxOverflowDelayedTaskList
                0x0000000020000fd8        0x4 ./Middlewares/Third_Party/FreeRTOS/Source/tasks.o
 .bss.pxReadyTasksLists
                0x0000000020000fdc      0x460 ./Middlewares/Third_Party/FreeRTOS/Source/tasks.o
 .bss.uxCurrentNumberOfTasks
                0x000000002000143c        0x4 ./Middlewares/Third_Party/FreeRTOS/Source/tasks.o
 .bss.uxDeletedTasksWaitingCleanUp
                0x0000000020001440        0x4 ./Middlewares/Third_Party/FreeRTOS/Source/tasks.o
 .bss.uxSchedulerSuspended
                0x0000000020001444        0x4 ./Middlewares/Third_Party/FreeRTOS/Source/tasks.o
 .bss.uxTaskNumber
                0x0000000020001448        0x4 ./Middlewares/Third_Party/FreeRTOS/Source/tasks.o
 .bss.uxTopReadyPriority
                0x000000002000144c        0x4 ./Middlewares/Third_Party/FreeRTOS/Source/tasks.o
 .bss.xDelayedTaskList1
                0x0000000020001450       0x14 ./Middlewares/Third_Party/FreeRTOS/Source/tasks.o
 .bss.xDelayedTaskList2
                0x0000000020001464       0x14 ./Middlewares/Third_Party/FreeRTOS/Source/tasks.o
 .bss.xNextTaskUnblockTime
                0x0000000020001478        0x4 ./Middlewares/Third_Party/FreeRTOS/Source/tasks.o
 .bss.xNumOfOverflows