../Core/Src/main.c:230:5:main	8	static
../Core/Src/main.c:367:6:SystemClock_Config	88	static
../Core/Src/main.c:409:13:MX_I2C1_Init	8	static
../Core/Src/main.c:443:13:MX_TIM1_Init	96	static
../Core/Src/main.c:517:13:MX_TIM2_Init	56	static
../Core/Src/main.c:566:13:MX_TIM3_Init	56	static
../Core/Src/main.c:615:13:MX_TIM4_Init	32	static
../Core/Src/main.c:663:13:MX_TIM8_Init	96	static
../Core/Src/main.c:741:13:MX_USART3_UART_Init	8	static
../Core/Src/main.c:774:13:MX_GPIO_Init	56	static
../Core/Src/main.c:828:6:HAL_UART_RxCpltCallback	16	static
../Core/Src/main.c:840:6:HAL_GPIO_EXTI_Callback	16	static
../Core/Src/main.c:851:6:delay	16	static
../Core/Src/main.c:857:6:HAL_TIM_IC_CaptureCallback	16	static
../Core/Src/main.c:904:6:ultrasonic_read	8	static
../Core/Src/main.c:913:6:buzzerBeep	16	static
../Core/Src/main.c:921:6:moveCarStraight	16	static
../Core/Src/main.c:935:6:moveCarStraightSensor	16	static
../Core/Src/main.c:944:6:moveCarStop	8	static
../Core/Src/main.c:951:6:moveCarRight	16	static
../Core/Src/main.c:960:6:moveCarLeft	16	static
../Core/Src/main.c:969:6:moveCarSlideRight	24	static
../Core/Src/main.c:995:6:moveCarSlideLeft	24	static
../Core/Src/main.c:1021:6:moveCarRight90	24	static
../Core/Src/main.c:1049:6:moveCarLeft90	24	static
../Core/Src/main.c:1081:5:PID_Control	24	static
../Core/Src/main.c:1129:5:PID_Angle_30	48	static
../Core/Src/main.c:1189:5:PID_Angle_90	48	static
../Core/Src/main.c:1240:5:PID_Juke	40	static
../Core/Src/main.c:1294:5:finishCheck	4	static
../Core/Src/main.c:1307:6:readByte	24	static
../Core/Src/main.c:1313:6:writeByte	24	static
../Core/Src/main.c:1319:6:gyroInit	8	static
../Core/Src/main.c:1348:6:StartDefaultTask	56	static
../Core/Src/main.c:1409:6:StartMotorTask	32	static
../Core/Src/main.c:1546:6:StartOledTask	176	static
../Core/Src/main.c:1603:6:StartRpiTask	24	static
../Core/Src/main.c:1736:6:StartGyroTask	40	static
../Core/Src/main.c:1792:6:StartBulleyesTask	24	static
../Core/Src/main.c:1865:6:StartEncoderRightTask	32	static
../Core/Src/main.c:1909:6:StartEncoderLeftTask	32	static
../Core/Src/main.c:1954:6:StartJukeTask	16	static
../Core/Src/main.c:2264:6:Error_Handler	4	static,ignoring_inline_asm
