../Core/Src/main.c:1617:6:StartBulleyesTask	8	static
../Core/Src/main.c:1177:6:StartDefaultTask	8	static
../Core/Src/main.c:1719:6:StartEncoderRightTask	16	static
../Core/Src/main.c:1763:6:StartEncoderLeftTask	16	static
../Core/Src/main.c:330:6:SystemClock_Config	88	static,ignoring_inline_asm
../Core/Src/main.c:196:5:main	120	static,ignoring_inline_asm
../Core/Src/main.c:801:6:HAL_UART_RxCpltCallback	0	static
../Core/Src/main.c:813:6:HAL_GPIO_EXTI_Callback	0	static
../Core/Src/main.c:823:6:delay	0	static
../Core/Src/main.c:829:6:HAL_TIM_IC_CaptureCallback	16	static
../Core/Src/main.c:864:6:HCSR04_Read	8	static
../Core/Src/main.c:1331:6:StartOledTask	152	static
../Core/Src/main.c:872:6:buzzerBeep	8	static
../Core/Src/main.c:880:6:moveCarStraight	16	static
../Core/Src/main.c:895:6:moveCarStop	0	static
../Core/Src/main.c:902:6:moveCarRight	16	static
../Core/Src/main.c:911:6:moveCarLeft	16	static
../Core/Src/main.c:1039:5:PID_Control	16	static
../Core/Src/main.c:1080:5:PID_Angle	16	static
../Core/Src/main.c:1210:6:StartMotorTask	40	static
../Core/Src/main.c:1121:5:finishCheck	8	static
../Core/Src/main.c:920:6:moveCarSlideRight	16	static
../Core/Src/main.c:951:6:moveCarSlideLeft	16	static
../Core/Src/main.c:982:6:moveCarRight90	16	static
../Core/Src/main.c:1010:6:moveCarLeft90	24	static
../Core/Src/main.c:1390:6:StartRpiTask	48	static
../Core/Src/main.c:1136:6:readByte	24	static
../Core/Src/main.c:1142:6:writeByte	16	static
../Core/Src/main.c:1148:6:gyroInit	8	static
../Core/Src/main.c:1559:6:StartGyroTask	56	static
../Core/Src/main.c:1804:5:checkBuffer	8	static
../Core/Src/main.c:1818:6:Error_Handler	0	static,ignoring_inline_asm
