../Core/Src/main.c:1744:6:StartRpiTask	8	static
../Core/Src/main.c:1671:6:StartOledTask	160	static
../Core/Src/main.c:1933:6:StartBulleyesTask	8	static
../Core/Src/main.c:1973:6:StartEncoderRightTask	16	static
../Core/Src/main.c:2017:6:StartEncoderLeftTask	16	static
../Core/Src/main.c:386:6:SystemClock_Config	88	static,ignoring_inline_asm
../Core/Src/main.c:246:5:main	120	static,ignoring_inline_asm
../Core/Src/main.c:951:6:HAL_UART_RxCpltCallback	8	static
../Core/Src/main.c:963:6:HAL_GPIO_EXTI_Callback	0	static
../Core/Src/main.c:974:6:delay	0	static
../Core/Src/main.c:980:6:HAL_TIM_IC_CaptureCallback	16	static
../Core/Src/main.c:1027:6:ultrasonic_read	16	static
../Core/Src/main.c:1471:6:StartDefaultTask	16	static
../Core/Src/main.c:1036:6:buzzerBeep	16	static
../Core/Src/main.c:1044:6:moveCarStraight	16	static
../Core/Src/main.c:1058:6:moveCarStraightSensor	8	static
../Core/Src/main.c:1067:6:moveCarStop	0	static
../Core/Src/main.c:1074:6:moveCarRight	16	static
../Core/Src/main.c:1083:6:moveCarLeft	16	static
../Core/Src/main.c:1204:5:PID_Control	16	static
../Core/Src/main.c:1252:5:PID_Angle_30	24	static
../Core/Src/main.c:1312:5:PID_Angle_90	24	static
../Core/Src/main.c:1363:5:PID_Juke	32	static
../Core/Src/main.c:1532:6:StartMotorTask	40	static
../Core/Src/main.c:1417:5:finishCheck	0	static
../Core/Src/main.c:1092:6:moveCarSlideRight	24	static
../Core/Src/main.c:1118:6:moveCarSlideLeft	24	static
../Core/Src/main.c:1144:6:moveCarRight90	32	static
../Core/Src/main.c:1172:6:moveCarLeft90	32	static
../Core/Src/main.c:2062:6:StartJukeTask	72	static
../Core/Src/main.c:1430:6:readByte	24	static
../Core/Src/main.c:1436:6:writeByte	16	static
../Core/Src/main.c:1442:6:gyroInit	8	static
../Core/Src/main.c:1877:6:StartGyroTask	48	static
../Core/Src/main.c:2499:6:Error_Handler	0	static,ignoring_inline_asm
