Archive member included to satisfy reference by file (symbol)

C:/Users/leozk/Documents/STM32CubeIDE_1.10.0/STM32CubeIDE/plugins/com.st.stm32cube.ide.mcu.externaltools.gnu-tools-for-stm32.11.3.rel1.win32_1.1.0.202305231506/tools/bin/../lib/gcc/arm-none-eabi/11.3.1/../../../../arm-none-eabi/lib/thumb/v7e-m+fp/hard\libc_nano.a(libc_a-exit.o)
                              C:/Users/leozk/Documents/STM32CubeIDE_1.10.0/STM32CubeIDE/plugins/com.st.stm32cube.ide.mcu.externaltools.gnu-tools-for-stm32.11.3.rel1.win32_1.1.0.202305231506/tools/bin/../lib/gcc/arm-none-eabi/11.3.1/../../../../arm-none-eabi/lib/thumb/v7e-m+fp/hard/crt0.o (exit)
C:/Users/leozk/Documents/STM32CubeIDE_1.10.0/STM32CubeIDE/plugins/com.st.stm32cube.ide.mcu.externaltools.gnu-tools-for-stm32.11.3.rel1.win32_1.1.0.202305231506/tools/bin/../lib/gcc/arm-none-eabi/11.3.1/../../../../arm-none-eabi/lib/thumb/v7e-m+fp/hard\libc_nano.a(libc_a-nano-vfprintf_float.o)
                              (_printf_float)
C:/Users/leozk/Documents/STM32CubeIDE_1.10.0/STM32CubeIDE/plugins/com.st.stm32cube.ide.mcu.externaltools.gnu-tools-for-stm32.11.3.rel1.win32_1.1.0.202305231506/tools/bin/../lib/gcc/arm-none-eabi/11.3.1/../../../../arm-none-eabi/lib/thumb/v7e-m+fp/hard\libc_nano.a(libc_a-nano-vfprintf_i.o)
                              C:/Users/leozk/Documents/STM32CubeIDE_1.10.0/STM32CubeIDE/plugins/com.st.stm32cube.ide.mcu.externaltools.gnu-tools-for-stm32.11.3.rel1.win32_1.1.0.202305231506/tools/bin/../lib/gcc/arm-none-eabi/11.3.1/../../../../arm-none-eabi/lib/thumb/v7e-m+fp/hard\libc_nano.a(libc_a-nano-vfprintf_float.o) (_printf_common)
C:/Users/leozk/Documents/STM32CubeIDE_1.10.0/STM32CubeIDE/plugins/com.st.stm32cube.ide.mcu.externaltools.gnu-tools-for-stm32.11.3.rel1.win32_1.1.0.202305231506/tools/bin/../lib/gcc/arm-none-eabi/11.3.1/../../../../arm-none-eabi/lib/thumb/v7e-m+fp/hard\libc_nano.a(libc_a-findfp.o)
                              ./Middlewares/Third_Party/FreeRTOS/Source/tasks.o (__sf)
C:/Users/leozk/Documents/STM32CubeIDE_1.10.0/STM32CubeIDE/plugins/com.st.stm32cube.ide.mcu.externaltools.gnu-tools-for-stm32.11.3.rel1.win32_1.1.0.202305231506/tools/bin/../lib/gcc/arm-none-eabi/11.3.1/../../../../arm-none-eabi/lib/thumb/v7e-m+fp/hard\libc_nano.a(libc_a-fwalk.o)
                              C:/Users/leozk/Documents/STM32CubeIDE_1.10.0/STM32CubeIDE/plugins/com.st.stm32cube.ide.mcu.externaltools.gnu-tools-for-stm32.11.3.rel1.win32_1.1.0.202305231506/tools/bin/../lib/gcc/arm-none-eabi/11.3.1/../../../../arm-none-eabi/lib/thumb/v7e-m+fp/hard\libc_nano.a(libc_a-findfp.o) (_fwalk_sglue)
C:/Users/leozk/Documents/STM32CubeIDE_1.10.0/STM32CubeIDE/plugins/com.st.stm32cube.ide.mcu.externaltools.gnu-tools-for-stm32.11.3.rel1.win32_1.1.0.202305231506/tools/bin/../lib/gcc/arm-none-eabi/11.3.1/../../../../arm-none-eabi/lib/thumb/v7e-m+fp/hard\libc_nano.a(libc_a-sprintf.o)
                              ./Core/Src/main.o (sprintf)
C:/Users/leozk/Documents/STM32CubeIDE_1.10.0/STM32CubeIDE/plugins/com.st.stm32cube.ide.mcu.externaltools.gnu-tools-for-stm32.11.3.rel1.win32_1.1.0.202305231506/tools/bin/../lib/gcc/arm-none-eabi/11.3.1/../../../../arm-none-eabi/lib/thumb/v7e-m+fp/hard\libc_nano.a(libc_a-stdio.o)
                              C:/Users/leozk/Documents/STM32CubeIDE_1.10.0/STM32CubeIDE/plugins/com.st.stm32cube.ide.mcu.externaltools.gnu-tools-for-stm32.11.3.rel1.win32_1.1.0.202305231506/tools/bin/../lib/gcc/arm-none-eabi/11.3.1/../../../../arm-none-eabi/lib/thumb/v7e-m+fp/hard\libc_nano.a(libc_a-findfp.o) (__sread)
C:/Users/leozk/Documents/STM32CubeIDE_1.10.0/STM32CubeIDE/plugins/com.st.stm32cube.ide.mcu.externaltools.gnu-tools-for-stm32.11.3.rel1.win32_1.1.0.202305231506/tools/bin/../lib/gcc/arm-none-eabi/11.3.1/../../../../arm-none-eabi/lib/thumb/v7e-m+fp/hard\libc_nano.a(libc_a-memset.o)
                              C:/Users/leozk/Documents/STM32CubeIDE_1.10.0/STM32CubeIDE/plugins/com.st.stm32cube.ide.mcu.externaltools.gnu-tools-for-stm32.11.3.rel1.win32_1.1.0.202305231506/tools/bin/../lib/gcc/arm-none-eabi/11.3.1/../../../../arm-none-eabi/lib/thumb/v7e-m+fp/hard/crt0.o (memset)
C:/Users/leozk/Documents/STM32CubeIDE_1.10.0/STM32CubeIDE/plugins/com.st.stm32cube.ide.mcu.externaltools.gnu-tools-for-stm32.11.3.rel1.win32_1.1.0.202305231506/tools/bin/../lib/gcc/arm-none-eabi/11.3.1/../../../../arm-none-eabi/lib/thumb/v7e-m+fp/hard\libc_nano.a(libc_a-localeconv.o)
                              C:/Users/leozk/Documents/STM32CubeIDE_1.10.0/STM32CubeIDE/plugins/com.st.stm32cube.ide.mcu.externaltools.gnu-tools-for-stm32.11.3.rel1.win32_1.1.0.202305231506/tools/bin/../lib/gcc/arm-none-eabi/11.3.1/../../../../arm-none-eabi/lib/thumb/v7e-m+fp/hard\libc_nano.a(libc_a-nano-vfprintf_float.o) (_localeconv_r)
[...]
Memory Configuration

Name             Origin             Length             Attributes
CCMRAM           0x0000000010000000 0x0000000000010000 xrw
RAM              0x0000000020000000 0x0000000000020000 xrw
FLASH            0x0000000008000000 0x0000000000080000 xr
*default*        0x0000000000000000 0xffffffffffffffff

Linker script and memory map

LOAD C:/Users/leozk/Documents/STM32CubeIDE_1.10.0/STM32CubeIDE/plugins/com.st.stm32cube.ide.mcu.externaltools.gnu-tools-for-stm32.11.3.rel1.win32_1.1.0.202305231506/tools/bin/../lib/gcc/arm-none-eabi/11.3.1/thumb/v7e-m+fp/hard/crti.o
LOAD C:/Users/leozk/Documents/STM32CubeIDE_1.10.0/STM32CubeIDE/plugins/com.st.stm32cube.ide.mcu.externaltools.gnu-tools-for-stm32.11.3.rel1.win32_1.1.0.202305231506/tools/bin/../lib/gcc/arm-none-eabi/11.3.1/thumb/v7e-m+fp/hard/crtbegin.o
LOAD C:/Users/leozk/Documents/STM32CubeIDE_1.10.0/STM32CubeIDE/plugins/com.st.stm32cube.ide.mcu.externaltools.gnu-tools-for-stm32.11.3.rel1.win32_1.1.0.202305231506/tools/bin/../lib/gcc/arm-none-eabi/11.3.1/../../../../arm-none-eabi/lib/thumb/v7e-m+fp/hard/crt0.o
LOAD ./Core/Src/freertos.o
LOAD ./Core/Src/main.o
LOAD ./Core/Src/stm32f4xx_hal_msp.o
LOAD ./Core/Src/stm32f4xx_it.o
LOAD ./Core/Src/syscalls.o
LOAD ./Core/Src/sysmem.o
LOAD ./Core/Src/system_stm32f4xx.o
LOAD ./Core/Startup/startup_stm32f407vetx.o
LOAD ./Drivers/PeripheralDriver/Src/oled.o
LOAD ./Drivers/STM32F4xx_HAL_Driver/Src/stm32f4xx_hal.o
LOAD ./Drivers/STM32F4xx_HAL_Driver/Src/stm32f4xx_hal_cortex.o
LOAD ./Drivers/STM32F4xx_HAL_Driver/Src/stm32f4xx_hal_dma.o
LOAD ./Drivers/STM32F4xx_HAL_Driver/Src/stm32f4xx_hal_dma_ex.o
LOAD ./Drivers/STM32F4xx_HAL_Driver/Src/stm32f4xx_hal_exti.o
LOAD ./Drivers/STM32F4xx_HAL_Driver/Src/stm32f4xx_hal_flash.o
LOAD ./Drivers/STM32F4xx_HAL_Driver/Src/stm32f4xx_hal_flash_ex.o
LOAD ./Drivers/STM32F4xx_HAL_Driver/Src/stm32f4xx_hal_flash_ramfunc.o
LOAD ./Drivers/STM32F4xx_HAL_Driver/Src/stm32f4xx_hal_gpio.o
LOAD ./Drivers/STM32F4xx_HAL_Driver/Src/stm32f4xx_hal_i2c.o
LOAD ./Drivers/STM32F4xx_HAL_Driver/Src/stm32f4xx_hal_i2c_ex.o
LOAD ./Drivers/STM32F4xx_HAL_Driver/Src/stm32f4xx_hal_pwr.o
LOAD ./Drivers/STM32F4xx_HAL_Driver/Src/stm32f4xx_hal_pwr_ex.o
LOAD ./Drivers/STM32F4xx_HAL_Driver/Src/stm32f4xx_hal_rcc.o
LOAD ./Drivers/STM32F4xx_HAL_Driver/Src/stm32f4xx_hal_rcc_ex.o
LOAD ./Drivers/STM32F4xx_HAL_Driver/Src/stm32f4xx_hal_tim.o
LOAD ./Drivers/STM32F4xx_HAL_Driver/Src/stm32f4xx_hal_tim_ex.o
LOAD ./Drivers/STM32F4xx_HAL_Driver/Src/stm32f4xx_hal_uart.o
LOAD ./Middlewares/Third_Party/FreeRTOS/Source/CMSIS_RTOS_V2/cmsis_os2.o
LOAD ./Middlewares/Third_Party/FreeRTOS/Source/croutine.o
LOAD ./Middlewares/Third_Party/FreeRTOS/Source/event_groups.o
LOAD ./Middlewares/Third_Party/FreeRTOS/Source/list.o
LOAD ./Middlewares/Third_Party/FreeRTOS/Source/queue.o
LOAD ./Middlewares/Third_Party/FreeRTOS/Source/stream_buffer.o
LOAD ./Middlewares/Third_Party/FreeRTOS/Source/tasks.o
LOAD ./Middlewares/Third_Party/FreeRTOS/Source/timers.o
LOAD ./Middlewares/Third_Party/FreeRTOS/Source/portable/GCC/ARM_CM4F/port.o
LOAD ./Middlewares/Third_Party/FreeRTOS/Source/portable/MemMang/heap_4.o
START GROUP
LOAD C:/Users/leozk/Documents/STM32CubeIDE_1.10.0/STM32CubeIDE/plugins/com.st.stm32cube.ide.mcu.externaltools.gnu-tools-for-stm32.11.3.rel1.win32_1.1.0.202305231506/tools/bin/../lib/gcc/arm-none-eabi/11.3.1/../../../../arm-none-eabi/lib/thumb/v7e-m+fp/hard\libc_nano.a
LOAD C:/Users/leozk/Documents/STM32CubeIDE_1.10.0/STM32CubeIDE/plugins/com.st.stm32cube.ide.mcu.externaltools.gnu-tools-for-stm32.11.3.rel1.win32_1.1.0.202305231506/tools/bin/../lib/gcc/arm-none-eabi/11.3.1/../../../../arm-none-eabi/lib/thumb/v7e-m+fp/hard\libm.a
END GROUP
START GROUP
LOAD C:/Users/leozk/Documents/STM32CubeIDE_1.10.0/STM32CubeIDE/plugins/com.st.stm32cube.ide.mcu.externaltools.gnu-tools-for-stm32.11.3.rel1.win32_1.1.0.202305231506/tools/bin/../lib/gcc/arm-none-eabi/11.3.1/thumb/v7e-m+fp/hard\libgcc.a
LOAD C:/Users/leozk/Documents/STM32CubeIDE_1.10.0/STM32CubeIDE/plugins/com.st.stm32cube.ide.mcu.externaltools.gnu-tools-for-stm32.11.3.rel1.win32_1.1.0.202305231506/tools/bin/../lib/gcc/arm-none-eabi/11.3.1/../../../../arm-none-eabi/lib/thumb/v7e-m+fp/hard\libc_nano.a
END GROUP
START GROUP
LOAD C:/Users/leozk/Documents/STM32CubeIDE_1.10.0/STM32CubeIDE/plugins/com.st.stm32cube.ide.mcu.externaltools.gnu-tools-for-stm32.11.3.rel1.win32_1.1.0.202305231506/tools/bin/../lib/gcc/arm-none-eabi/11.3.1/thumb/v7e-m+fp/hard\libgcc.a
LOAD C:/Users/leozk/Documents/STM32CubeIDE_1.10.0/STM32CubeIDE/plugins/com.st.stm32cube.ide.mcu.externaltools.gnu-tools-for-stm32.11.3.rel1.win32_1.1.0.202305231506/tools/bin/../lib/gcc/arm-none-eabi/11.3.1/../../../../arm-none-eabi/lib/thumb/v7e-m+fp/hard\libc_nano.a
LOAD C:/Users/leozk/Documents/STM32CubeIDE_1.10.0/STM32CubeIDE/plugins/com.st.stm32cube.ide.mcu.externaltools.gnu-tools-for-stm32.11.3.rel1.win32_1.1.0.202305231506/tools/bin/../lib/gcc/arm-none-eabi/11.3.1/../../../../arm-none-eabi/lib/thumb/v7e-m+fp/hard\libnosys.a
END GROUP
START GROUP
LOAD C:/Users/leozk/Documents/STM32CubeIDE_1.10.0/STM32CubeIDE/plugins/com.st.stm32cube.ide.mcu.externaltools.gnu-tools-for-stm32.11.3.rel1.win32_1.1.0.202305231506/tools/bin/../lib/gcc/arm-none-eabi/11.3.1/thumb/v7e-m+fp/hard\libgcc.a
LOAD C:/Users/leozk/Documents/STM32CubeIDE_1.10.0/STM32CubeIDE/plugins/com.st.stm32cube.ide.mcu.externaltools.gnu-tools-for-stm32.11.3.rel1.win32_1.1.0.202305231506/tools/bin/../lib/gcc/arm-none-eabi/11.3.1/../../../../arm-none-eabi/lib/thumb/v7e-m+fp/hard\libc_nano.a
LOAD C:/Users/leozk/Documents/STM32CubeIDE_1.10.0/STM32CubeIDE/plugins/com.st.stm32cube.ide.mcu.externaltools.gnu-tools-for-stm32.11.3.rel1.win32_1.1.0.202305231506/tools/bin/../lib/gcc/arm-none-eabi/11.3.1/../../../../arm-none-eabi/lib/thumb/v7e-m+fp/hard\libnosys.a
END GROUP
LOAD C:/Users/leozk/Documents/STM32CubeIDE_1.10.0/STM32CubeIDE/plugins/com.st.stm32cube.ide.mcu.externaltools.gnu-tools-for-stm32.11.3.rel1.win32_1.1.0.202305231506/tools/bin/../lib/gcc/arm-none-eabi/11.3.1/thumb/v7e-m+fp/hard/crtend.o
LOAD C:/Users/leozk/Documents/STM32CubeIDE_1.10.0/STM32CubeIDE/plugins/com.st.stm32cube.ide.mcu.externaltools.gnu-tools-for-stm32.11.3.rel1.win32_1.1.0.202305231506/tools/bin/../lib/gcc/arm-none-eabi/11.3.1/thumb/v7e-m+fp/hard/crtn.o
                0x0000000020020000                _estack = (ORIGIN (RAM) + LENGTH (RAM))
                0x0000000000000200                _Min_Heap_Size = 0x200
                0x0000000000000400                _Min_Stack_Size = 0x400

.isr_vector     0x0000000008000000      0x188
                0x0000000008000000                . = ALIGN (0x4)
 *(.isr_vector)
 .isr_vector    0x0000000008000000      0x188 ./Core/Startup/startup_stm32f407vetx.o
                0x0000000008000000                g_pfnVectors
                0x0000000008000188                . = ALIGN (0x4)

.text           0x0000000008000190     0xe614
                0x0000000008000190                . = ALIGN (0x4)
 *(.text)
 .text          0x0000000008000190       0x40 C:/Users/leozk/Documents/STM32CubeIDE_1.10.0/STM32CubeIDE/plugins/com.st.stm32cube.ide.mcu.externaltools.gnu-tools-for-stm32.11.3.rel1.win32_1.1.0.202305231506/tools/bin/../lib/gcc/arm-none-eabi/11.3.1/thumb/v7e-m+fp/hard/crtbegin.o
 .text          0x00000000080001d0       0xa0 C:/Users/leozk/Documents/STM32CubeIDE_1.10.0/STM32CubeIDE/plugins/com.st.stm32cube.ide.mcu.externaltools.gnu-tools-for-stm32.11.3.rel1.win32_1.1.0.202305231506/tools/bin/../lib/gcc/arm-none-eabi/11.3.1/../../../../arm-none-eabi/lib/thumb/v7e-m+fp/hard\libc_nano.a(libc_a-memchr.o)
                0x00000000080001d0                memchr
 .text          0x0000000008000270       0x10 C:/Users/leozk/Documents/STM32CubeIDE_1.10.0/STM32CubeIDE/plugins/com.st.stm32cube.ide.mcu.externaltools.gnu-tools-for-stm32.11.3.rel1.win32_1.1.0.202305231506/tools/bin/../lib/gcc/arm-none-eabi/11.3.1/../../../../arm-none-eabi/lib/thumb/v7e-m+fp/hard\libc_nano.a(libc_a-strlen.o)
                0x0000000008000270                strlen
 .text          0x0000000008000280      0x378 C:/Users/leozk/Documents/STM32CubeIDE_1.10.0/STM32CubeIDE/plugins/com.st.stm32cube.ide.mcu.externaltools.gnu-tools-for-stm32.11.3.rel1.win32_1.1.0.202305231506/tools/bin/../lib/gcc/arm-none-eabi/11.3.1/thumb/v7e-m+fp/hard\libgcc.a(_arm_addsubdf3.o)
                0x0000000008000280                __aeabi_drsub
                0x0000000008000288                __aeabi_dsub
                0x0000000008000288                __subdf3
                0x000000000800028c                __aeabi_dadd
                0x000000000800028c                __adddf3
                0x0000000008000504                __floatunsidf
                0x0000000008000504                __aeabi_ui2d
                0x0000000008000524                __floatsidf
                0x0000000008000524                __aeabi_i2d
                0x0000000008000548                __aeabi_f2d
                0x0000000008000548                __extendsfdf2
                0x000000000800058c                __floatundidf
                0x000000000800058c                __aeabi_ul2d
                0x000000000800059c                __floatdidf
                0x000000000800059c                __aeabi_l2d
 .text          0x00000000080005f8      0x424 C:/Users/leozk/Documents/STM32CubeIDE_1.10.0/STM32CubeIDE/plugins/com.st.stm32cube.ide.mcu.externaltools.gnu-tools-for-stm32.11.3.rel1.win32_1.1.0.202305231506/tools/bin/../lib/gcc/arm-none-eabi/11.3.1/thumb/v7e-m+fp/hard\libgcc.a(_arm_muldivdf3.o)
                0x00000000080005f8                __aeabi_dmul
                0x00000000080005f8                __muldf3
                0x000000000800084c                __divdf3
                0x000000000800084c                __aeabi_ddiv
 .text          0x0000000008000a1c      0x110 C:/Users/leozk/Documents/STM32CubeIDE_1.10.0/STM32CubeIDE/plugins/com.st.stm32cube.ide.mcu.externaltools.gnu-tools-for-stm32.11.3.rel1.win32_1.1.0.202305231506/tools/bin/../lib/gcc/arm-none-eabi/11.3.1/thumb/v7e-m+fp/hard\libgcc.a(_arm_cmpdf2.o)
                0x0000000008000a1c                __gtdf2
                0x0000000008000a1c                __gedf2
                0x0000000008000a24                __ltdf2
                0x0000000008000a24                __ledf2
                0x0000000008000a2c                __nedf2
                0x0000000008000a2c                __eqdf2
                0x0000000008000a2c                __cmpdf2
                0x0000000008000aa8                __aeabi_cdrcmple
                0x0000000008000ab8                __aeabi_cdcmpeq
                0x0000000008000ab8                __aeabi_cdcmple
                0x0000000008000ac8                __aeabi_dcmpeq
                0x0000000008000adc                __aeabi_dcmplt
                0x0000000008000af0                __aeabi_dcmple
                0x0000000008000b04                __aeabi_dcmpge
                0x0000000008000b18                __aeabi_dcmpgt
 .text          0x0000000008000b2c       0x2c C:/Users/leozk/Documents/STM32CubeIDE_1.10.0/STM32CubeIDE/plugins/com.st.stm32cube.ide.mcu.externaltools.gnu-tools-for-stm32.11.3.rel1.win32_1.1.0.202305231506/tools/bin/../lib/gcc/arm-none-eabi/11.3.1/thumb/v7e-m+fp/hard\libgcc.a(_arm_unorddf2.o)
                0x0000000008000b2c                __unorddf2
                0x0000000008000b2c                __aeabi_dcmpun
 .text          0x0000000008000b58       0x50 C:/Users/leozk/Documents/STM32CubeIDE_1.10.0/STM32CubeIDE/plugins/com.st.stm32cube.ide.mcu.externaltools.gnu-tools-for-stm32.11.3.rel1.win32_1.1.0.202305231506/tools/bin/../lib/gcc/arm-none-eabi/11.3.1/thumb/v7e-m+fp/hard\libgcc.a(_arm_fixdfsi.o)
                0x0000000008000b58                __aeabi_d2iz
                0x0000000008000b58                __fixdfsi
 .text          0x0000000008000ba8       0x40 C:/Users/leozk/Documents/STM32CubeIDE_1.10.0/STM32CubeIDE/plugins/com.st.stm32cube.ide.mcu.externaltools.gnu-tools-for-stm32.11.3.rel1.win32_1.1.0.202305231506/tools/bin/../lib/gcc/arm-none-eabi/11.3.1/thumb/v7e-m+fp/hard\libgcc.a(_arm_fixunsdfsi.o)
                0x0000000008000ba8                __aeabi_d2uiz
                0x0000000008000ba8                __fixunsdfsi
 .text          0x0000000008000be8       0x30 C:/Users/leozk/Documents/STM32CubeIDE_1.10.0/STM32CubeIDE/plugins/com.st.stm32cube.ide.mcu.externaltools.gnu-tools-for-stm32.11.3.rel1.win32_1.1.0.202305231506/tools/bin/../lib/gcc/arm-none-eabi/11.3.1/thumb/v7e-m+fp/hard\libgcc.a(_aeabi_uldivmod.o)
                0x0000000008000be8                __aeabi_uldivmod
 .text          0x0000000008000c18      0x2c8 C:/Users/leozk/Documents/STM32CubeIDE_1.10.0/STM32CubeIDE/plugins/com.st.stm32cube.ide.mcu.externaltools.gnu-tools-for-stm32.11.3.rel1.win32_1.1.0.202305231506/tools/bin/../lib/gcc/arm-none-eabi/11.3.1/thumb/v7e-m+fp/hard\libgcc.a(_udivmoddi4.o)
                0x0000000008000c18                __udivmoddi4
 .text          0x0000000008000ee0        0x4 C:/Users/leozk/Documents/STM32CubeIDE_1.10.0/STM32CubeIDE/plugins/com.st.stm32cube.ide.mcu.externaltools.gnu-tools-for-stm32.11.3.rel1.win32_1.1.0.202305231506/tools/bin/../lib/gcc/arm-none-eabi/11.3.1/thumb/v7e-m+fp/hard\libgcc.a(_dvmd_tls.o)
                0x0000000008000ee0                __aeabi_idiv0
                0x0000000008000ee0                __aeabi_ldiv0
 *(.text*)
 .text.main     0x0000000008000ee4      0x148 ./Core/Src/main.o
                0x0000000008000ee4                main
 .text.SystemClock_Config
                0x000000000800102c       0xbc ./Core/Src/main.o
                0x000000000800102c                SystemClock_Config
 .text.MX_I2C1_Init
                0x00000000080010e8       0x5c ./Core/Src/main.o
 .text.MX_TIM1_Init
                0x0000000008001144      0x13c ./Core/Src/main.o
 .text.MX_TIM2_Init
                0x0000000008001280       0xa8 ./Core/Src/main.o
 .text.MX_TIM3_Init
                0x0000000008001328       0xa8 ./Core/Src/main.o
 .text.MX_TIM4_Init
                0x00000000080013d0       0xa8 ./Core/Src/main.o
 .text.MX_TIM8_Init
                0x0000000008001478      0x154 ./Core/Src/main.o
 .text.MX_USART3_UART_Init
                0x00000000080015cc       0x54 ./Core/Src/main.o
 .text.MX_GPIO_Init
                0x0000000008001620      0x170 ./Core/Src/main.o
 .text.HAL_UART_RxCpltCallback
                0x0000000008001790       0x30 ./Core/Src/main.o
                0x0000000008001790                HAL_UART_RxCpltCallback
 .text.delay    0x00000000080017c0       0x34 ./Core/Src/main.o
                0x00000000080017c0                delay
 *fill*         0x00000000080017f4        0x4 
 .text.HAL_TIM_IC_CaptureCallback
                0x00000000080017f8      0x15c ./Core/Src/main.o
                0x00000000080017f8                HAL_TIM_IC_CaptureCallback
 .text.ultrasonic_read
                0x0000000008001954       0x48 ./Core/Src/main.o
                0x0000000008001954                ultrasonic_read
 .text.buzzerBeep
                0x000000000800199c       0x30 ./Core/Src/main.o
                0x000000000800199c                buzzerBeep
 *fill*         0x00000000080019cc        0x4 
 .text.moveCarStraight
                0x00000000080019d0       0xcc ./Core/Src/main.o
                0x00000000080019d0                moveCarStraight
 .text.moveCarStraightSensor
                0x0000000008001a9c       0x40 ./Core/Src/main.o
                0x0000000008001a9c                moveCarStraightSensor
 .text.moveCarRight
                0x0000000008001adc       0x54 ./Core/Src/main.o
                0x0000000008001adc                moveCarRight
 .text.moveCarLeft
                0x0000000008001b30       0x54 ./Core/Src/main.o
                0x0000000008001b30                moveCarLeft
 .text.moveCarSlideRight
                0x0000000008001b84       0x90 ./Core/Src/main.o
                0x0000000008001b84                moveCarSlideRight
 .text.moveCarSlideLeft
                0x0000000008001c14       0x90 ./Core/Src/main.o
                0x0000000008001c14                moveCarSlideLeft
 .text.PID_Control
                0x0000000008001ca4      0x10c ./Core/Src/main.o
                0x0000000008001ca4                PID_Control
 .text.PID_Angle_30
                0x0000000008001db0      0x1e8 ./Core/Src/main.o
                0x0000000008001db0                PID_Angle_30
 .text.PID_Angle_90
                0x0000000008001f98      0x1f8 ./Core/Src/main.o
                0x0000000008001f98                PID_Angle_90
 .text.PID_Juke
                0x0000000008002190      0x1b0 ./Core/Src/main.o
                0x0000000008002190                PID_Juke
 .text.finishCheck
                0x0000000008002340       0x48 ./Core/Src/main.o
                0x0000000008002340                finishCheck
 .text.readByte
                0x0000000008002388       0x58 ./Core/Src/main.o
                0x0000000008002388                readByte
 .text.writeByte
                0x00000000080023e0       0x48 ./Core/Src/main.o
                0x00000000080023e0                writeByte
 .text.gyroInit
                0x0000000008002428       0x86 ./Core/Src/main.o
                0x0000000008002428                gyroInit
 *fill*         0x00000000080024ae        0x2 
 .text.StartDefaultTask
                0x00000000080024b0       0xac ./Core/Src/main.o
                0x00000000080024b0                StartDefaultTask
 *fill*         0x000000000800255c        0x4 
 .text.StartMotorTask
                0x0000000008002560      0x540 ./Core/Src/main.o
                0x0000000008002560                StartMotorTask
 .text.StartOledTask
                0x0000000008002aa0      0x21c ./Core/Src/main.o
                0x0000000008002aa0                StartOledTask
 .text.StartRpiTask
                0x0000000008002cbc       0x54 ./Core/Src/main.o
                0x0000000008002cbc                StartRpiTask
 .text.StartGyroTask
                0x0000000008002d10      0x1b0 ./Core/Src/main.o
                0x0000000008002d10                StartGyroTask
 .text.StartBulleyesTask
                0x0000000008002ec0       0x5c ./Core/Src/main.o
                0x0000000008002ec0                StartBulleyesTask
 .text.StartEncoderRightTask
                0x0000000008002f1c       0x88 ./Core/Src/main.o
                0x0000000008002f1c                StartEncoderRightTask
 .text.StartEncoderLeftTask
                0x0000000008002fa4       0x88 ./Core/Src/main.o
                0x0000000008002fa4                StartEncoderLeftTask
 *fill*         0x000000000800302c        0x4 
 .text.StartJukeTask
                0x0000000008003030      0x7a0 ./Core/Src/main.o
                0x0000000008003030                StartJukeTask
 .text.Error_Handler
                0x00000000080037d0        0xa ./Core/Src/main.o
                0x00000000080037d0                Error_Handler
 *fill*         0x00000000080037da        0x2 
 .text.HAL_MspInit
                0x00000000080037dc       0x68 ./Core/Src/stm32f4xx_hal_msp.o
                0x00000000080037dc                HAL_MspInit
 .text.HAL_I2C_MspInit
                0x0000000008003844       0x90 ./Core/Src/stm32f4xx_hal_msp.o
                0x0000000008003844                HAL_I2C_MspInit
 .text.HAL_TIM_Base_MspInit
                0x00000000080038d4       0xec ./Core/Src/stm32f4xx_hal_msp.o
                0x00000000080038d4                HAL_TIM_Base_MspInit
 .text.HAL_TIM_Encoder_MspInit
                0x00000000080039c0      0x134 ./Core/Src/stm32f4xx_hal_msp.o
                0x00000000080039c0                HAL_TIM_Encoder_MspInit
 .text.HAL_TIM_IC_MspInit
                0x0000000008003af4       0xa0 ./Core/Src/stm32f4xx_hal_msp.o
                0x0000000008003af4                HAL_TIM_IC_MspInit
 .text.HAL_TIM_MspPostInit
                0x0000000008003b94       0x74 ./Core/Src/stm32f4xx_hal_msp.o
                0x0000000008003b94                HAL_TIM_MspPostInit
 .text.HAL_UART_MspInit
                0x0000000008003c08       0xa0 ./Core/Src/stm32f4xx_hal_msp.o
                0x0000000008003c08                HAL_UART_MspInit
 .text.NMI_Handler
                0x0000000008003ca8        0x6 ./Core/Src/stm32f4xx_it.o
                0x0000000008003ca8                NMI_Handler
 .text.HardFault_Handler
                0x0000000008003cae        0x6 ./Core/Src/stm32f4xx_it.o
                0x0000000008003cae                HardFault_Handler
 .text.MemManage_Handler
                0x0000000008003cb4        0x6 ./Core/Src/stm32f4xx_it.o
                0x0000000008003cb4                MemManage_Handler
 .text.BusFault_Handler
                0x0000000008003cba        0x6 ./Core/Src/stm32f4xx_it.o
                0x0000000008003cba                BusFault_Handler
 .text.UsageFault_Handler
                0x0000000008003cc0        0x6 ./Core/Src/stm32f4xx_it.o
                0x0000000008003cc0                UsageFault_Handler
 .text.DebugMon_Handler
                0x0000000008003cc6        0xe ./Core/Src/stm32f4xx_it.o
                0x0000000008003cc6                DebugMon_Handler
 .text.SysTick_Handler
                0x0000000008003cd4       0x1a ./Core/Src/stm32f4xx_it.o
                0x0000000008003cd4                SysTick_Handler
 .text.RCC_IRQHandler
                0x0000000008003cee        0xe ./Core/Src/stm32f4xx_it.o
                0x0000000008003cee                RCC_IRQHandler
 .text.TIM1_BRK_TIM9_IRQHandler
                0x0000000008003cfc       0x14 ./Core/Src/stm32f4xx_it.o
                0x0000000008003cfc                TIM1_BRK_TIM9_IRQHandler
 .text.TIM1_UP_TIM10_IRQHandler
                0x0000000008003d10       0x14 ./Core/Src/stm32f4xx_it.o
                0x0000000008003d10                TIM1_UP_TIM10_IRQHandler
 .text.TIM4_IRQHandler
                0x0000000008003d24       0x14 ./Core/Src/stm32f4xx_it.o
                0x0000000008003d24                TIM4_IRQHandler
 .text.USART3_IRQHandler
                0x0000000008003d38       0x14 ./Core/Src/stm32f4xx_it.o
                0x0000000008003d38                USART3_IRQHandler
 .text.TIM8_TRG_COM_TIM14_IRQHandler
                0x0000000008003d4c       0x14 ./Core/Src/stm32f4xx_it.o
                0x0000000008003d4c                TIM8_TRG_COM_TIM14_IRQHandler
 .text._getpid  0x0000000008003d60       0x10 ./Core/Src/syscalls.o
                0x0000000008003d60                _getpid
 .text._kill    0x0000000008003d70       0x20 ./Core/Src/syscalls.o
                0x0000000008003d70                _kill
 .text._exit    0x0000000008003d90       0x14 ./Core/Src/syscalls.o
                0x0000000008003d90                _exit
 .text._read    0x0000000008003da4       0x3a ./Core/Src/syscalls.o
                0x0000000008003da4                _read
 .text._write   0x0000000008003dde       0x38 ./Core/Src/syscalls.o
                0x0000000008003dde                _write
 .text._close   0x0000000008003e16       0x18 ./Core/Src/syscalls.o
                0x0000000008003e16                _close
 .text._fstat   0x0000000008003e2e       0x20 ./Core/Src/syscalls.o
                0x0000000008003e2e                _fstat
 .text._isatty  0x0000000008003e4e       0x16 ./Core/Src/syscalls.o
                0x0000000008003e4e                _isatty
 .text._lseek   0x0000000008003e64       0x1a ./Core/Src/syscalls.o
                0x0000000008003e64                _lseek
 *fill*         0x0000000008003e7e        0x2 
 .text._sbrk    0x0000000008003e80       0x6c ./Core/Src/sysmem.o
                0x0000000008003e80                _sbrk
 .text.SystemInit
                0x0000000008003eec       0x24 ./Core/Src/system_stm32f4xx.o
                0x0000000008003eec                SystemInit
 .text.Reset_Handler
                0x0000000008003f10       0x50 ./Core/Startup/startup_stm32f407vetx.o
                0x0000000008003f10                Reset_Handler
 .text.Default_Handler
                0x0000000008003f60        0x2 ./Core/Startup/startup_stm32f407vetx.o
                0x0000000008003f60                RTC_Alarm_IRQHandler
                0x0000000008003f60                HASH_RNG_IRQHandler
                0x0000000008003f60                EXTI2_IRQHandler
                0x0000000008003f60                TIM8_CC_IRQHandler
                0x0000000008003f60                TIM1_CC_IRQHandler
                0x0000000008003f60                DMA2_Stream5_IRQHandler
                0x0000000008003f60                DMA1_Stream5_IRQHandler
                0x0000000008003f60                PVD_IRQHandler
                0x0000000008003f60                SDIO_IRQHandler
                0x0000000008003f60                TAMP_STAMP_IRQHandler
                0x0000000008003f60                CAN2_RX1_IRQHandler
                0x0000000008003f60                EXTI3_IRQHandler
                0x0000000008003f60                TIM8_UP_TIM13_IRQHandler
                0x0000000008003f60                I2C3_ER_IRQHandler
                0x0000000008003f60                EXTI0_IRQHandler
                0x0000000008003f60                I2C2_EV_IRQHandler
                0x0000000008003f60                DMA1_Stream2_IRQHandler
                0x0000000008003f60                CAN1_RX0_IRQHandler
                0x0000000008003f60                FPU_IRQHandler
                0x0000000008003f60                OTG_HS_WKUP_IRQHandler
                0x0000000008003f60                CAN2_SCE_IRQHandler
                0x0000000008003f60                DMA2_Stream2_IRQHandler
                0x0000000008003f60                SPI1_IRQHandler
                0x0000000008003f60                TIM6_DAC_IRQHandler
                0x0000000008003f60                DCMI_IRQHandler
                0x0000000008003f60                CAN2_RX0_IRQHandler
                0x0000000008003f60                DMA2_Stream3_IRQHandler
                0x0000000008003f60                USART6_IRQHandler
                0x0000000008003f60                CAN1_RX1_IRQHandler
                0x0000000008003f60                UART5_IRQHandler
                0x0000000008003f60                DMA2_Stream0_IRQHandler
                0x0000000008003f60                I2C1_EV_IRQHandler
                0x0000000008003f60                DMA1_Stream6_IRQHandler
                0x0000000008003f60                DMA1_Stream1_IRQHandler
                0x0000000008003f60                UART4_IRQHandler
                0x0000000008003f60                TIM3_IRQHandler
                0x0000000008003f60                TIM8_BRK_TIM12_IRQHandler
                0x0000000008003f60                Default_Handler
                0x0000000008003f60                EXTI15_10_IRQHandler
                0x0000000008003f60                ADC_IRQHandler
                0x0000000008003f60                DMA1_Stream7_IRQHandler
                0x0000000008003f60                TIM7_IRQHandler
                0x0000000008003f60                CAN2_TX_IRQHandler
                0x0000000008003f60                TIM5_IRQHandler
                0x0000000008003f60                DMA2_Stream7_IRQHandler
                0x0000000008003f60                I2C3_EV_IRQHandler
                0x0000000008003f60                EXTI9_5_IRQHandler
                0x0000000008003f60                RTC_WKUP_IRQHandler
                0x0000000008003f60                ETH_WKUP_IRQHandler
                0x0000000008003f60                SPI2_IRQHandler
                0x0000000008003f60                OTG_HS_EP1_IN_IRQHandler
                0x0000000008003f60                DMA1_Stream0_IRQHandler
                0x0000000008003f60                CAN1_TX_IRQHandler
                0x0000000008003f60                EXTI4_IRQHandler
                0x0000000008003f60                FSMC_IRQHandler
                0x0000000008003f60                ETH_IRQHandler
                0x0000000008003f60                OTG_HS_EP1_OUT_IRQHandler
                0x0000000008003f60                WWDG_IRQHandler
                0x0000000008003f60                TIM2_IRQHandler
                0x0000000008003f60                OTG_FS_WKUP_IRQHandler
                0x0000000008003f60                TIM1_TRG_COM_TIM11_IRQHandler
                0x0000000008003f60                OTG_HS_IRQHandler
                0x0000000008003f60                EXTI1_IRQHandler
                0x0000000008003f60                USART2_IRQHandler
                0x0000000008003f60                I2C2_ER_IRQHandler
                0x0000000008003f60                DMA2_Stream1_IRQHandler
                0x0000000008003f60                CAN1_SCE_IRQHandler
                0x0000000008003f60                FLASH_IRQHandler
                0x0000000008003f60                DMA2_Stream4_IRQHandler
                0x0000000008003f60                USART1_IRQHandler
                0x0000000008003f60                OTG_FS_IRQHandler
                0x0000000008003f60                SPI3_IRQHandler
                0x0000000008003f60                DMA1_Stream4_IRQHandler
                0x0000000008003f60                I2C1_ER_IRQHandler
                0x0000000008003f60                DMA2_Stream6_IRQHandler
                0x0000000008003f60                DMA1_Stream3_IRQHandler
 *fill*         0x0000000008003f62        0x2 
 .text.OLED_Refresh_Gram
                0x0000000008003f64       0x70 ./Drivers/PeripheralDriver/Src/oled.o
                0x0000000008003f64                OLED_Refresh_Gram
 .text.OLED_WR_Byte
                0x0000000008003fd4       0x94 ./Drivers/PeripheralDriver/Src/oled.o
                0x0000000008003fd4                OLED_WR_Byte
 .text.OLED_Clear
                0x0000000008004068       0x4c ./Drivers/PeripheralDriver/Src/oled.o
                0x0000000008004068                OLED_Clear
 .text.OLED_DrawPoint
                0x00000000080040b4       0xb4 ./Drivers/PeripheralDriver/Src/oled.o
                0x00000000080040b4                OLED_DrawPoint
 .text.OLED_ShowChar
                0x0000000008004168       0xe4 ./Drivers/PeripheralDriver/Src/oled.o
                0x0000000008004168                OLED_ShowChar
 .text.OLED_ShowString
                0x000000000800424c       0x64 ./Drivers/PeripheralDriver/Src/oled.o
                0x000000000800424c                OLED_ShowString
 .text.OLED_Init
                0x00000000080042b0      0x118 ./Drivers/PeripheralDriver/Src/oled.o
                0x00000000080042b0                OLED_Init
 .text.HAL_Init
                0x00000000080043c8       0x44 ./Drivers/STM32F4xx_HAL_Driver/Src/stm32f4xx_hal.o
                0x00000000080043c8                HAL_Init
 .text.HAL_InitTick
                0x000000000800440c       0x60 ./Drivers/STM32F4xx_HAL_Driver/Src/stm32f4xx_hal.o
                0x000000000800440c                HAL_InitTick
 .text.HAL_IncTick
                0x000000000800446c       0x28 ./Drivers/STM32F4xx_HAL_Driver/Src/stm32f4xx_hal.o
                0x000000000800446c                HAL_IncTick
 .text.HAL_GetTick
                0x0000000008004494       0x18 ./Drivers/STM32F4xx_HAL_Driver/Src/stm32f4xx_hal.o
                0x0000000008004494                HAL_GetTick
 .text.HAL_Delay
                0x00000000080044ac       0x48 ./Drivers/STM32F4xx_HAL_Driver/Src/stm32f4xx_hal.o
                0x00000000080044ac                HAL_Delay
 .text.__NVIC_SetPriorityGrouping
                0x00000000080044f4       0x48 ./Drivers/STM32F4xx_HAL_Driver/Src/stm32f4xx_hal_cortex.o
 .text.__NVIC_GetPriorityGrouping
                0x000000000800453c       0x1c ./Drivers/STM32F4xx_HAL_Driver/Src/stm32f4xx_hal_cortex.o
 .text.__NVIC_EnableIRQ
                0x0000000008004558       0x3c ./Drivers/STM32F4xx_HAL_Driver/Src/stm32f4xx_hal_cortex.o
 .text.__NVIC_SetPriority
                0x0000000008004594       0x54 ./Drivers/STM32F4xx_HAL_Driver/Src/stm32f4xx_hal_cortex.o
 .text.NVIC_EncodePriority
                0x00000000080045e8       0x66 ./Drivers/STM32F4xx_HAL_Driver/Src/stm32f4xx_hal_cortex.o
 *fill*         0x000000000800464e        0x2 
 .text.SysTick_Config
                0x0000000008004650       0x44 ./Drivers/STM32F4xx_HAL_Driver/Src/stm32f4xx_hal_cortex.o
 .text.HAL_NVIC_SetPriorityGrouping
                0x0000000008004694       0x16 ./Drivers/STM32F4xx_HAL_Driver/Src/stm32f4xx_hal_cortex.o
                0x0000000008004694                HAL_NVIC_SetPriorityGrouping
 .text.HAL_NVIC_SetPriority
                0x00000000080046aa       0x38 ./Drivers/STM32F4xx_HAL_Driver/Src/stm32f4xx_hal_cortex.o
                0x00000000080046aa                HAL_NVIC_SetPriority
 .text.HAL_NVIC_EnableIRQ
                0x00000000080046e2       0x1c ./Drivers/STM32F4xx_HAL_Driver/Src/stm32f4xx_hal_cortex.o
                0x00000000080046e2                HAL_NVIC_EnableIRQ
 .text.HAL_SYSTICK_Config
                0x00000000080046fe       0x18 ./Drivers/STM32F4xx_HAL_Driver/Src/stm32f4xx_hal_cortex.o
                0x00000000080046fe                HAL_SYSTICK_Config
 .text.HAL_DMA_Abort
                0x0000000008004716       0xe0 ./Drivers/STM32F4xx_HAL_Driver/Src/stm32f4xx_hal_dma.o
                0x0000000008004716                HAL_DMA_Abort
 .text.HAL_DMA_Abort_IT
                0x00000000080047f6       0x44 ./Drivers/STM32F4xx_HAL_Driver/Src/stm32f4xx_hal_dma.o
                0x00000000080047f6                HAL_DMA_Abort_IT
 *fill*         0x000000000800483a        0x2 
 .text.HAL_GPIO_Init
                0x000000000800483c      0x338 ./Drivers/STM32F4xx_HAL_Driver/Src/stm32f4xx_hal_gpio.o
                0x000000000800483c                HAL_GPIO_Init
 .text.HAL_GPIO_WritePin
                0x0000000008004b74       0x32 ./Drivers/STM32F4xx_HAL_Driver/Src/stm32f4xx_hal_gpio.o
                0x0000000008004b74                HAL_GPIO_WritePin
 .text.HAL_GPIO_TogglePin
                0x0000000008004ba6       0x34 ./Drivers/STM32F4xx_HAL_Driver/Src/stm32f4xx_hal_gpio.o
                0x0000000008004ba6                HAL_GPIO_TogglePin
 *fill*         0x0000000008004bda        0x2 
 .text.HAL_I2C_Init
                0x0000000008004bdc      0x288 ./Drivers/STM32F4xx_HAL_Driver/Src/stm32f4xx_hal_i2c.o
                0x0000000008004bdc                HAL_I2C_Init
 .text.HAL_I2C_Master_Transmit
                0x0000000008004e64      0x1fc ./Drivers/STM32F4xx_HAL_Driver/Src/stm32f4xx_hal_i2c.o
                0x0000000008004e64                HAL_I2C_Master_Transmit
 .text.HAL_I2C_Master_Receive
                0x0000000008005060      0x44c ./Drivers/STM32F4xx_HAL_Driver/Src/stm32f4xx_hal_i2c.o
                0x0000000008005060                HAL_I2C_Master_Receive
 .text.I2C_MasterRequestWrite
                0x00000000080054ac      0x104 ./Drivers/STM32F4xx_HAL_Driver/Src/stm32f4xx_hal_i2c.o
 .text.I2C_MasterRequestRead
                0x00000000080055b0      0x19c ./Drivers/STM32F4xx_HAL_Driver/Src/stm32f4xx_hal_i2c.o
 .text.I2C_WaitOnFlagUntilTimeout
                0x000000000800574c       0xae ./Drivers/STM32F4xx_HAL_Driver/Src/stm32f4xx_hal_i2c.o
 .text.I2C_WaitOnMasterAddressFlagUntilTimeout
                0x00000000080057fa       0xfe ./Drivers/STM32F4xx_HAL_Driver/Src/stm32f4xx_hal_i2c.o
 .text.I2C_WaitOnTXEFlagUntilTimeout
                0x00000000080058f8       0x82 ./Drivers/STM32F4xx_HAL_Driver/Src/stm32f4xx_hal_i2c.o
 .text.I2C_WaitOnBTFFlagUntilTimeout
                0x000000000800597a       0x82 ./Drivers/STM32F4xx_HAL_Driver/Src/stm32f4xx_hal_i2c.o
 .text.I2C_WaitOnRXNEFlagUntilTimeout
                0x00000000080059fc       0xac ./Drivers/STM32F4xx_HAL_Driver/Src/stm32f4xx_hal_i2c.o
 .text.I2C_IsAcknowledgeFailed
                0x0000000008005aa8       0x5e ./Drivers/STM32F4xx_HAL_Driver/Src/stm32f4xx_hal_i2c.o
 *fill*         0x0000000008005b06        0x2 
 .text.HAL_PWR_EnableBkUpAccess
                0x0000000008005b08       0x28 ./Drivers/STM32F4xx_HAL_Driver/Src/stm32f4xx_hal_pwr.o
                0x0000000008005b08                HAL_PWR_EnableBkUpAccess
 .text.HAL_PWR_DisableBkUpAccess
                0x0000000008005b30       0x28 ./Drivers/STM32F4xx_HAL_Driver/Src/stm32f4xx_hal_pwr.o
                0x0000000008005b30                HAL_PWR_DisableBkUpAccess
 .text.HAL_RCC_OscConfig
                0x0000000008005b58      0x4f0 ./Drivers/STM32F4xx_HAL_Driver/Src/stm32f4xx_hal_rcc.o
                0x0000000008005b58                HAL_RCC_OscConfig
 .text.HAL_RCC_ClockConfig
                0x0000000008006048      0x1cc ./Drivers/STM32F4xx_HAL_Driver/Src/stm32f4xx_hal_rcc.o
                0x0000000008006048                HAL_RCC_ClockConfig
 .text.HAL_RCC_GetSysClockFreq
                0x0000000008006214      0x18c ./Drivers/STM32F4xx_HAL_Driver/Src/stm32f4xx_hal_rcc.o
                0x0000000008006214                HAL_RCC_GetSysClockFreq
 .text.HAL_RCC_GetHCLKFreq
                0x00000000080063a0       0x18 ./Drivers/STM32F4xx_HAL_Driver/Src/stm32f4xx_hal_rcc.o
                0x00000000080063a0                HAL_RCC_GetHCLKFreq
 .text.HAL_RCC_GetPCLK1Freq
                0x00000000080063b8       0x28 ./Drivers/STM32F4xx_HAL_Driver/Src/stm32f4xx_hal_rcc.o
                0x00000000080063b8                HAL_RCC_GetPCLK1Freq
 .text.HAL_RCC_GetPCLK2Freq
                0x00000000080063e0       0x28 ./Drivers/STM32F4xx_HAL_Driver/Src/stm32f4xx_hal_rcc.o
                0x00000000080063e0                HAL_RCC_GetPCLK2Freq
 .text.HAL_TIM_Base_Init
                0x0000000008006408       0x9e ./Drivers/STM32F4xx_HAL_Driver/Src/stm32f4xx_hal_tim.o
                0x0000000008006408                HAL_TIM_Base_Init
 .text.HAL_TIM_PWM_Init
                0x00000000080064a6       0x9e ./Drivers/STM32F4xx_HAL_Driver/Src/stm32f4xx_hal_tim.o
                0x00000000080064a6                HAL_TIM_PWM_Init
 .text.HAL_TIM_PWM_MspInit
                0x0000000008006544       0x14 ./Drivers/STM32F4xx_HAL_Driver/Src/stm32f4xx_hal_tim.o
                0x0000000008006544                HAL_TIM_PWM_MspInit
 .text.HAL_TIM_PWM_Start
                0x0000000008006558      0x190 ./Drivers/STM32F4xx_HAL_Driver/Src/stm32f4xx_hal_tim.o
                0x0000000008006558                HAL_TIM_PWM_Start
 .text.HAL_TIM_IC_Init
                0x00000000080066e8       0x9e ./Drivers/STM32F4xx_HAL_Driver/Src/stm32f4xx_hal_tim.o
                0x00000000080066e8                HAL_TIM_IC_Init
 *fill*         0x0000000008006786        0x2 
 .text.HAL_TIM_IC_Start_IT
                0x0000000008006788      0x250 ./Drivers/STM32F4xx_HAL_Driver/Src/stm32f4xx_hal_tim.o
                0x0000000008006788                HAL_TIM_IC_Start_IT
 .text.HAL_TIM_Encoder_Init
                0x00000000080069d8      0x14c ./Drivers/STM32F4xx_HAL_Driver/Src/stm32f4xx_hal_tim.o
                0x00000000080069d8                HAL_TIM_Encoder_Init
 .text.HAL_TIM_Encoder_Start
                0x0000000008006b24      0x11c ./Drivers/STM32F4xx_HAL_Driver/Src/stm32f4xx_hal_tim.o
                0x0000000008006b24                HAL_TIM_Encoder_Start
 .text.HAL_TIM_IRQHandler
                0x0000000008006c40      0x210 ./Drivers/STM32F4xx_HAL_Driver/Src/stm32f4xx_hal_tim.o
                0x0000000008006c40                HAL_TIM_IRQHandler
 .text.HAL_TIM_IC_ConfigChannel
                0x0000000008006e50      0x138 ./Drivers/STM32F4xx_HAL_Driver/Src/stm32f4xx_hal_tim.o
                0x0000000008006e50                HAL_TIM_IC_ConfigChannel
 .text.HAL_TIM_PWM_ConfigChannel
                0x0000000008006f88      0x184 ./Drivers/STM32F4xx_HAL_Driver/Src/stm32f4xx_hal_tim.o
                0x0000000008006f88                HAL_TIM_PWM_ConfigChannel
 .text.HAL_TIM_ConfigClockSource
                0x000000000800710c      0x18e ./Drivers/STM32F4xx_HAL_Driver/Src/stm32f4xx_hal_tim.o
                0x000000000800710c                HAL_TIM_ConfigClockSource
 *fill*         0x000000000800729a        0x2 
 .text.HAL_TIM_ReadCapturedValue
                0x000000000800729c       0x88 ./Drivers/STM32F4xx_HAL_Driver/Src/stm32f4xx_hal_tim.o
                0x000000000800729c                HAL_TIM_ReadCapturedValue
 .text.HAL_TIM_PeriodElapsedCallback
                0x0000000008007324       0x14 ./Drivers/STM32F4xx_HAL_Driver/Src/stm32f4xx_hal_tim.o
                0x0000000008007324                HAL_TIM_PeriodElapsedCallback
 .text.HAL_TIM_OC_DelayElapsedCallback
                0x0000000008007338       0x14 ./Drivers/STM32F4xx_HAL_Driver/Src/stm32f4xx_hal_tim.o
                0x0000000008007338                HAL_TIM_OC_DelayElapsedCallback
 .text.HAL_TIM_PWM_PulseFinishedCallback
                0x000000000800734c       0x14 ./Drivers/STM32F4xx_HAL_Driver/Src/stm32f4xx_hal_tim.o
                0x000000000800734c                HAL_TIM_PWM_PulseFinishedCallback
 .text.HAL_TIM_TriggerCallback
                0x0000000008007360       0x14 ./Drivers/STM32F4xx_HAL_Driver/Src/stm32f4xx_hal_tim.o
                0x0000000008007360                HAL_TIM_TriggerCallback
 .text.TIM_Base_SetConfig
                0x0000000008007374      0x140 ./Drivers/STM32F4xx_HAL_Driver/Src/stm32f4xx_hal_tim.o
                0x0000000008007374                TIM_Base_SetConfig
 .text.TIM_OC1_SetConfig
                0x00000000080074b4       0xe0 ./Drivers/STM32F4xx_HAL_Driver/Src/stm32f4xx_hal_tim.o
 .text.TIM_OC2_SetConfig
                0x0000000008007594       0xec ./Drivers/STM32F4xx_HAL_Driver/Src/stm32f4xx_hal_tim.o
                0x0000000008007594                TIM_OC2_SetConfig
 .text.TIM_OC3_SetConfig
                0x0000000008007680       0xe8 ./Drivers/STM32F4xx_HAL_Driver/Src/stm32f4xx_hal_tim.o
 .text.TIM_OC4_SetConfig
                0x0000000008007768       0xac ./Drivers/STM32F4xx_HAL_Driver/Src/stm32f4xx_hal_tim.o
 .text.TIM_TI1_SetConfig
                0x0000000008007814       0xe8 ./Drivers/STM32F4xx_HAL_Driver/Src/stm32f4xx_hal_tim.o
                0x0000000008007814                TIM_TI1_SetConfig
 .text.TIM_TI1_ConfigInputStage
                0x00000000080078fc       0x5e ./Drivers/STM32F4xx_HAL_Driver/Src/stm32f4xx_hal_tim.o
 .text.TIM_TI2_SetConfig
                0x000000000800795a       0x7a ./Drivers/STM32F4xx_HAL_Driver/Src/stm32f4xx_hal_tim.o
 .text.TIM_TI2_ConfigInputStage
                0x00000000080079d4       0x60 ./Drivers/STM32F4xx_HAL_Driver/Src/stm32f4xx_hal_tim.o
 .text.TIM_TI3_SetConfig
                0x0000000008007a34       0x78 ./Drivers/STM32F4xx_HAL_Driver/Src/stm32f4xx_hal_tim.o
 .text.TIM_TI4_SetConfig
                0x0000000008007aac       0x7a ./Drivers/STM32F4xx_HAL_Driver/Src/stm32f4xx_hal_tim.o
 .text.TIM_ITRx_SetConfig
                0x0000000008007b26       0x36 ./Drivers/STM32F4xx_HAL_Driver/Src/stm32f4xx_hal_tim.o
 .text.TIM_ETR_SetConfig
                0x0000000008007b5c       0x40 ./Drivers/STM32F4xx_HAL_Driver/Src/stm32f4xx_hal_tim.o
                0x0000000008007b5c                TIM_ETR_SetConfig
 .text.TIM_CCxChannelCmd
                0x0000000008007b9c       0x4a ./Drivers/STM32F4xx_HAL_Driver/Src/stm32f4xx_hal_tim.o
                0x0000000008007b9c                TIM_CCxChannelCmd
 *fill*         0x0000000008007be6        0x2 
 .text.HAL_TIMEx_MasterConfigSynchronization
                0x0000000008007be8       0xf8 ./Drivers/STM32F4xx_HAL_Driver/Src/stm32f4xx_hal_tim_ex.o
                0x0000000008007be8                HAL_TIMEx_MasterConfigSynchronization
 .text.HAL_TIMEx_ConfigBreakDeadTime
                0x0000000008007ce0       0xa4 ./Drivers/STM32F4xx_HAL_Driver/Src/stm32f4xx_hal_tim_ex.o
                0x0000000008007ce0                HAL_TIMEx_ConfigBreakDeadTime
 .text.HAL_TIMEx_CommutCallback
                0x0000000008007d84       0x14 ./Drivers/STM32F4xx_HAL_Driver/Src/stm32f4xx_hal_tim_ex.o
                0x0000000008007d84                HAL_TIMEx_CommutCallback
 .text.HAL_TIMEx_BreakCallback
                0x0000000008007d98       0x14 ./Drivers/STM32F4xx_HAL_Driver/Src/stm32f4xx_hal_tim_ex.o
                0x0000000008007d98                HAL_TIMEx_BreakCallback
 .text.HAL_UART_Init
                0x0000000008007dac       0x9a ./Drivers/STM32F4xx_HAL_Driver/Src/stm32f4xx_hal_uart.o
                0x0000000008007dac                HAL_UART_Init
 .text.HAL_UART_Transmit
                0x0000000008007e46      0x124 ./Drivers/STM32F4xx_HAL_Driver/Src/stm32f4xx_hal_uart.o
                0x0000000008007e46                HAL_UART_Transmit
 .text.HAL_UART_Receive_IT
                0x0000000008007f6a       0x60 ./Drivers/STM32F4xx_HAL_Driver/Src/stm32f4xx_hal_uart.o
                0x0000000008007f6a                HAL_UART_Receive_IT
 *fill*         0x0000000008007fca        0x2 
 .text.HAL_UART_IRQHandler
                0x0000000008007fcc      0x51c ./Drivers/STM32F4xx_HAL_Driver/Src/stm32f4xx_hal_uart.o
                0x0000000008007fcc                HAL_UART_IRQHandler
 .text.HAL_UART_TxCpltCallback
                0x00000000080084e8       0x14 ./Drivers/STM32F4xx_HAL_Driver/Src/stm32f4xx_hal_uart.o
                0x00000000080084e8                HAL_UART_TxCpltCallback
 .text.HAL_UART_ErrorCallback
                0x00000000080084fc       0x14 ./Drivers/STM32F4xx_HAL_Driver/Src/stm32f4xx_hal_uart.o
                0x00000000080084fc                HAL_UART_ErrorCallback
 .text.HAL_UARTEx_RxEventCallback
                0x0000000008008510       0x18 ./Drivers/STM32F4xx_HAL_Driver/Src/stm32f4xx_hal_uart.o
                0x0000000008008510                HAL_UARTEx_RxEventCallback
 .text.UART_WaitOnFlagUntilTimeout
                0x0000000008008528       0xdc ./Drivers/STM32F4xx_HAL_Driver/Src/stm32f4xx_hal_uart.o
 .text.UART_Start_Receive_IT
                0x0000000008008604       0x7c ./Drivers/STM32F4xx_HAL_Driver/Src/stm32f4xx_hal_uart.o
                0x0000000008008604                UART_Start_Receive_IT
 .text.UART_EndRxTransfer
                0x0000000008008680       0xc6 ./Drivers/STM32F4xx_HAL_Driver/Src/stm32f4xx_hal_uart.o
 .text.UART_DMAAbortOnError
                0x0000000008008746       0x28 ./Drivers/STM32F4xx_HAL_Driver/Src/stm32f4xx_hal_uart.o
 .text.UART_Transmit_IT
                0x000000000800876e       0xa0 ./Drivers/STM32F4xx_HAL_Driver/Src/stm32f4xx_hal_uart.o
 .text.UART_EndTransmit_IT
                0x000000000800880e       0x30 ./Drivers/STM32F4xx_HAL_Driver/Src/stm32f4xx_hal_uart.o
 .text.UART_Receive_IT
                0x000000000800883e      0x176 ./Drivers/STM32F4xx_HAL_Driver/Src/stm32f4xx_hal_uart.o
 .text.UART_SetConfig
                0x00000000080089b4      0x4e8 ./Drivers/STM32F4xx_HAL_Driver/Src/stm32f4xx_hal_uart.o
 .text.__NVIC_SetPriority
                0x0000000008008e9c       0x54 ./Middlewares/Third_Party/FreeRTOS/Source/CMSIS_RTOS_V2/cmsis_os2.o
 .text.SVC_Setup
                0x0000000008008ef0       0x12 ./Middlewares/Third_Party/FreeRTOS/Source/CMSIS_RTOS_V2/cmsis_os2.o
 *fill*         0x0000000008008f02        0x2 
 .text.osKernelInitialize
                0x0000000008008f04       0x48 ./Middlewares/Third_Party/FreeRTOS/Source/CMSIS_RTOS_V2/cmsis_os2.o
                0x0000000008008f04                osKernelInitialize
 .text.osKernelStart
                0x0000000008008f4c       0x4c ./Middlewares/Third_Party/FreeRTOS/Source/CMSIS_RTOS_V2/cmsis_os2.o
                0x0000000008008f4c                osKernelStart
 .text.osThreadNew
                0x0000000008008f98      0x124 ./Middlewares/Third_Party/FreeRTOS/Source/CMSIS_RTOS_V2/cmsis_os2.o
                0x0000000008008f98                osThreadNew
 .text.osDelay  0x00000000080090bc       0x36 ./Middlewares/Third_Party/FreeRTOS/Source/CMSIS_RTOS_V2/cmsis_os2.o
                0x00000000080090bc                osDelay
 *fill*         0x00000000080090f2        0x2 
 .text.vApplicationGetIdleTaskMemory
                0x00000000080090f4       0x34 ./Middlewares/Third_Party/FreeRTOS/Source/CMSIS_RTOS_V2/cmsis_os2.o
                0x00000000080090f4                vApplicationGetIdleTaskMemory
 .text.vApplicationGetTimerTaskMemory
                0x0000000008009128       0x34 ./Middlewares/Third_Party/FreeRTOS/Source/CMSIS_RTOS_V2/cmsis_os2.o
                0x0000000008009128                vApplicationGetTimerTaskMemory
 .text.vListInitialise
                0x000000000800915c       0x40 ./Middlewares/Third_Party/FreeRTOS/Source/list.o
                0x000000000800915c                vListInitialise
 .text.vListInitialiseItem
                0x000000000800919c       0x1a ./Middlewares/Third_Party/FreeRTOS/Source/list.o
                0x000000000800919c                vListInitialiseItem
 .text.vListInsertEnd
                0x00000000080091b6       0x48 ./Middlewares/Third_Party/FreeRTOS/Source/list.o
                0x00000000080091b6                vListInsertEnd
 .text.vListInsert
                0x00000000080091fe       0x72 ./Middlewares/Third_Party/FreeRTOS/Source/list.o
                0x00000000080091fe                vListInsert
 .text.uxListRemove
                0x0000000008009270       0x54 ./Middlewares/Third_Party/FreeRTOS/Source/list.o
                0x0000000008009270                uxListRemove
 .text.xQueueGenericReset
                0x00000000080092c4       0xd0 ./Middlewares/Third_Party/FreeRTOS/Source/queue.o
                0x00000000080092c4                xQueueGenericReset
 .text.xQueueGenericCreateStatic
                0x0000000008009394       0xf0 ./Middlewares/Third_Party/FreeRTOS/Source/queue.o
                0x0000000008009394                xQueueGenericCreateStatic
 .text.prvInitialiseNewQueue
                0x0000000008009484       0x46 ./Middlewares/Third_Party/FreeRTOS/Source/queue.o
 *fill*         0x00000000080094ca        0x2 
 .text.xQueueGenericSend
                0x00000000080094cc      0x1fc ./Middlewares/Third_Party/FreeRTOS/Source/queue.o
                0x00000000080094cc                xQueueGenericSend
 .text.xQueueGenericSendFromISR
                0x00000000080096c8      0x136 ./Middlewares/Third_Party/FreeRTOS/Source/queue.o
                0x00000000080096c8                xQueueGenericSendFromISR
 *fill*         0x00000000080097fe        0x2 
 .text.xQueueReceive
                0x0000000008009800      0x1c0 ./Middlewares/Third_Party/FreeRTOS/Source/queue.o
                0x0000000008009800                xQueueReceive
 .text.prvCopyDataToQueue
                0x00000000080099c0       0xd4 ./Middlewares/Third_Party/FreeRTOS/Source/queue.o
 .text.prvCopyDataFromQueue
                0x0000000008009a94       0x4c ./Middlewares/Third_Party/FreeRTOS/Source/queue.o
 .text.prvUnlockQueue
                0x0000000008009ae0       0xa4 ./Middlewares/Third_Party/FreeRTOS/Source/queue.o
 .text.prvIsQueueEmpty
                0x0000000008009b84       0x2c ./Middlewares/Third_Party/FreeRTOS/Source/queue.o
 .text.prvIsQueueFull
                0x0000000008009bb0       0x30 ./Middlewares/Third_Party/FreeRTOS/Source/queue.o
 .text.vQueueAddToRegistry
                0x0000000008009be0       0x54 ./Middlewares/Third_Party/FreeRTOS/Source/queue.o
                0x0000000008009be0                vQueueAddToRegistry
 .text.vQueueWaitForMessageRestricted
                0x0000000008009c34       0x68 ./Middlewares/Third_Party/FreeRTOS/Source/queue.o
                0x0000000008009c34                vQueueWaitForMessageRestricted
 .text.xTaskCreateStatic
                0x0000000008009c9c       0xba ./Middlewares/Third_Party/FreeRTOS/Source/tasks.o
                0x0000000008009c9c                xTaskCreateStatic
 .text.xTaskCreate
                0x0000000008009d56       0x8a ./Middlewares/Third_Party/FreeRTOS/Source/tasks.o
                0x0000000008009d56                xTaskCreate
 .text.prvInitialiseNewTask
                0x0000000008009de0      0x14c ./Middlewares/Third_Party/FreeRTOS/Source/tasks.o
 .text.prvAddNewTaskToReadyList
                0x0000000008009f2c       0xe0 ./Middlewares/Third_Party/FreeRTOS/Source/tasks.o
 .text.vTaskDelay
                0x000000000800a00c       0x68 ./Middlewares/Third_Party/FreeRTOS/Source/tasks.o
                0x000000000800a00c                vTaskDelay
 .text.vTaskStartScheduler
                0x000000000800a074       0xe0 ./Middlewares/Third_Party/FreeRTOS/Source/tasks.o
                0x000000000800a074                vTaskStartScheduler
 .text.vTaskSuspendAll
                0x000000000800a154       0x1c ./Middlewares/Third_Party/FreeRTOS/Source/tasks.o
                0x000000000800a154                vTaskSuspendAll
 .text.xTaskResumeAll
                0x000000000800a170      0x13c ./Middlewares/Third_Party/FreeRTOS/Source/tasks.o
                0x000000000800a170                xTaskResumeAll
 .text.xTaskGetTickCount
                0x000000000800a2ac       0x20 ./Middlewares/Third_Party/FreeRTOS/Source/tasks.o
                0x000000000800a2ac                xTaskGetTickCount
 .text.xTaskIncrementTick
                0x000000000800a2cc      0x174 ./Middlewares/Third_Party/FreeRTOS/Source/tasks.o
                0x000000000800a2cc                xTaskIncrementTick
 .text.vTaskSwitchContext
                0x000000000800a440       0xc8 ./Middlewares/Third_Party/FreeRTOS/Source/tasks.o
                0x000000000800a440                vTaskSwitchContext
 .text.vTaskPlaceOnEventList
                0x000000000800a508       0x48 ./Middlewares/Third_Party/FreeRTOS/Source/tasks.o
                0x000000000800a508                vTaskPlaceOnEventList
 .text.vTaskPlaceOnEventListRestricted
                0x000000000800a550       0x58 ./Middlewares/Third_Party/FreeRTOS/Source/tasks.o
                0x000000000800a550                vTaskPlaceOnEventListRestricted
 .text.xTaskRemoveFromEventList
                0x000000000800a5a8       0xc8 ./Middlewares/Third_Party/FreeRTOS/Source/tasks.o
                0x000000000800a5a8                xTaskRemoveFromEventList
 .text.vTaskInternalSetTimeOutState
                0x000000000800a670       0x2c ./Middlewares/Third_Party/FreeRTOS/Source/tasks.o
                0x000000000800a670                vTaskInternalSetTimeOutState
 .text.xTaskCheckForTimeOut
                0x000000000800a69c       0xc4 ./Middlewares/Third_Party/FreeRTOS/Source/tasks.o
                0x000000000800a69c                xTaskCheckForTimeOut
 .text.vTaskMissedYield
                0x000000000800a760       0x18 ./Middlewares/Third_Party/FreeRTOS/Source/tasks.o
                0x000000000800a760                vTaskMissedYield
 .text.prvIdleTask
                0x000000000800a778       0x30 ./Middlewares/Third_Party/FreeRTOS/Source/tasks.o
 .text.prvInitialiseTaskLists
                0x000000000800a7a8       0x80 ./Middlewares/Third_Party/FreeRTOS/Source/tasks.o
 .text.prvCheckTasksWaitingTermination
                0x000000000800a828       0x5c ./Middlewares/Third_Party/FreeRTOS/Source/tasks.o
 .text.prvDeleteTCB
                0x000000000800a884       0x68 ./Middlewares/Third_Party/FreeRTOS/Source/tasks.o
 .text.prvResetNextTaskUnblockTime
                0x000000000800a8ec       0x40 ./Middlewares/Third_Party/FreeRTOS/Source/tasks.o
 .text.xTaskGetSchedulerState
                0x000000000800a92c       0x3c ./Middlewares/Third_Party/FreeRTOS/Source/tasks.o
                0x000000000800a92c                xTaskGetSchedulerState
 .text.xTaskPriorityDisinherit
                0x000000000800a968       0xdc ./Middlewares/Third_Party/FreeRTOS/Source/tasks.o
                0x000000000800a968                xTaskPriorityDisinherit
 .text.prvAddCurrentTaskToDelayedList
                0x000000000800aa44       0xa8 ./Middlewares/Third_Party/FreeRTOS/Source/tasks.o
 .text.xTimerCreateTimerTask
                0x000000000800aaec       0x90 ./Middlewares/Third_Party/FreeRTOS/Source/timers.o
                0x000000000800aaec                xTimerCreateTimerTask
 .text.xTimerGenericCommand
                0x000000000800ab7c       0x9c ./Middlewares/Third_Party/FreeRTOS/Source/timers.o
                0x000000000800ab7c                xTimerGenericCommand
 .text.prvProcessExpiredTimer
                0x000000000800ac18       0x98 ./Middlewares/Third_Party/FreeRTOS/Source/timers.o
 .text.prvTimerTask
                0x000000000800acb0       0x24 ./Middlewares/Third_Party/FreeRTOS/Source/timers.o
 .text.prvProcessTimerOrBlockTask
                0x000000000800acd4       0x9c ./Middlewares/Third_Party/FreeRTOS/Source/timers.o
 .text.prvGetNextExpireTime
                0x000000000800ad70       0x48 ./Middlewares/Third_Party/FreeRTOS/Source/timers.o
 .text.prvSampleTimeNow
                0x000000000800adb8       0x40 ./Middlewares/Third_Party/FreeRTOS/Source/timers.o
 .text.prvInsertTimerInActiveList
                0x000000000800adf8       0x84 ./Middlewares/Third_Party/FreeRTOS/Source/timers.o
 .text.prvProcessReceivedCommands
                0x000000000800ae7c      0x1c4 ./Middlewares/Third_Party/FreeRTOS/Source/timers.o
 .text.prvSwitchTimerLists
                0x000000000800b040       0xc8 ./Middlewares/Third_Party/FreeRTOS/Source/timers.o
 .text.prvCheckForValidListAndQueue
                0x000000000800b108       0x80 ./Middlewares/Third_Party/FreeRTOS/Source/timers.o
 .text.pxPortInitialiseStack
                0x000000000800b188       0x68 ./Middlewares/Third_Party/FreeRTOS/Source/portable/GCC/ARM_CM4F/port.o
                0x000000000800b188                pxPortInitialiseStack
 .text.prvTaskExitError
                0x000000000800b1f0       0x58 ./Middlewares/Third_Party/FreeRTOS/Source/portable/GCC/ARM_CM4F/port.o
 *fill*         0x000000000800b248        0x8 
 .text.SVC_Handler
                0x000000000800b250       0x28 ./Middlewares/Third_Party/FreeRTOS/Source/portable/GCC/ARM_CM4F/port.o
                0x000000000800b250                SVC_Handler
 .text.prvPortStartFirstTask
                0x000000000800b278       0x28 ./Middlewares/Third_Party/FreeRTOS/Source/portable/GCC/ARM_CM4F/port.o
 .text.xPortStartScheduler
                0x000000000800b2a0      0x144 ./Middlewares/Third_Party/FreeRTOS/Source/portable/GCC/ARM_CM4F/port.o
                0x000000000800b2a0                xPortStartScheduler
 .text.vPortEnterCritical
                0x000000000800b3e4       0x60 ./Middlewares/Third_Party/FreeRTOS/Source/portable/GCC/ARM_CM4F/port.o
                0x000000000800b3e4                vPortEnterCritical
 .text.vPortExitCritical
                0x000000000800b444       0x54 ./Middlewares/Third_Party/FreeRTOS/Source/portable/GCC/ARM_CM4F/port.o
                0x000000000800b444                vPortExitCritical
 *fill*         0x000000000800b498        0x8 
 .text.PendSV_Handler
                0x000000000800b4a0       0x68 ./Middlewares/Third_Party/FreeRTOS/Source/portable/GCC/ARM_CM4F/port.o
                0x000000000800b4a0                PendSV_Handler
 .text.xPortSysTickHandler
                0x000000000800b508       0x44 ./Middlewares/Third_Party/FreeRTOS/Source/portable/GCC/ARM_CM4F/port.o
                0x000000000800b508                xPortSysTickHandler
 .text.vPortSetupTimerInterrupt
                0x000000000800b54c       0x48 ./Middlewares/Third_Party/FreeRTOS/Source/portable/GCC/ARM_CM4F/port.o
                0x000000000800b54c                vPortSetupTimerInterrupt
 .text.vPortEnableVFP
                0x000000000800b594       0x14 ./Middlewares/Third_Party/FreeRTOS/Source/portable/GCC/ARM_CM4F/port.o
 .text.vPortValidateInterruptPriority
                0x000000000800b5a8       0x80 ./Middlewares/Third_Party/FreeRTOS/Source/portable/GCC/ARM_CM4F/port.o
                0x000000000800b5a8                vPortValidateInterruptPriority
 .text.pvPortMalloc
                0x000000000800b628      0x198 ./Middlewares/Third_Party/FreeRTOS/Source/portable/MemMang/heap_4.o
                0x000000000800b628                pvPortMalloc
 .text.vPortFree
                0x000000000800b7c0       0xc4 ./Middlewares/Third_Party/FreeRTOS/Source/portable/MemMang/heap_4.o
                0x000000000800b7c0                vPortFree
 .text.prvHeapInit
                0x000000000800b884       0xc4 ./Middlewares/Third_Party/FreeRTOS/Source/portable/MemMang/heap_4.o
 .text.prvInsertBlockIntoFreeList
                0x000000000800b948       0xb4 ./Middlewares/Third_Party/FreeRTOS/Source/portable/MemMang/heap_4.o
 .text.__cvt    0x000000000800b9fc       0xc4 C:/Users/leozk/Documents/STM32CubeIDE_1.10.0/STM32CubeIDE/plugins/com.st.stm32cube.ide.mcu.externaltools.gnu-tools-for-stm32.11.3.rel1.win32_1.1.0.202305231506/tools/bin/../lib/gcc/arm-none-eabi/11.3.1/../../../../arm-none-eabi/lib/thumb/v7e-m+fp/hard\libc_nano.a(libc_a-nano-vfprintf_float.o)
                0x000000000800b9fc                __cvt
 .text.__exponent
                0x000000000800bac0       0x7c C:/Users/leozk/Documents/STM32CubeIDE_1.10.0/STM32CubeIDE/plugins/com.st.stm32cube.ide.mcu.externaltools.gnu-tools-for-stm32.11.3.rel1.win32_1.1.0.202305231506/tools/bin/../lib/gcc/arm-none-eabi/11.3.1/../../../../arm-none-eabi/lib/thumb/v7e-m+fp/hard\libc_nano.a(libc_a-nano-vfprintf_float.o)
                0x000000000800bac0                __exponent
 .text._printf_float
                0x000000000800bb3c      0x46c C:/Users/leozk/Documents/STM32CubeIDE_1.10.0/STM32CubeIDE/plugins/com.st.stm32cube.ide.mcu.externaltools.gnu-tools-for-stm32.11.3.rel1.win32_1.1.0.202305231506/tools/bin/../lib/gcc/arm-none-eabi/11.3.1/../../../../arm-none-eabi/lib/thumb/v7e-m+fp/hard\libc_nano.a(libc_a-nano-vfprintf_float.o)
                0x000000000800bb3c                _printf_float
 .text._printf_common
                0x000000000800bfa8       0xda C:/Users/leozk/Documents/STM32CubeIDE_1.10.0/STM32CubeIDE/plugins/com.st.stm32cube.ide.mcu.externaltools.gnu-tools-for-stm32.11.3.rel1.win32_1.1.0.202305231506/tools/bin/../lib/gcc/arm-none-eabi/11.3.1/../../../../arm-none-eabi/lib/thumb/v7e-m+fp/hard\libc_nano.a(libc_a-nano-vfprintf_i.o)
                0x000000000800bfa8                _printf_common
 *fill*         0x000000000800c082        0x2 
 .text._printf_i
                0x000000000800c084      0x244 C:/Users/leozk/Documents/STM32CubeIDE_1.10.0/STM32CubeIDE/plugins/com.st.stm32cube.ide.mcu.externaltools.gnu-tools-for-stm32.11.3.rel1.win32_1.1.0.202305231506/tools/bin/../lib/gcc/arm-none-eabi/11.3.1/../../../../arm-none-eabi/lib/thumb/v7e-m+fp/hard\libc_nano.a(libc_a-nano-vfprintf_i.o)
                0x000000000800c084                _printf_i
 .text.std      0x000000000800c2c8       0x48 C:/Users/leozk/Documents/STM32CubeIDE_1.10.0/STM32CubeIDE/plugins/com.st.stm32cube.ide.mcu.externaltools.gnu-tools-for-stm32.11.3.rel1.win32_1.1.0.202305231506/tools/bin/../lib/gcc/arm-none-eabi/11.3.1/../../../../arm-none-eabi/lib/thumb/v7e-m+fp/hard\libc_nano.a(libc_a-findfp.o)
 .text.stdio_exit_handler
                0x000000000800c310       0x18 C:/Users/leozk/Documents/STM32CubeIDE_1.10.0/STM32CubeIDE/plugins/com.st.stm32cube.ide.mcu.externaltools.gnu-tools-for-stm32.11.3.rel1.win32_1.1.0.202305231506/tools/bin/../lib/gcc/arm-none-eabi/11.3.1/../../../../arm-none-eabi/lib/thumb/v7e-m+fp/hard\libc_nano.a(libc_a-findfp.o)
 .text.cleanup_stdio
                0x000000000800c328       0x40 C:/Users/leozk/Documents/STM32CubeIDE_1.10.0/STM32CubeIDE/plugins/com.st.stm32cube.ide.mcu.externaltools.gnu-tools-for-stm32.11.3.rel1.win32_1.1.0.202305231506/tools/bin/../lib/gcc/arm-none-eabi/11.3.1/../../../../arm-none-eabi/lib/thumb/v7e-m+fp/hard\libc_nano.a(libc_a-findfp.o)
 .text.global_stdio_init.part.0
                0x000000000800c368       0x3c C:/Users/leozk/Documents/STM32CubeIDE_1.10.0/STM32CubeIDE/plugins/com.st.stm32cube.ide.mcu.externaltools.gnu-tools-for-stm32.11.3.rel1.win32_1.1.0.202305231506/tools/bin/../lib/gcc/arm-none-eabi/11.3.1/../../../../arm-none-eabi/lib/thumb/v7e-m+fp/hard\libc_nano.a(libc_a-findfp.o)
 .text.__sfp_lock_acquire
                0x000000000800c3a4        0xc C:/Users/leozk/Documents/STM32CubeIDE_1.10.0/STM32CubeIDE/plugins/com.st.stm32cube.ide.mcu.externaltools.gnu-tools-for-stm32.11.3.rel1.win32_1.1.0.202305231506/tools/bin/../lib/gcc/arm-none-eabi/11.3.1/../../../../arm-none-eabi/lib/thumb/v7e-m+fp/hard\libc_nano.a(libc_a-findfp.o)
                0x000000000800c3a4                __sfp_lock_acquire
 .text.__sfp_lock_release
                0x000000000800c3b0        0xc C:/Users/leozk/Documents/STM32CubeIDE_1.10.0/STM32CubeIDE/plugins/com.st.stm32cube.ide.mcu.externaltools.gnu-tools-for-stm32.11.3.rel1.win32_1.1.0.202305231506/tools/bin/../lib/gcc/arm-none-eabi/11.3.1/../../../../arm-none-eabi/lib/thumb/v7e-m+fp/hard\libc_nano.a(libc_a-findfp.o)
                0x000000000800c3b0                __sfp_lock_release
 .text.__sinit  0x000000000800c3bc       0x30 C:/Users/leozk/Documents/STM32CubeIDE_1.10.0/STM32CubeIDE/plugins/com.st.stm32cube.ide.mcu.externaltools.gnu-tools-for-stm32.11.3.rel1.win32_1.1.0.202305231506/tools/bin/../lib/gcc/arm-none-eabi/11.3.1/../../../../arm-none-eabi/lib/thumb/v7e-m+fp/hard\libc_nano.a(libc_a-findfp.o)
                0x000000000800c3bc                __sinit
 .text._fwalk_sglue
                0x000000000800c3ec       0x3c C:/Users/leozk/Documents/STM32CubeIDE_1.10.0/STM32CubeIDE/plugins/com.st.stm32cube.ide.mcu.externaltools.gnu-tools-for-stm32.11.3.rel1.win32_1.1.0.202305231506/tools/bin/../lib/gcc/arm-none-eabi/11.3.1/../../../../arm-none-eabi/lib/thumb/v7e-m+fp/hard\libc_nano.a(libc_a-fwalk.o)
                0x000000000800c3ec                _fwalk_sglue
 .text.sprintf  0x000000000800c428       0x40 C:/Users/leozk/Documents/STM32CubeIDE_1.10.0/STM32CubeIDE/plugins/com.st.stm32cube.ide.mcu.externaltools.gnu-tools-for-stm32.11.3.rel1.win32_1.1.0.202305231506/tools/bin/../lib/gcc/arm-none-eabi/11.3.1/../../../../arm-none-eabi/lib/thumb/v7e-m+fp/hard\libc_nano.a(libc_a-sprintf.o)
                0x000000000800c428                siprintf
                0x000000000800c428                sprintf
 .text.__sread  0x000000000800c468       0x22 C:/Users/leozk/Documents/STM32CubeIDE_1.10.0/STM32CubeIDE/plugins/com.st.stm32cube.ide.mcu.externaltools.gnu-tools-for-stm32.11.3.rel1.win32_1.1.0.202305231506/tools/bin/../lib/gcc/arm-none-eabi/11.3.1/../../../../arm-none-eabi/lib/thumb/v7e-m+fp/hard\libc_nano.a(libc_a-stdio.o)
                0x000000000800c468                __sread
 .text.__swrite
                0x000000000800c48a       0x38 C:/Users/leozk/Documents/STM32CubeIDE_1.10.0/STM32CubeIDE/plugins/com.st.stm32cube.ide.mcu.externaltools.gnu-tools-for-stm32.11.3.rel1.win32_1.1.0.202305231506/tools/bin/../lib/gcc/arm-none-eabi/11.3.1/../../../../arm-none-eabi/lib/thumb/v7e-m+fp/hard\libc_nano.a(libc_a-stdio.o)
                0x000000000800c48a                __swrite
 .text.__sseek  0x000000000800c4c2       0x24 C:/Users/leozk/Documents/STM32CubeIDE_1.10.0/STM32CubeIDE/plugins/com.st.stm32cube.ide.mcu.externaltools.gnu-tools-for-stm32.11.3.rel1.win32_1.1.0.202305231506/tools/bin/../lib/gcc/arm-none-eabi/11.3.1/../../../../arm-none-eabi/lib/thumb/v7e-m+fp/hard\libc_nano.a(libc_a-stdio.o)
                0x000000000800c4c2                __sseek
 .text.__sclose
                0x000000000800c4e6        0x8 C:/Users/leozk/Documents/STM32CubeIDE_1.10.0/STM32CubeIDE/plugins/com.st.stm32cube.ide.mcu.externaltools.gnu-tools-for-stm32.11.3.rel1.win32_1.1.0.202305231506/tools/bin/../lib/gcc/arm-none-eabi/11.3.1/../../../../arm-none-eabi/lib/thumb/v7e-m+fp/hard\libc_nano.a(libc_a-stdio.o)
                0x000000000800c4e6                __sclose
 .text.memset   0x000000000800c4ee       0x10 C:/Users/leozk/Documents/STM32CubeIDE_1.10.0/STM32CubeIDE/plugins/com.st.stm32cube.ide.mcu.externaltools.gnu-tools-for-stm32.11.3.rel1.win32_1.1.0.202305231506/tools/bin/../lib/gcc/arm-none-eabi/11.3.1/../../../../arm-none-eabi/lib/thumb/v7e-m+fp/hard\libc_nano.a(libc_a-memset.o)
                0x000000000800c4ee                memset
 *fill*         0x000000000800c4fe        0x2 
 .text._localeconv_r
                0x000000000800c500        0x8 C:/Users/leozk/Documents/STM32CubeIDE_1.10.0/STM32CubeIDE/plugins/com.st.stm32cube.ide.mcu.externaltools.gnu-tools-for-stm32.11.3.rel1.win32_1.1.0.202305231506/tools/bin/../lib/gcc/arm-none-eabi/11.3.1/../../../../arm-none-eabi/lib/thumb/v7e-m+fp/hard\libc_nano.a(libc_a-localeconv.o)
                0x000000000800c500                _localeconv_r
 .text._close_r
                0x000000000800c508       0x20 C:/Users/leozk/Documents/STM32CubeIDE_1.10.0/STM32CubeIDE/plugins/com.st.stm32cube.ide.mcu.externaltools.gnu-tools-for-stm32.11.3.rel1.win32_1.1.0.202305231506/tools/bin/../lib/gcc/arm-none-eabi/11.3.1/../../../../arm-none-eabi/lib/thumb/v7e-m+fp/hard\libc_nano.a(libc_a-closer.o)
                0x000000000800c508                _close_r
 .text._reclaim_reent
                0x000000000800c528       0xac C:/Users/leozk/Documents/STM32CubeIDE_1.10.0/STM32CubeIDE/plugins/com.st.stm32cube.ide.mcu.externaltools.gnu-tools-for-stm32.11.3.rel1.win32_1.1.0.202305231506/tools/bin/../lib/gcc/arm-none-eabi/11.3.1/../../../../arm-none-eabi/lib/thumb/v7e-m+fp/hard\libc_nano.a(libc_a-reent.o)
                0x000000000800c528                _reclaim_reent
 .text._lseek_r
                0x000000000800c5d4       0x24 C:/Users/leozk/Documents/STM32CubeIDE_1.10.0/STM32CubeIDE/plugins/com.st.stm32cube.ide.mcu.externaltools.gnu-tools-for-stm32.11.3.rel1.win32_1.1.0.202305231506/tools/bin/../lib/gcc/arm-none-eabi/11.3.1/../../../../arm-none-eabi/lib/thumb/v7e-m+fp/hard\libc_nano.a(libc_a-lseekr.o)
                0x000000000800c5d4                _lseek_r
 .text._read_r  0x000000000800c5f8       0x24 C:/Users/leozk/Documents/STM32CubeIDE_1.10.0/STM32CubeIDE/plugins/com.st.stm32cube.ide.mcu.externaltools.gnu-tools-for-stm32.11.3.rel1.win32_1.1.0.202305231506/tools/bin/../lib/gcc/arm-none-eabi/11.3.1/../../../../arm-none-eabi/lib/thumb/v7e-m+fp/hard\libc_nano.a(libc_a-readr.o)
                0x000000000800c5f8                _read_r
 .text._write_r
                0x000000000800c61c       0x24 C:/Users/leozk/Documents/STM32CubeIDE_1.10.0/STM32CubeIDE/plugins/com.st.stm32cube.ide.mcu.externaltools.gnu-tools-for-stm32.11.3.rel1.win32_1.1.0.202305231506/tools/bin/../lib/gcc/arm-none-eabi/11.3.1/../../../../arm-none-eabi/lib/thumb/v7e-m+fp/hard\libc_nano.a(libc_a-writer.o)
                0x000000000800c61c                _write_r
 .text.__errno  0x000000000800c640        0xc C:/Users/leozk/Documents/STM32CubeIDE_1.10.0/STM32CubeIDE/plugins/com.st.stm32cube.ide.mcu.externaltools.gnu-tools-for-stm32.11.3.rel1.win32_1.1.0.202305231506/tools/bin/../lib/gcc/arm-none-eabi/11.3.1/../../../../arm-none-eabi/lib/thumb/v7e-m+fp/hard\libc_nano.a(libc_a-errno.o)
                0x000000000800c640                __errno
 .text.__libc_init_array
                0x000000000800c64c       0x48 C:/Users/leozk/Documents/STM32CubeIDE_1.10.0/STM32CubeIDE/plugins/com.st.stm32cube.ide.mcu.externaltools.gnu-tools-for-stm32.11.3.rel1.win32_1.1.0.202305231506/tools/bin/../lib/gcc/arm-none-eabi/11.3.1/../../../../arm-none-eabi/lib/thumb/v7e-m+fp/hard\libc_nano.a(libc_a-init.o)
                0x000000000800c64c                __libc_init_array
 .text.__retarget_lock_acquire_recursive
                0x000000000800c694        0x2 C:/Users/leozk/Documents/STM32CubeIDE_1.10.0/STM32CubeIDE/plugins/com.st.stm32cube.ide.mcu.externaltools.gnu-tools-for-stm32.11.3.rel1.win32_1.1.0.202305231506/tools/bin/../lib/gcc/arm-none-eabi/11.3.1/../../../../arm-none-eabi/lib/thumb/v7e-m+fp/hard\libc_nano.a(libc_a-lock.o)
                0x000000000800c694                __retarget_lock_acquire_recursive
 .text.__retarget_lock_release_recursive
                0x000000000800c696        0x2 C:/Users/leozk/Documents/STM32CubeIDE_1.10.0/STM32CubeIDE/plugins/com.st.stm32cube.ide.mcu.externaltools.gnu-tools-for-stm32.11.3.rel1.win32_1.1.0.202305231506/tools/bin/../lib/gcc/arm-none-eabi/11.3.1/../../../../arm-none-eabi/lib/thumb/v7e-m+fp/hard\libc_nano.a(libc_a-lock.o)
                0x000000000800c696                __retarget_lock_release_recursive
 .text.memcpy   0x000000000800c698       0x1c C:/Users/leozk/Documents/STM32CubeIDE_1.10.0/STM32CubeIDE/plugins/com.st.stm32cube.ide.mcu.externaltools.gnu-tools-for-stm32.11.3.rel1.win32_1.1.0.202305231506/tools/bin/../lib/gcc/arm-none-eabi/11.3.1/../../../../arm-none-eabi/lib/thumb/v7e-m+fp/hard\libc_nano.a(libc_a-memcpy-stub.o)
                0x000000000800c698                memcpy
 .text.quorem   0x000000000800c6b4      0x110 C:/Users/leozk/Documents/STM32CubeIDE_1.10.0/STM32CubeIDE/plugins/com.st.stm32cube.ide.mcu.externaltools.gnu-tools-for-stm32.11.3.rel1.win32_1.1.0.202305231506/tools/bin/../lib/gcc/arm-none-eabi/11.3.1/../../../../arm-none-eabi/lib/thumb/v7e-m+fp/hard\libc_nano.a(libc_a-dtoa.o)
 *fill*         0x000000000800c7c4        0x4 
 .text._dtoa_r  0x000000000800c7c8      0xbe4 C:/Users/leozk/Documents/STM32CubeIDE_1.10.0/STM32CubeIDE/plugins/com.st.stm32cube.ide.mcu.externaltools.gnu-tools-for-stm32.11.3.rel1.win32_1.1.0.202305231506/tools/bin/../lib/gcc/arm-none-eabi/11.3.1/../../../../arm-none-eabi/lib/thumb/v7e-m+fp/hard\libc_nano.a(libc_a-dtoa.o)
                0x000000000800c7c8                _dtoa_r
 .text._free_r  0x000000000800d3ac       0x98 C:/Users/leozk/Documents/STM32CubeIDE_1.10.0/STM32CubeIDE/plugins/com.st.stm32cube.ide.mcu.externaltools.gnu-tools-for-stm32.11.3.rel1.win32_1.1.0.202305231506/tools/bin/../lib/gcc/arm-none-eabi/11.3.1/../../../../arm-none-eabi/lib/thumb/v7e-m+fp/hard\libc_nano.a(libc_a-freer.o)
                0x000000000800d3ac                _free_r
 .text.malloc   0x000000000800d444       0x10 C:/Users/leozk/Documents/STM32CubeIDE_1.10.0/STM32CubeIDE/plugins/com.st.stm32cube.ide.mcu.externaltools.gnu-tools-for-stm32.11.3.rel1.win32_1.1.0.202305231506/tools/bin/../lib/gcc/arm-none-eabi/11.3.1/../../../../arm-none-eabi/lib/thumb/v7e-m+fp/hard\libc_nano.a(libc_a-malloc.o)
                0x000000000800d444                malloc
 .text.sbrk_aligned
                0x000000000800d454       0x40 C:/Users/leozk/Documents/STM32CubeIDE_1.10.0/STM32CubeIDE/plugins/com.st.stm32cube.ide.mcu.externaltools.gnu-tools-for-stm32.11.3.rel1.win32_1.1.0.202305231506/tools/bin/../lib/gcc/arm-none-eabi/11.3.1/../../../../arm-none-eabi/lib/thumb/v7e-m+fp/hard\libc_nano.a(libc_a-mallocr.o)
 .text._malloc_r
                0x000000000800d494      0x100 C:/Users/leozk/Documents/STM32CubeIDE_1.10.0/STM32CubeIDE/plugins/com.st.stm32cube.ide.mcu.externaltools.gnu-tools-for-stm32.11.3.rel1.win32_1.1.0.202305231506/tools/bin/../lib/gcc/arm-none-eabi/11.3.1/../../../../arm-none-eabi/lib/thumb/v7e-m+fp/hard\libc_nano.a(libc_a-mallocr.o)
                0x000000000800d494                _malloc_r
 .text.__malloc_lock
                0x000000000800d594        0xc C:/Users/leozk/Documents/STM32CubeIDE_1.10.0/STM32CubeIDE/plugins/com.st.stm32cube.ide.mcu.externaltools.gnu-tools-for-stm32.11.3.rel1.win32_1.1.0.202305231506/tools/bin/../lib/gcc/arm-none-eabi/11.3.1/../../../../arm-none-eabi/lib/thumb/v7e-m+fp/hard\libc_nano.a(libc_a-mlock.o)
                0x000000000800d594                __malloc_lock
 .text.__malloc_unlock
                0x000000000800d5a0        0xc C:/Users/leozk/Documents/STM32CubeIDE_1.10.0/STM32CubeIDE/plugins/com.st.stm32cube.ide.mcu.externaltools.gnu-tools-for-stm32.11.3.rel1.win32_1.1.0.202305231506/tools/bin/../lib/gcc/arm-none-eabi/11.3.1/../../../../arm-none-eabi/lib/thumb/v7e-m+fp/hard\libc_nano.a(libc_a-mlock.o)
                0x000000000800d5a0                __malloc_unlock
 .text._Balloc  0x000000000800d5ac       0x80 C:/Users/leozk/Documents/STM32CubeIDE_1.10.0/STM32CubeIDE/plugins/com.st.stm32cube.ide.mcu.externaltools.gnu-tools-for-stm32.11.3.rel1.win32_1.1.0.202305231506/tools/bin/../lib/gcc/arm-none-eabi/11.3.1/../../../../arm-none-eabi/lib/thumb/v7e-m+fp/hard\libc_nano.a(libc_a-mprec.o)
                0x000000000800d5ac                _Balloc
 .text._Bfree   0x000000000800d62c       0x44 C:/Users/leozk/Documents/STM32CubeIDE_1.10.0/STM32CubeIDE/plugins/com.st.stm32cube.ide.mcu.externaltools.gnu-tools-for-stm32.11.3.rel1.win32_1.1.0.202305231506/tools/bin/../lib/gcc/arm-none-eabi/11.3.1/../../../../arm-none-eabi/lib/thumb/v7e-m+fp/hard\libc_nano.a(libc_a-mprec.o)
                0x000000000800d62c                _Bfree
 .text.__multadd
                0x000000000800d670       0x8c C:/Users/leozk/Documents/STM32CubeIDE_1.10.0/STM32CubeIDE/plugins/com.st.stm32cube.ide.mcu.externaltools.gnu-tools-for-stm32.11.3.rel1.win32_1.1.0.202305231506/tools/bin/../lib/gcc/arm-none-eabi/11.3.1/../../../../arm-none-eabi/lib/thumb/v7e-m+fp/hard\libc_nano.a(libc_a-mprec.o)
                0x000000000800d670                __multadd
 .text.__hi0bits
                0x000000000800d6fc       0x40 C:/Users/leozk/Documents/STM32CubeIDE_1.10.0/STM32CubeIDE/plugins/com.st.stm32cube.ide.mcu.externaltools.gnu-tools-for-stm32.11.3.rel1.win32_1.1.0.202305231506/tools/bin/../lib/gcc/arm-none-eabi/11.3.1/../../../../arm-none-eabi/lib/thumb/v7e-m+fp/hard\libc_nano.a(libc_a-mprec.o)
                0x000000000800d6fc                __hi0bits
 .text.__lo0bits
                0x000000000800d73c       0x5a C:/Users/leozk/Documents/STM32CubeIDE_1.10.0/STM32CubeIDE/plugins/com.st.stm32cube.ide.mcu.externaltools.gnu-tools-for-stm32.11.3.rel1.win32_1.1.0.202305231506/tools/bin/../lib/gcc/arm-none-eabi/11.3.1/../../../../arm-none-eabi/lib/thumb/v7e-m+fp/hard\libc_nano.a(libc_a-mprec.o)
                0x000000000800d73c                __lo0bits
 *fill*         0x000000000800d796        0x2 
 .text.__i2b    0x000000000800d798       0x2c C:/Users/leozk/Documents/STM32CubeIDE_1.10.0/STM32CubeIDE/plugins/com.st.stm32cube.ide.mcu.externaltools.gnu-tools-for-stm32.11.3.rel1.win32_1.1.0.202305231506/tools/bin/../lib/gcc/arm-none-eabi/11.3.1/../../../../arm-none-eabi/lib/thumb/v7e-m+fp/hard\libc_nano.a(libc_a-mprec.o)
                0x000000000800d798                __i2b
 .text.__multiply
                0x000000000800d7c4      0x154 C:/Users/leozk/Documents/STM32CubeIDE_1.10.0/STM32CubeIDE/plugins/com.st.stm32cube.ide.mcu.externaltools.gnu-tools-for-stm32.11.3.rel1.win32_1.1.0.202305231506/tools/bin/../lib/gcc/arm-none-eabi/11.3.1/../../../../arm-none-eabi/lib/thumb/v7e-m+fp/hard\libc_nano.a(libc_a-mprec.o)
                0x000000000800d7c4                __multiply
 .text.__pow5mult
                0x000000000800d918       0xb4 C:/Users/leozk/Documents/STM32CubeIDE_1.10.0/STM32CubeIDE/plugins/com.st.stm32cube.ide.mcu.externaltools.gnu-tools-for-stm32.11.3.rel1.win32_1.1.0.202305231506/tools/bin/../lib/gcc/arm-none-eabi/11.3.1/../../../../arm-none-eabi/lib/thumb/v7e-m+fp/hard\libc_nano.a(libc_a-mprec.o)
                0x000000000800d918                __pow5mult
 .text.__lshift
                0x000000000800d9cc       0xd8 C:/Users/leozk/Documents/STM32CubeIDE_1.10.0/STM32CubeIDE/plugins/com.st.stm32cube.ide.mcu.externaltools.gnu-tools-for-stm32.11.3.rel1.win32_1.1.0.202305231506/tools/bin/../lib/gcc/arm-none-eabi/11.3.1/../../../../arm-none-eabi/lib/thumb/v7e-m+fp/hard\libc_nano.a(libc_a-mprec.o)
                0x000000000800d9cc                __lshift
 .text.__mcmp   0x000000000800daa4       0x38 C:/Users/leozk/Documents/STM32CubeIDE_1.10.0/STM32CubeIDE/plugins/com.st.stm32cube.ide.mcu.externaltools.gnu-tools-for-stm32.11.3.rel1.win32_1.1.0.202305231506/tools/bin/../lib/gcc/arm-none-eabi/11.3.1/../../../../arm-none-eabi/lib/thumb/v7e-m+fp/hard\libc_nano.a(libc_a-mprec.o)
                0x000000000800daa4                __mcmp
 .text.__mdiff  0x000000000800dadc      0x114 C:/Users/leozk/Documents/STM32CubeIDE_1.10.0/STM32CubeIDE/plugins/com.st.stm32cube.ide.mcu.externaltools.gnu-tools-for-stm32.11.3.rel1.win32_1.1.0.202305231506/tools/bin/../lib/gcc/arm-none-eabi/11.3.1/../../../../arm-none-eabi/lib/thumb/v7e-m+fp/hard\libc_nano.a(libc_a-mprec.o)
                0x000000000800dadc                __mdiff
 .text.__d2b    0x000000000800dbf0       0xb4 C:/Users/leozk/Documents/STM32CubeIDE_1.10.0/STM32CubeIDE/plugins/com.st.stm32cube.ide.mcu.externaltools.gnu-tools-for-stm32.11.3.rel1.win32_1.1.0.202305231506/tools/bin/../lib/gcc/arm-none-eabi/11.3.1/../../../../arm-none-eabi/lib/thumb/v7e-m+fp/hard\libc_nano.a(libc_a-mprec.o)
                0x000000000800dbf0                __d2b
 .text.__ssputs_r
                0x000000000800dca4       0xb4 C:/Users/leozk/Documents/STM32CubeIDE_1.10.0/STM32CubeIDE/plugins/com.st.stm32cube.ide.mcu.externaltools.gnu-tools-for-stm32.11.3.rel1.win32_1.1.0.202305231506/tools/bin/../lib/gcc/arm-none-eabi/11.3.1/../../../../arm-none-eabi/lib/thumb/v7e-m+fp/hard\libc_nano.a(libc_a-nano-svfprintf.o)
                0x000000000800dca4                __ssputs_r
 .text._svfprintf_r
                0x000000000800dd58      0x1fc C:/Users/leozk/Documents/STM32CubeIDE_1.10.0/STM32CubeIDE/plugins/com.st.stm32cube.ide.mcu.externaltools.gnu-tools-for-stm32.11.3.rel1.win32_1.1.0.202305231506/tools/bin/../lib/gcc/arm-none-eabi/11.3.1/../../../../arm-none-eabi/lib/thumb/v7e-m+fp/hard\libc_nano.a(libc_a-nano-svfprintf.o)
                0x000000000800dd58                _svfiprintf_r
                0x000000000800dd58                _svfprintf_r
 .text.__sflush_r
                0x000000000800df54      0x10c C:/Users/leozk/Documents/STM32CubeIDE_1.10.0/STM32CubeIDE/plugins/com.st.stm32cube.ide.mcu.externaltools.gnu-tools-for-stm32.11.3.rel1.win32_1.1.0.202305231506/tools/bin/../lib/gcc/arm-none-eabi/11.3.1/../../../../arm-none-eabi/lib/thumb/v7e-m+fp/hard\libc_nano.a(libc_a-fflush.o)
                0x000000000800df54                __sflush_r
 .text._fflush_r
                0x000000000800e060       0x50 C:/Users/leozk/Documents/STM32CubeIDE_1.10.0/STM32CubeIDE/plugins/com.st.stm32cube.ide.mcu.externaltools.gnu-tools-for-stm32.11.3.rel1.win32_1.1.0.202305231506/tools/bin/../lib/gcc/arm-none-eabi/11.3.1/../../../../arm-none-eabi/lib/thumb/v7e-m+fp/hard\libc_nano.a(libc_a-fflush.o)
                0x000000000800e060                _fflush_r
 .text.memmove  0x000000000800e0b0       0x34 C:/Users/leozk/Documents/STM32CubeIDE_1.10.0/STM32CubeIDE/plugins/com.st.stm32cube.ide.mcu.externaltools.gnu-tools-for-stm32.11.3.rel1.win32_1.1.0.202305231506/tools/bin/../lib/gcc/arm-none-eabi/11.3.1/../../../../arm-none-eabi/lib/thumb/v7e-m+fp/hard\libc_nano.a(libc_a-memmove.o)
                0x000000000800e0b0                memmove
 .text._sbrk_r  0x000000000800e0e4       0x20 C:/Users/leozk/Documents/STM32CubeIDE_1.10.0/STM32CubeIDE/plugins/com.st.stm32cube.ide.mcu.externaltools.gnu-tools-for-stm32.11.3.rel1.win32_1.1.0.202305231506/tools/bin/../lib/gcc/arm-none-eabi/11.3.1/../../../../arm-none-eabi/lib/thumb/v7e-m+fp/hard\libc_nano.a(libc_a-sbrkr.o)
                0x000000000800e0e4                _sbrk_r
 .text.__assert_func
                0x000000000800e104       0x3c C:/Users/leozk/Documents/STM32CubeIDE_1.10.0/STM32CubeIDE/plugins/com.st.stm32cube.ide.mcu.externaltools.gnu-tools-for-stm32.11.3.rel1.win32_1.1.0.202305231506/tools/bin/../lib/gcc/arm-none-eabi/11.3.1/../../../../arm-none-eabi/lib/thumb/v7e-m+fp/hard\libc_nano.a(libc_a-assert.o)
                0x000000000800e104                __assert_func
 .text._calloc_r
                0x000000000800e140       0x2c C:/Users/leozk/Documents/STM32CubeIDE_1.10.0/STM32CubeIDE/plugins/com.st.stm32cube.ide.mcu.externaltools.gnu-tools-for-stm32.11.3.rel1.win32_1.1.0.202305231506/tools/bin/../lib/gcc/arm-none-eabi/11.3.1/../../../../arm-none-eabi/lib/thumb/v7e-m+fp/hard\libc_nano.a(libc_a-callocr.o)
                0x000000000800e140                _calloc_r
 .text.__ascii_mbtowc
                0x000000000800e16c       0x24 C:/Users/leozk/Documents/STM32CubeIDE_1.10.0/STM32CubeIDE/plugins/com.st.stm32cube.ide.mcu.externaltools.gnu-tools-for-stm32.11.3.rel1.win32_1.1.0.202305231506/tools/bin/../lib/gcc/arm-none-eabi/11.3.1/../../../../arm-none-eabi/lib/thumb/v7e-m+fp/hard\libc_nano.a(libc_a-mbtowc_r.o)
                0x000000000800e16c                __ascii_mbtowc
 .text._realloc_r
                0x000000000800e190       0x5e C:/Users/leozk/Documents/STM32CubeIDE_1.10.0/STM32CubeIDE/plugins/com.st.stm32cube.ide.mcu.externaltools.gnu-tools-for-stm32.11.3.rel1.win32_1.1.0.202305231506/tools/bin/../lib/gcc/arm-none-eabi/11.3.1/../../../../arm-none-eabi/lib/thumb/v7e-m+fp/hard\libc_nano.a(libc_a-reallocr.o)
                0x000000000800e190                _realloc_r
 .text.__ascii_wctomb
                0x000000000800e1ee       0x1a C:/Users/leozk/Documents/STM32CubeIDE_1.10.0/STM32CubeIDE/plugins/com.st.stm32cube.ide.mcu.externaltools.gnu-tools-for-stm32.11.3.rel1.win32_1.1.0.202305231506/tools/bin/../lib/gcc/arm-none-eabi/11.3.1/../../../../arm-none-eabi/lib/thumb/v7e-m+fp/hard\libc_nano.a(libc_a-wctomb_r.o)
                0x000000000800e1ee                __ascii_wctomb
 .text.fprintf  0x000000000800e208       0x24 C:/Users/leozk/Documents/STM32CubeIDE_1.10.0/STM32CubeIDE/plugins/com.st.stm32cube.ide.mcu.externaltools.gnu-tools-for-stm32.11.3.rel1.win32_1.1.0.202305231506/tools/bin/../lib/gcc/arm-none-eabi/11.3.1/../../../../arm-none-eabi/lib/thumb/v7e-m+fp/hard\libc_nano.a(libc_a-fprintf.o)
                0x000000000800e208                fiprintf
                0x000000000800e208                fprintf
 .text.abort    0x000000000800e22c        0xe C:/Users/leozk/Documents/STM32CubeIDE_1.10.0/STM32CubeIDE/plugins/com.st.stm32cube.ide.mcu.externaltools.gnu-tools-for-stm32.11.3.rel1.win32_1.1.0.202305231506/tools/bin/../lib/gcc/arm-none-eabi/11.3.1/../../../../arm-none-eabi/lib/thumb/v7e-m+fp/hard\libc_nano.a(libc_a-abort.o)
                0x000000000800e22c                abort
 .text._malloc_usable_size_r
                0x000000000800e23a       0x10 C:/Users/leozk/Documents/STM32CubeIDE_1.10.0/STM32CubeIDE/plugins/com.st.stm32cube.ide.mcu.externaltools.gnu-tools-for-stm32.11.3.rel1.win32_1.1.0.202305231506/tools/bin/../lib/gcc/arm-none-eabi/11.3.1/../../../../arm-none-eabi/lib/thumb/v7e-m+fp/hard\libc_nano.a(libc_a-msizer.o)
                0x000000000800e23a                _malloc_usable_size_r
 .text.__sfputc_r
                0x000000000800e24a       0x2e C:/Users/leozk/Documents/STM32CubeIDE_1.10.0/STM32CubeIDE/plugins/com.st.stm32cube.ide.mcu.externaltools.gnu-tools-for-stm32.11.3.rel1.win32_1.1.0.202305231506/tools/bin/../lib/gcc/arm-none-eabi/11.3.1/../../../../arm-none-eabi/lib/thumb/v7e-m+fp/hard\libc_nano.a(libc_a-nano-vfprintf.o)
 .text.__sfputs_r
                0x000000000800e278       0x24 C:/Users/leozk/Documents/STM32CubeIDE_1.10.0/STM32CubeIDE/plugins/com.st.stm32cube.ide.mcu.externaltools.gnu-tools-for-stm32.11.3.rel1.win32_1.1.0.202305231506/tools/bin/../lib/gcc/arm-none-eabi/11.3.1/../../../../arm-none-eabi/lib/thumb/v7e-m+fp/hard\libc_nano.a(libc_a-nano-vfprintf.o)
                0x000000000800e278                __sfputs_r
 .text._vfprintf_r
                0x000000000800e29c      0x234 C:/Users/leozk/Documents/STM32CubeIDE_1.10.0/STM32CubeIDE/plugins/com.st.stm32cube.ide.mcu.externaltools.gnu-tools-for-stm32.11.3.rel1.win32_1.1.0.202305231506/tools/bin/../lib/gcc/arm-none-eabi/11.3.1/../../../../arm-none-eabi/lib/thumb/v7e-m+fp/hard\libc_nano.a(libc_a-nano-vfprintf.o)
                0x000000000800e29c                _vfprintf_r
                0x000000000800e29c                _vfiprintf_r
 .text.__swbuf_r
                0x000000000800e4d0       0x7a C:/Users/leozk/Documents/STM32CubeIDE_1.10.0/STM32CubeIDE/plugins/com.st.stm32cube.ide.mcu.externaltools.gnu-tools-for-stm32.11.3.rel1.win32_1.1.0.202305231506/tools/bin/../lib/gcc/arm-none-eabi/11.3.1/../../../../arm-none-eabi/lib/thumb/v7e-m+fp/hard\libc_nano.a(libc_a-wbuf.o)
                0x000000000800e4d0                __swbuf_r
 *fill*         0x000000000800e54a        0x2 
 .text.__swsetup_r
                0x000000000800e54c       0xb0 C:/Users/leozk/Documents/STM32CubeIDE_1.10.0/STM32CubeIDE/plugins/com.st.stm32cube.ide.mcu.externaltools.gnu-tools-for-stm32.11.3.rel1.win32_1.1.0.202305231506/tools/bin/../lib/gcc/arm-none-eabi/11.3.1/../../../../arm-none-eabi/lib/thumb/v7e-m+fp/hard\libc_nano.a(libc_a-wsetup.o)
                0x000000000800e54c                __swsetup_r
 .text._raise_r
                0x000000000800e5fc       0x50 C:/Users/leozk/Documents/STM32CubeIDE_1.10.0/STM32CubeIDE/plugins/com.st.stm32cube.ide.mcu.externaltools.gnu-tools-for-stm32.11.3.rel1.win32_1.1.0.202305231506/tools/bin/../lib/gcc/arm-none-eabi/11.3.1/../../../../arm-none-eabi/lib/thumb/v7e-m+fp/hard\libc_nano.a(libc_a-signal.o)
                0x000000000800e5fc                _raise_r
 .text.raise    0x000000000800e64c       0x10 C:/Users/leozk/Documents/STM32CubeIDE_1.10.0/STM32CubeIDE/plugins/com.st.stm32cube.ide.mcu.externaltools.gnu-tools-for-stm32.11.3.rel1.win32_1.1.0.202305231506/tools/bin/../lib/gcc/arm-none-eabi/11.3.1/../../../../arm-none-eabi/lib/thumb/v7e-m+fp/hard\libc_nano.a(libc_a-signal.o)
                0x000000000800e64c                raise
 .text._kill_r  0x000000000800e65c       0x24 C:/Users/leozk/Documents/STM32CubeIDE_1.10.0/STM32CubeIDE/plugins/com.st.stm32cube.ide.mcu.externaltools.gnu-tools-for-stm32.11.3.rel1.win32_1.1.0.202305231506/tools/bin/../lib/gcc/arm-none-eabi/11.3.1/../../../../arm-none-eabi/lib/thumb/v7e-m+fp/hard\libc_nano.a(libc_a-signalr.o)
                0x000000000800e65c                _kill_r
 .text._getpid_r
                0x000000000800e680        0x4 C:/Users/leozk/Documents/STM32CubeIDE_1.10.0/STM32CubeIDE/plugins/com.st.stm32cube.ide.mcu.externaltools.gnu-tools-for-stm32.11.3.rel1.win32_1.1.0.202305231506/tools/bin/../lib/gcc/arm-none-eabi/11.3.1/../../../../arm-none-eabi/lib/thumb/v7e-m+fp/hard\libc_nano.a(libc_a-signalr.o)
                0x000000000800e680                _getpid_r
 .text.__swhatbuf_r
                0x000000000800e684       0x4c C:/Users/leozk/Documents/STM32CubeIDE_1.10.0/STM32CubeIDE/plugins/com.st.stm32cube.ide.mcu.externaltools.gnu-tools-for-stm32.11.3.rel1.win32_1.1.0.202305231506/tools/bin/../lib/gcc/arm-none-eabi/11.3.1/../../../../arm-none-eabi/lib/thumb/v7e-m+fp/hard\libc_nano.a(libc_a-makebuf.o)
                0x000000000800e684                __swhatbuf_r
 .text.__smakebuf_r
                0x000000000800e6d0       0x78 C:/Users/leozk/Documents/STM32CubeIDE_1.10.0/STM32CubeIDE/plugins/com.st.stm32cube.ide.mcu.externaltools.gnu-tools-for-stm32.11.3.rel1.win32_1.1.0.202305231506/tools/bin/../lib/gcc/arm-none-eabi/11.3.1/../../../../arm-none-eabi/lib/thumb/v7e-m+fp/hard\libc_nano.a(libc_a-makebuf.o)
                0x000000000800e6d0                __smakebuf_r
 .text._fstat_r
                0x000000000800e748       0x24 C:/Users/leozk/Documents/STM32CubeIDE_1.10.0/STM32CubeIDE/plugins/com.st.stm32cube.ide.mcu.externaltools.gnu-tools-for-stm32.11.3.rel1.win32_1.1.0.202305231506/tools/bin/../lib/gcc/arm-none-eabi/11.3.1/../../../../arm-none-eabi/lib/thumb/v7e-m+fp/hard\libc_nano.a(libc_a-fstatr.o)
                0x000000000800e748                _fstat_r
 .text._isatty_r
                0x000000000800e76c       0x20 C:/Users/leozk/Documents/STM32CubeIDE_1.10.0/STM32CubeIDE/plugins/com.st.stm32cube.ide.mcu.externaltools.gnu-tools-for-stm32.11.3.rel1.win32_1.1.0.202305231506/tools/bin/../lib/gcc/arm-none-eabi/11.3.1/../../../../arm-none-eabi/lib/thumb/v7e-m+fp/hard\libc_nano.a(libc_a-isattyr.o)
                0x000000000800e76c                _isatty_r
 *(.glue_7)
 .glue_7        0x000000000800e78c        0x0 linker stubs
 *(.glue_7t)
 .glue_7t       0x000000000800e78c        0x0 linker stubs
 *(.eh_frame)
 .eh_frame      0x000000000800e78c        0x0 C:/Users/leozk/Documents/STM32CubeIDE_1.10.0/STM32CubeIDE/plugins/com.st.stm32cube.ide.mcu.externaltools.gnu-tools-for-stm32.11.3.rel1.win32_1.1.0.202305231506/tools/bin/../lib/gcc/arm-none-eabi/11.3.1/thumb/v7e-m+fp/hard/crtbegin.o
 *(.init)
 .init          0x000000000800e78c        0x4 C:/Users/leozk/Documents/STM32CubeIDE_1.10.0/STM32CubeIDE/plugins/com.st.stm32cube.ide.mcu.externaltools.gnu-tools-for-stm32.11.3.rel1.win32_1.1.0.202305231506/tools/bin/../lib/gcc/arm-none-eabi/11.3.1/thumb/v7e-m+fp/hard/crti.o
                0x000000000800e78c                _init
 .init          0x000000000800e790        0x8 C:/Users/leozk/Documents/STM32CubeIDE_1.10.0/STM32CubeIDE/plugins/com.st.stm32cube.ide.mcu.externaltools.gnu-tools-for-stm32.11.3.rel1.win32_1.1.0.202305231506/tools/bin/../lib/gcc/arm-none-eabi/11.3.1/thumb/v7e-m+fp/hard/crtn.o
 *(.fini)
 .fini          0x000000000800e798        0x4 C:/Users/leozk/Documents/STM32CubeIDE_1.10.0/STM32CubeIDE/plugins/com.st.stm32cube.ide.mcu.externaltools.gnu-tools-for-stm32.11.3.rel1.win32_1.1.0.202305231506/tools/bin/../lib/gcc/arm-none-eabi/11.3.1/thumb/v7e-m+fp/hard/crti.o
                0x000000000800e798                _fini
 .fini          0x000000000800e79c        0x8 C:/Users/leozk/Documents/STM32CubeIDE_1.10.0/STM32CubeIDE/plugins/com.st.stm32cube.ide.mcu.externaltools.gnu-tools-for-stm32.11.3.rel1.win32_1.1.0.202305231506/tools/bin/../lib/gcc/arm-none-eabi/11.3.1/thumb/v7e-m+fp/hard/crtn.o
                0x000000000800e7a4                . = ALIGN (0x4)
                0x000000000800e7a4                _etext = .

.vfp11_veneer   0x000000000800e7a4        0x0
 .vfp11_veneer  0x000000000800e7a4        0x0 linker stubs

.v4_bx          0x000000000800e7a4        0x0
 .v4_bx         0x000000000800e7a4        0x0 linker stubs

.iplt           0x000000000800e7a4        0x0
 .iplt          0x000000000800e7a4        0x0 C:/Users/leozk/Documents/STM32CubeIDE_1.10.0/STM32CubeIDE/plugins/com.st.stm32cube.ide.mcu.externaltools.gnu-tools-for-stm32.11.3.rel1.win32_1.1.0.202305231506/tools/bin/../lib/gcc/arm-none-eabi/11.3.1/thumb/v7e-m+fp/hard/crtbegin.o

.rodata         0x000000000800e7a8     0x103c
                0x000000000800e7a8                . = ALIGN (0x4)
 *(.rodata)
 .rodata        0x000000000800e7a8       0xee ./Core/Src/main.o
 *fill*         0x000000000800e896        0x2 
 .rodata        0x000000000800e898        0x5 ./Middlewares/Third_Party/FreeRTOS/Source/tasks.o
 *fill*         0x000000000800e89d        0x3 
 .rodata        0x000000000800e8a0        0xd ./Middlewares/Third_Party/FreeRTOS/Source/timers.o
 *(.rodata*)
 *fill*         0x000000000800e8ad        0x3 
 .rodata.defaultTask_attributes
                0x000000000800e8b0       0x24 ./Core/Src/main.o
                0x000000000800e8b0                defaultTask_attributes
 .rodata.motorTask_attributes
                0x000000000800e8d4       0x24 ./Core/Src/main.o
                0x000000000800e8d4                motorTask_attributes
 .rodata.oledTask_attributes
                0x000000000800e8f8       0x24 ./Core/Src/main.o
                0x000000000800e8f8                oledTask_attributes
 .rodata.rpiTask_attributes
                0x000000000800e91c       0x24 ./Core/Src/main.o
                0x000000000800e91c                rpiTask_attributes