Archive member included to satisfy reference by file (symbol)

C:/Users/leozk/Documents/STM32CubeIDE_1.10.0/STM32CubeIDE/plugins/com.st.stm32cube.ide.mcu.externaltools.gnu-tools-for-stm32.11.3.rel1.win32_1.1.0.202305231506/tools/bin/../lib/gcc/arm-none-eabi/11.3.1/../../../../arm-none-eabi/lib/thumb/v7e-m+fp/hard\libc_nano.a(libc_a-exit.o)
                              C:/Users/leozk/Documents/STM32CubeIDE_1.10.0/STM32CubeIDE/plugins/com.st.stm32cube.ide.mcu.externaltools.gnu-tools-for-stm32.11.3.rel1.win32_1.1.0.202305231506/tools/bin/../lib/gcc/arm-none-eabi/11.3.1/../../../../arm-none-eabi/lib/thumb/v7e-m+fp/hard/crt0.o (exit)
C:/Users/leozk/Documents/STM32CubeIDE_1.10.0/STM32CubeIDE/plugins/com.st.stm32cube.ide.mcu.externaltools.gnu-tools-for-stm32.11.3.rel1.win32_1.1.0.202305231506/tools/bin/../lib/gcc/arm-none-eabi/11.3.1/../../../../arm-none-eabi/lib/thumb/v7e-m+fp/hard\libc_nano.a(libc_a-nano-vfprintf_float.o)
                              (_printf_float)
C:/Users/leozk/Documents/STM32CubeIDE_1.10.0/STM32CubeIDE/plugins/com.st.stm32cube.ide.mcu.externaltools.gnu-tools-for-stm32.11.3.rel1.win32_1.1.0.202305231506/tools/bin/../lib/gcc/arm-none-eabi/11.3.1/../../../../arm-none-eabi/lib/thumb/v7e-m+fp/hard\libc_nano.a(libc_a-nano-vfprintf_i.o)
                              C:/Users/leozk/Documents/STM32CubeIDE_1.10.0/STM32CubeIDE/plugins/com.st.stm32cube.ide.mcu.externaltools.gnu-tools-for-stm32.11.3.rel1.win32_1.1.0.202305231506/tools/bin/../lib/gcc/arm-none-eabi/11.3.1/../../../../arm-none-eabi/lib/thumb/v7e-m+fp/hard\libc_nano.a(libc_a-nano-vfprintf_float.o) (_printf_common)
C:/Users/leozk/Documents/STM32CubeIDE_1.10.0/STM32CubeIDE/plugins/com.st.stm32cube.ide.mcu.externaltools.gnu-tools-for-stm32.11.3.rel1.win32_1.1.0.202305231506/tools/bin/../lib/gcc/arm-none-eabi/11.3.1/../../../../arm-none-eabi/lib/thumb/v7e-m+fp/hard\libc_nano.a(libc_a-findfp.o)
                              ./Middlewares/Third_Party/FreeRTOS/Source/tasks.o (__sf)
C:/Users/leozk/Documents/STM32CubeIDE_1.10.0/STM32CubeIDE/plugins/com.st.stm32cube.ide.mcu.externaltools.gnu-tools-for-stm32.11.3.rel1.win32_1.1.0.202305231506/tools/bin/../lib/gcc/arm-none-eabi/11.3.1/../../../../arm-none-eabi/lib/thumb/v7e-m+fp/hard\libc_nano.a(libc_a-fwalk.o)
                              C:/Users/leozk/Documents/STM32CubeIDE_1.10.0/STM32CubeIDE/plugins/com.st.stm32cube.ide.mcu.externaltools.gnu-tools-for-stm32.11.3.rel1.win32_1.1.0.202305231506/tools/bin/../lib/gcc/arm-none-eabi/11.3.1/../../../../arm-none-eabi/lib/thumb/v7e-m+fp/hard\libc_nano.a(libc_a-findfp.o) (_fwalk_sglue)
C:/Users/leozk/Documents/STM32CubeIDE_1.10.0/STM32CubeIDE/plugins/com.st.stm32cube.ide.mcu.externaltools.gnu-tools-for-stm32.11.3.rel1.win32_1.1.0.202305231506/tools/bin/../lib/gcc/arm-none-eabi/11.3.1/../../../../arm-none-eabi/lib/thumb/v7e-m+fp/hard\libc_nano.a(libc_a-sprintf.o)
                              ./Core/Src/main.o (sprintf)
C:/Users/leozk/Documents/STM32CubeIDE_1.10.0/STM32CubeIDE/plugins/com.st.stm32cube.ide.mcu.externaltools.gnu-tools-for-stm32.11.3.rel1.win32_1.1.0.202305231506/tools/bin/../lib/gcc/arm-none-eabi/11.3.1/../../../../arm-none-eabi/lib/thumb/v7e-m+fp/hard\libc_nano.a(libc_a-stdio.o)
                              C:/Users/leozk/Documents/STM32CubeIDE_1.10.0/STM32CubeIDE/plugins/com.st.stm32cube.ide.mcu.externaltools.gnu-tools-for-stm32.11.3.rel1.win32_1.1.0.202305231506/tools/bin/../lib/gcc/arm-none-eabi/11.3.1/../../../../arm-none-eabi/lib/thumb/v7e-m+fp/hard\libc_nano.a(libc_a-findfp.o) (__sread)
C:/Users/leozk/Documents/STM32CubeIDE_1.10.0/STM32CubeIDE/plugins/com.st.stm32cube.ide.mcu.externaltools.gnu-tools-for-stm32.11.3.rel1.win32_1.1.0.202305231506/tools/bin/../lib/gcc/arm-none-eabi/11.3.1/../../../../arm-none-eabi/lib/thumb/v7e-m+fp/hard\libc_nano.a(libc_a-memset.o)
                              C:/Users/leozk/Documents/STM32CubeIDE_1.10.0/STM32CubeIDE/plugins/com.st.stm32cube.ide.mcu.externaltools.gnu-tools-for-stm32.11.3.rel1.win32_1.1.0.202305231506/tools/bin/../lib/gcc/arm-none-eabi/11.3.1/../../../../arm-none-eabi/lib/thumb/v7e-m+fp/hard/crt0.o (memset)
C:/Users/leozk/Documents/STM32CubeIDE_1.10.0/STM32CubeIDE/plugins/com.st.stm32cube.ide.mcu.externaltools.gnu-tools-for-stm32.11.3.rel1.win32_1.1.0.202305231506/tools/bin/../lib/gcc/arm-none-eabi/11.3.1/../../../../arm-none-eabi/lib/thumb/v7e-m+fp/hard\libc_nano.a(libc_a-localeconv.o)
                              C:/Users/leozk/Documents/STM32CubeIDE_1.10.0/STM32CubeIDE/plugins/com.st.stm32cube.ide.mcu.externaltools.gnu-tools-for-stm32.11.3.rel1.win32_1.1.0.202305231506/tools/bin/../lib/gcc/arm-none-eabi/11.3.1/../../../../arm-none-eabi/lib/thumb/v7e-m+fp/hard\libc_nano.a(libc_a-nano-vfprintf_float.o) (_localeconv_r)
[...]
Memory Configuration

Name             Origin             Length             Attributes
CCMRAM           0x0000000010000000 0x0000000000010000 xrw
RAM              0x0000000020000000 0x0000000000020000 xrw
FLASH            0x0000000008000000 0x0000000000080000 xr
*default*        0x0000000000000000 0xffffffffffffffff

Linker script and memory map

LOAD C:/Users/leozk/Documents/STM32CubeIDE_1.10.0/STM32CubeIDE/plugins/com.st.stm32cube.ide.mcu.externaltools.gnu-tools-for-stm32.11.3.rel1.win32_1.1.0.202305231506/tools/bin/../lib/gcc/arm-none-eabi/11.3.1/thumb/v7e-m+fp/hard/crti.o
LOAD C:/Users/leozk/Documents/STM32CubeIDE_1.10.0/STM32CubeIDE/plugins/com.st.stm32cube.ide.mcu.externaltools.gnu-tools-for-stm32.11.3.rel1.win32_1.1.0.202305231506/tools/bin/../lib/gcc/arm-none-eabi/11.3.1/thumb/v7e-m+fp/hard/crtbegin.o
LOAD C:/Users/leozk/Documents/STM32CubeIDE_1.10.0/STM32CubeIDE/plugins/com.st.stm32cube.ide.mcu.externaltools.gnu-tools-for-stm32.11.3.rel1.win32_1.1.0.202305231506/tools/bin/../lib/gcc/arm-none-eabi/11.3.1/../../../../arm-none-eabi/lib/thumb/v7e-m+fp/hard/crt0.o
LOAD ./Core/Src/freertos.o
LOAD ./Core/Src/main.o
LOAD ./Core/Src/stm32f4xx_hal_msp.o
LOAD ./Core/Src/stm32f4xx_it.o
LOAD ./Core/Src/syscalls.o
LOAD ./Core/Src/sysmem.o
LOAD ./Core/Src/system_stm32f4xx.o
LOAD ./Core/Startup/startup_stm32f407vetx.o
LOAD ./Drivers/PeripheralDriver/Src/oled.o
LOAD ./Drivers/STM32F4xx_HAL_Driver/Src/stm32f4xx_hal.o
LOAD ./Drivers/STM32F4xx_HAL_Driver/Src/stm32f4xx_hal_cortex.o
LOAD ./Drivers/STM32F4xx_HAL_Driver/Src/stm32f4xx_hal_dma.o
LOAD ./Drivers/STM32F4xx_HAL_Driver/Src/stm32f4xx_hal_dma_ex.o
LOAD ./Drivers/STM32F4xx_HAL_Driver/Src/stm32f4xx_hal_exti.o
LOAD ./Drivers/STM32F4xx_HAL_Driver/Src/stm32f4xx_hal_flash.o
LOAD ./Drivers/STM32F4xx_HAL_Driver/Src/stm32f4xx_hal_flash_ex.o
LOAD ./Drivers/STM32F4xx_HAL_Driver/Src/stm32f4xx_hal_flash_ramfunc.o
LOAD ./Drivers/STM32F4xx_HAL_Driver/Src/stm32f4xx_hal_gpio.o
LOAD ./Drivers/STM32F4xx_HAL_Driver/Src/stm32f4xx_hal_i2c.o
LOAD ./Drivers/STM32F4xx_HAL_Driver/Src/stm32f4xx_hal_i2c_ex.o
LOAD ./Drivers/STM32F4xx_HAL_Driver/Src/stm32f4xx_hal_pwr.o
LOAD ./Drivers/STM32F4xx_HAL_Driver/Src/stm32f4xx_hal_pwr_ex.o
LOAD ./Drivers/STM32F4xx_HAL_Driver/Src/stm32f4xx_hal_rcc.o
LOAD ./Drivers/STM32F4xx_HAL_Driver/Src/stm32f4xx_hal_rcc_ex.o
LOAD ./Drivers/STM32F4xx_HAL_Driver/Src/stm32f4xx_hal_tim.o
LOAD ./Drivers/STM32F4xx_HAL_Driver/Src/stm32f4xx_hal_tim_ex.o
LOAD ./Drivers/STM32F4xx_HAL_Driver/Src/stm32f4xx_hal_uart.o
LOAD ./Middlewares/Third_Party/FreeRTOS/Source/CMSIS_RTOS_V2/cmsis_os2.o
LOAD ./Middlewares/Third_Party/FreeRTOS/Source/croutine.o
LOAD ./Middlewares/Third_Party/FreeRTOS/Source/event_groups.o
LOAD ./Middlewares/Third_Party/FreeRTOS/Source/list.o
LOAD ./Middlewares/Third_Party/FreeRTOS/Source/queue.o
LOAD ./Middlewares/Third_Party/FreeRTOS/Source/stream_buffer.o
LOAD ./Middlewares/Third_Party/FreeRTOS/Source/tasks.o
LOAD ./Middlewares/Third_Party/FreeRTOS/Source/timers.o
LOAD ./Middlewares/Third_Party/FreeRTOS/Source/portable/GCC/ARM_CM4F/port.o
LOAD ./Middlewares/Third_Party/FreeRTOS/Source/portable/MemMang/heap_4.o
LOAD ./PeripheralDriver/Src/oled.o
START GROUP
LOAD C:/Users/leozk/Documents/STM32CubeIDE_1.10.0/STM32CubeIDE/plugins/com.st.stm32cube.ide.mcu.externaltools.gnu-tools-for-stm32.11.3.rel1.win32_1.1.0.202305231506/tools/bin/../lib/gcc/arm-none-eabi/11.3.1/../../../../arm-none-eabi/lib/thumb/v7e-m+fp/hard\libc_nano.a
LOAD C:/Users/leozk/Documents/STM32CubeIDE_1.10.0/STM32CubeIDE/plugins/com.st.stm32cube.ide.mcu.externaltools.gnu-tools-for-stm32.11.3.rel1.win32_1.1.0.202305231506/tools/bin/../lib/gcc/arm-none-eabi/11.3.1/../../../../arm-none-eabi/lib/thumb/v7e-m+fp/hard\libm.a
END GROUP
START GROUP
LOAD C:/Users/leozk/Documents/STM32CubeIDE_1.10.0/STM32CubeIDE/plugins/com.st.stm32cube.ide.mcu.externaltools.gnu-tools-for-stm32.11.3.rel1.win32_1.1.0.202305231506/tools/bin/../lib/gcc/arm-none-eabi/11.3.1/thumb/v7e-m+fp/hard\libgcc.a
LOAD C:/Users/leozk/Documents/STM32CubeIDE_1.10.0/STM32CubeIDE/plugins/com.st.stm32cube.ide.mcu.externaltools.gnu-tools-for-stm32.11.3.rel1.win32_1.1.0.202305231506/tools/bin/../lib/gcc/arm-none-eabi/11.3.1/../../../../arm-none-eabi/lib/thumb/v7e-m+fp/hard\libc_nano.a
END GROUP
START GROUP
LOAD C:/Users/leozk/Documents/STM32CubeIDE_1.10.0/STM32CubeIDE/plugins/com.st.stm32cube.ide.mcu.externaltools.gnu-tools-for-stm32.11.3.rel1.win32_1.1.0.202305231506/tools/bin/../lib/gcc/arm-none-eabi/11.3.1/thumb/v7e-m+fp/hard\libgcc.a
LOAD C:/Users/leozk/Documents/STM32CubeIDE_1.10.0/STM32CubeIDE/plugins/com.st.stm32cube.ide.mcu.externaltools.gnu-tools-for-stm32.11.3.rel1.win32_1.1.0.202305231506/tools/bin/../lib/gcc/arm-none-eabi/11.3.1/../../../../arm-none-eabi/lib/thumb/v7e-m+fp/hard\libc_nano.a
LOAD C:/Users/leozk/Documents/STM32CubeIDE_1.10.0/STM32CubeIDE/plugins/com.st.stm32cube.ide.mcu.externaltools.gnu-tools-for-stm32.11.3.rel1.win32_1.1.0.202305231506/tools/bin/../lib/gcc/arm-none-eabi/11.3.1/../../../../arm-none-eabi/lib/thumb/v7e-m+fp/hard\libnosys.a
END GROUP
START GROUP
LOAD C:/Users/leozk/Documents/STM32CubeIDE_1.10.0/STM32CubeIDE/plugins/com.st.stm32cube.ide.mcu.externaltools.gnu-tools-for-stm32.11.3.rel1.win32_1.1.0.202305231506/tools/bin/../lib/gcc/arm-none-eabi/11.3.1/thumb/v7e-m+fp/hard\libgcc.a
LOAD C:/Users/leozk/Documents/STM32CubeIDE_1.10.0/STM32CubeIDE/plugins/com.st.stm32cube.ide.mcu.externaltools.gnu-tools-for-stm32.11.3.rel1.win32_1.1.0.202305231506/tools/bin/../lib/gcc/arm-none-eabi/11.3.1/../../../../arm-none-eabi/lib/thumb/v7e-m+fp/hard\libc_nano.a
LOAD C:/Users/leozk/Documents/STM32CubeIDE_1.10.0/STM32CubeIDE/plugins/com.st.stm32cube.ide.mcu.externaltools.gnu-tools-for-stm32.11.3.rel1.win32_1.1.0.202305231506/tools/bin/../lib/gcc/arm-none-eabi/11.3.1/../../../../arm-none-eabi/lib/thumb/v7e-m+fp/hard\libnosys.a
END GROUP
LOAD C:/Users/leozk/Documents/STM32CubeIDE_1.10.0/STM32CubeIDE/plugins/com.st.stm32cube.ide.mcu.externaltools.gnu-tools-for-stm32.11.3.rel1.win32_1.1.0.202305231506/tools/bin/../lib/gcc/arm-none-eabi/11.3.1/thumb/v7e-m+fp/hard/crtend.o
LOAD C:/Users/leozk/Documents/STM32CubeIDE_1.10.0/STM32CubeIDE/plugins/com.st.stm32cube.ide.mcu.externaltools.gnu-tools-for-stm32.11.3.rel1.win32_1.1.0.202305231506/tools/bin/../lib/gcc/arm-none-eabi/11.3.1/thumb/v7e-m+fp/hard/crtn.o
                0x0000000020020000                _estack = (ORIGIN (RAM) + LENGTH (RAM))
                0x0000000000000200                _Min_Heap_Size = 0x200
                0x0000000000000400                _Min_Stack_Size = 0x400

.isr_vector     0x0000000008000000      0x188
                0x0000000008000000                . = ALIGN (0x4)
 *(.isr_vector)
 .isr_vector    0x0000000008000000      0x188 ./Core/Startup/startup_stm32f407vetx.o
                0x0000000008000000                g_pfnVectors
                0x0000000008000188                . = ALIGN (0x4)

.text           0x0000000008000190     0xdf54
                0x0000000008000190                . = ALIGN (0x4)
 *(.text)
 .text          0x0000000008000190       0x40 C:/Users/leozk/Documents/STM32CubeIDE_1.10.0/STM32CubeIDE/plugins/com.st.stm32cube.ide.mcu.externaltools.gnu-tools-for-stm32.11.3.rel1.win32_1.1.0.202305231506/tools/bin/../lib/gcc/arm-none-eabi/11.3.1/thumb/v7e-m+fp/hard/crtbegin.o
 .text          0x00000000080001d0       0xa0 C:/Users/leozk/Documents/STM32CubeIDE_1.10.0/STM32CubeIDE/plugins/com.st.stm32cube.ide.mcu.externaltools.gnu-tools-for-stm32.11.3.rel1.win32_1.1.0.202305231506/tools/bin/../lib/gcc/arm-none-eabi/11.3.1/../../../../arm-none-eabi/lib/thumb/v7e-m+fp/hard\libc_nano.a(libc_a-memchr.o)
                0x00000000080001d0                memchr
 .text          0x0000000008000270       0x10 C:/Users/leozk/Documents/STM32CubeIDE_1.10.0/STM32CubeIDE/plugins/com.st.stm32cube.ide.mcu.externaltools.gnu-tools-for-stm32.11.3.rel1.win32_1.1.0.202305231506/tools/bin/../lib/gcc/arm-none-eabi/11.3.1/../../../../arm-none-eabi/lib/thumb/v7e-m+fp/hard\libc_nano.a(libc_a-strlen.o)
                0x0000000008000270                strlen
 .text          0x0000000008000280      0x378 C:/Users/leozk/Documents/STM32CubeIDE_1.10.0/STM32CubeIDE/plugins/com.st.stm32cube.ide.mcu.externaltools.gnu-tools-for-stm32.11.3.rel1.win32_1.1.0.202305231506/tools/bin/../lib/gcc/arm-none-eabi/11.3.1/thumb/v7e-m+fp/hard\libgcc.a(_arm_addsubdf3.o)
                0x0000000008000280                __aeabi_drsub
                0x0000000008000288                __aeabi_dsub
                0x0000000008000288                __subdf3
                0x000000000800028c                __aeabi_dadd
                0x000000000800028c                __adddf3
                0x0000000008000504                __floatunsidf
                0x0000000008000504                __aeabi_ui2d
                0x0000000008000524                __floatsidf
                0x0000000008000524                __aeabi_i2d
                0x0000000008000548                __aeabi_f2d
                0x0000000008000548                __extendsfdf2
                0x000000000800058c                __floatundidf
                0x000000000800058c                __aeabi_ul2d
                0x000000000800059c                __floatdidf
                0x000000000800059c                __aeabi_l2d
 .text          0x00000000080005f8      0x424 C:/Users/leozk/Documents/STM32CubeIDE_1.10.0/STM32CubeIDE/plugins/com.st.stm32cube.ide.mcu.externaltools.gnu-tools-for-stm32.11.3.rel1.win32_1.1.0.202305231506/tools/bin/../lib/gcc/arm-none-eabi/11.3.1/thumb/v7e-m+fp/hard\libgcc.a(_arm_muldivdf3.o)
                0x00000000080005f8                __aeabi_dmul
                0x00000000080005f8                __muldf3
                0x000000000800084c                __divdf3
                0x000000000800084c                __aeabi_ddiv
 .text          0x0000000008000a1c      0x110 C:/Users/leozk/Documents/STM32CubeIDE_1.10.0/STM32CubeIDE/plugins/com.st.stm32cube.ide.mcu.externaltools.gnu-tools-for-stm32.11.3.rel1.win32_1.1.0.202305231506/tools/bin/../lib/gcc/arm-none-eabi/11.3.1/thumb/v7e-m+fp/hard\libgcc.a(_arm_cmpdf2.o)
                0x0000000008000a1c                __gtdf2
                0x0000000008000a1c                __gedf2
                0x0000000008000a24                __ltdf2
                0x0000000008000a24                __ledf2
                0x0000000008000a2c                __nedf2
                0x0000000008000a2c                __eqdf2
                0x0000000008000a2c                __cmpdf2
                0x0000000008000aa8                __aeabi_cdrcmple
                0x0000000008000ab8                __aeabi_cdcmpeq
                0x0000000008000ab8                __aeabi_cdcmple
                0x0000000008000ac8                __aeabi_dcmpeq
                0x0000000008000adc                __aeabi_dcmplt
                0x0000000008000af0                __aeabi_dcmple
                0x0000000008000b04                __aeabi_dcmpge
                0x0000000008000b18                __aeabi_dcmpgt
 .text          0x0000000008000b2c       0x2c C:/Users/leozk/Documents/STM32CubeIDE_1.10.0/STM32CubeIDE/plugins/com.st.stm32cube.ide.mcu.externaltools.gnu-tools-for-stm32.11.3.rel1.win32_1.1.0.202305231506/tools/bin/../lib/gcc/arm-none-eabi/11.3.1/thumb/v7e-m+fp/hard\libgcc.a(_arm_unorddf2.o)
                0x0000000008000b2c                __unorddf2
                0x0000000008000b2c                __aeabi_dcmpun
 .text          0x0000000008000b58       0x50 C:/Users/leozk/Documents/STM32CubeIDE_1.10.0/STM32CubeIDE/plugins/com.st.stm32cube.ide.mcu.externaltools.gnu-tools-for-stm32.11.3.rel1.win32_1.1.0.202305231506/tools/bin/../lib/gcc/arm-none-eabi/11.3.1/thumb/v7e-m+fp/hard\libgcc.a(_arm_fixdfsi.o)
                0x0000000008000b58                __aeabi_d2iz
                0x0000000008000b58                __fixdfsi
 .text          0x0000000008000ba8       0x40 C:/Users/leozk/Documents/STM32CubeIDE_1.10.0/STM32CubeIDE/plugins/com.st.stm32cube.ide.mcu.externaltools.gnu-tools-for-stm32.11.3.rel1.win32_1.1.0.202305231506/tools/bin/../lib/gcc/arm-none-eabi/11.3.1/thumb/v7e-m+fp/hard\libgcc.a(_arm_fixunsdfsi.o)
                0x0000000008000ba8                __aeabi_d2uiz
                0x0000000008000ba8                __fixunsdfsi
 .text          0x0000000008000be8       0x30 C:/Users/leozk/Documents/STM32CubeIDE_1.10.0/STM32CubeIDE/plugins/com.st.stm32cube.ide.mcu.externaltools.gnu-tools-for-stm32.11.3.rel1.win32_1.1.0.202305231506/tools/bin/../lib/gcc/arm-none-eabi/11.3.1/thumb/v7e-m+fp/hard\libgcc.a(_aeabi_uldivmod.o)
                0x0000000008000be8                __aeabi_uldivmod
 .text          0x0000000008000c18      0x2c8 C:/Users/leozk/Documents/STM32CubeIDE_1.10.0/STM32CubeIDE/plugins/com.st.stm32cube.ide.mcu.externaltools.gnu-tools-for-stm32.11.3.rel1.win32_1.1.0.202305231506/tools/bin/../lib/gcc/arm-none-eabi/11.3.1/thumb/v7e-m+fp/hard\libgcc.a(_udivmoddi4.o)
                0x0000000008000c18                __udivmoddi4
 .text          0x0000000008000ee0        0x4 C:/Users/leozk/Documents/STM32CubeIDE_1.10.0/STM32CubeIDE/plugins/com.st.stm32cube.ide.mcu.externaltools.gnu-tools-for-stm32.11.3.rel1.win32_1.1.0.202305231506/tools/bin/../lib/gcc/arm-none-eabi/11.3.1/thumb/v7e-m+fp/hard\libgcc.a(_dvmd_tls.o)
                0x0000000008000ee0                __aeabi_idiv0
                0x0000000008000ee0                __aeabi_ldiv0
 *(.text*)
 .text.main     0x0000000008000ee4      0x12c ./Core/Src/main.o
                0x0000000008000ee4                main
 .text.SystemClock_Config
                0x0000000008001010       0xbc ./Core/Src/main.o
                0x0000000008001010                SystemClock_Config
 .text.MX_I2C1_Init
                0x00000000080010cc       0x5c ./Core/Src/main.o
 .text.MX_TIM1_Init
                0x0000000008001128      0x13c ./Core/Src/main.o
 .text.MX_TIM2_Init
                0x0000000008001264       0xa8 ./Core/Src/main.o
 .text.MX_TIM3_Init
                0x000000000800130c       0xa8 ./Core/Src/main.o
 .text.MX_TIM4_Init
                0x00000000080013b4       0xa8 ./Core/Src/main.o
 .text.MX_TIM8_Init
                0x000000000800145c      0x154 ./Core/Src/main.o
 .text.MX_USART3_UART_Init
                0x00000000080015b0       0x54 ./Core/Src/main.o
 .text.MX_GPIO_Init
                0x0000000008001604      0x19c ./Core/Src/main.o
 .text.HAL_UART_RxCpltCallback
                0x00000000080017a0       0x24 ./Core/Src/main.o
                0x00000000080017a0                HAL_UART_RxCpltCallback
 .text.delay    0x00000000080017c4       0x34 ./Core/Src/main.o
                0x00000000080017c4                delay
 .text.HAL_TIM_IC_CaptureCallback
                0x00000000080017f8      0x150 ./Core/Src/main.o
                0x00000000080017f8                HAL_TIM_IC_CaptureCallback
 .text.HCSR04_Read
                0x0000000008001948       0x40 ./Core/Src/main.o
                0x0000000008001948                HCSR04_Read
 .text.buzzerBeep
                0x0000000008001988       0x28 ./Core/Src/main.o
                0x0000000008001988                buzzerBeep
 .text.moveCarStraight
                0x00000000080019b0       0xc8 ./Core/Src/main.o
                0x00000000080019b0                moveCarStraight
 .text.moveCarRight
                0x0000000008001a78       0x54 ./Core/Src/main.o
                0x0000000008001a78                moveCarRight
 .text.moveCarLeft
                0x0000000008001acc       0x54 ./Core/Src/main.o
                0x0000000008001acc                moveCarLeft
 .text.moveCarSlideRight
                0x0000000008001b20      0x160 ./Core/Src/main.o
                0x0000000008001b20                moveCarSlideRight
 .text.moveCarSlideLeft
                0x0000000008001c80      0x158 ./Core/Src/main.o
                0x0000000008001c80                moveCarSlideLeft
 .text.moveCarRight90
                0x0000000008001dd8      0x124 ./Core/Src/main.o
                0x0000000008001dd8                moveCarRight90
 .text.moveCarLeft90
                0x0000000008001efc      0x140 ./Core/Src/main.o
                0x0000000008001efc                moveCarLeft90
 .text.PID_Control
                0x000000000800203c       0xf8 ./Core/Src/main.o
                0x000000000800203c                PID_Control
 .text.PID_Angle
                0x0000000008002134      0x110 ./Core/Src/main.o
                0x0000000008002134                PID_Angle
 .text.finishCheck
                0x0000000008002244       0x68 ./Core/Src/main.o
                0x0000000008002244                finishCheck
 .text.readByte
                0x00000000080022ac       0x58 ./Core/Src/main.o
                0x00000000080022ac                readByte
 .text.writeByte
                0x0000000008002304       0x48 ./Core/Src/main.o
                0x0000000008002304                writeByte
 .text.gyroInit
                0x000000000800234c       0x86 ./Core/Src/main.o
                0x000000000800234c                gyroInit
 *fill*         0x00000000080023d2        0x2 
 .text.StartDefaultTask
                0x00000000080023d4       0x30 ./Core/Src/main.o
                0x00000000080023d4                StartDefaultTask
 *fill*         0x0000000008002404        0x4 
 .text.StartMotorTask
                0x0000000008002408      0x450 ./Core/Src/main.o
                0x0000000008002408                StartMotorTask
 .text.StartOledTask
                0x0000000008002858      0x23c ./Core/Src/main.o
                0x0000000008002858                StartOledTask
 .text.StartRpiTask
                0x0000000008002a94      0x3b8 ./Core/Src/main.o
                0x0000000008002a94                StartRpiTask
 *fill*         0x0000000008002e4c        0x4 
 .text.StartGyroTask
                0x0000000008002e50      0x194 ./Core/Src/main.o
                0x0000000008002e50                StartGyroTask
 .text.StartBulleyesTask
                0x0000000008002fe4       0x16 ./Core/Src/main.o
                0x0000000008002fe4                StartBulleyesTask
 *fill*         0x0000000008002ffa        0x2 
 .text.StartEncoderRightTask
                0x0000000008002ffc       0x88 ./Core/Src/main.o
                0x0000000008002ffc                StartEncoderRightTask
 .text.StartEncoderLeftTask
                0x0000000008003084       0x88 ./Core/Src/main.o
                0x0000000008003084                StartEncoderLeftTask
 .text.Error_Handler
                0x000000000800310c        0xa ./Core/Src/main.o
                0x000000000800310c                Error_Handler
 *fill*         0x0000000008003116        0x2 
 .text.HAL_MspInit
                0x0000000008003118       0x68 ./Core/Src/stm32f4xx_hal_msp.o
                0x0000000008003118                HAL_MspInit
 .text.HAL_I2C_MspInit
                0x0000000008003180       0x90 ./Core/Src/stm32f4xx_hal_msp.o
                0x0000000008003180                HAL_I2C_MspInit
 .text.HAL_TIM_Base_MspInit
                0x0000000008003210       0xec ./Core/Src/stm32f4xx_hal_msp.o
                0x0000000008003210                HAL_TIM_Base_MspInit
 .text.HAL_TIM_Encoder_MspInit
                0x00000000080032fc      0x134 ./Core/Src/stm32f4xx_hal_msp.o
                0x00000000080032fc                HAL_TIM_Encoder_MspInit
 .text.HAL_TIM_IC_MspInit
                0x0000000008003430       0xa0 ./Core/Src/stm32f4xx_hal_msp.o
                0x0000000008003430                HAL_TIM_IC_MspInit
 .text.HAL_TIM_MspPostInit
                0x00000000080034d0       0x74 ./Core/Src/stm32f4xx_hal_msp.o
                0x00000000080034d0                HAL_TIM_MspPostInit
 .text.HAL_UART_MspInit
                0x0000000008003544       0xa0 ./Core/Src/stm32f4xx_hal_msp.o
                0x0000000008003544                HAL_UART_MspInit
 .text.NMI_Handler
                0x00000000080035e4        0x6 ./Core/Src/stm32f4xx_it.o
                0x00000000080035e4                NMI_Handler
 .text.HardFault_Handler
                0x00000000080035ea        0x6 ./Core/Src/stm32f4xx_it.o
                0x00000000080035ea                HardFault_Handler
 .text.MemManage_Handler
                0x00000000080035f0        0x6 ./Core/Src/stm32f4xx_it.o
                0x00000000080035f0                MemManage_Handler
 .text.BusFault_Handler
                0x00000000080035f6        0x6 ./Core/Src/stm32f4xx_it.o
                0x00000000080035f6                BusFault_Handler
 .text.UsageFault_Handler
                0x00000000080035fc        0x6 ./Core/Src/stm32f4xx_it.o
                0x00000000080035fc                UsageFault_Handler
 .text.DebugMon_Handler
                0x0000000008003602        0xe ./Core/Src/stm32f4xx_it.o
                0x0000000008003602                DebugMon_Handler
 .text.SysTick_Handler
                0x0000000008003610       0x1a ./Core/Src/stm32f4xx_it.o
                0x0000000008003610                SysTick_Handler
 .text.RCC_IRQHandler
                0x000000000800362a        0xe ./Core/Src/stm32f4xx_it.o
                0x000000000800362a                RCC_IRQHandler
 .text.TIM1_BRK_TIM9_IRQHandler
                0x0000000008003638       0x14 ./Core/Src/stm32f4xx_it.o
                0x0000000008003638                TIM1_BRK_TIM9_IRQHandler
 .text.TIM1_UP_TIM10_IRQHandler
                0x000000000800364c       0x14 ./Core/Src/stm32f4xx_it.o
                0x000000000800364c                TIM1_UP_TIM10_IRQHandler
 .text.TIM4_IRQHandler
                0x0000000008003660       0x14 ./Core/Src/stm32f4xx_it.o
                0x0000000008003660                TIM4_IRQHandler
 .text.USART3_IRQHandler
                0x0000000008003674       0x14 ./Core/Src/stm32f4xx_it.o
                0x0000000008003674                USART3_IRQHandler
 .text.TIM8_TRG_COM_TIM14_IRQHandler
                0x0000000008003688       0x14 ./Core/Src/stm32f4xx_it.o
                0x0000000008003688                TIM8_TRG_COM_TIM14_IRQHandler
 .text._getpid  0x000000000800369c       0x10 ./Core/Src/syscalls.o
                0x000000000800369c                _getpid
 .text._kill    0x00000000080036ac       0x20 ./Core/Src/syscalls.o
                0x00000000080036ac                _kill
 .text._exit    0x00000000080036cc       0x14 ./Core/Src/syscalls.o
                0x00000000080036cc                _exit
 .text._read    0x00000000080036e0       0x3a ./Core/Src/syscalls.o
                0x00000000080036e0                _read
 .text._write   0x000000000800371a       0x38 ./Core/Src/syscalls.o
                0x000000000800371a                _write
 .text._close   0x0000000008003752       0x18 ./Core/Src/syscalls.o
                0x0000000008003752                _close
 .text._fstat   0x000000000800376a       0x20 ./Core/Src/syscalls.o
                0x000000000800376a                _fstat
 .text._isatty  0x000000000800378a       0x16 ./Core/Src/syscalls.o
                0x000000000800378a                _isatty
 .text._lseek   0x00000000080037a0       0x1a ./Core/Src/syscalls.o
                0x00000000080037a0                _lseek
 *fill*         0x00000000080037ba        0x2 
 .text._sbrk    0x00000000080037bc       0x6c ./Core/Src/sysmem.o
                0x00000000080037bc                _sbrk
 .text.SystemInit
                0x0000000008003828       0x24 ./Core/Src/system_stm32f4xx.o
                0x0000000008003828                SystemInit
 .text.Reset_Handler
                0x000000000800384c       0x50 ./Core/Startup/startup_stm32f407vetx.o
                0x000000000800384c                Reset_Handler
 .text.Default_Handler
                0x000000000800389c        0x2 ./Core/Startup/startup_stm32f407vetx.o
                0x000000000800389c                RTC_Alarm_IRQHandler
                0x000000000800389c                HASH_RNG_IRQHandler
                0x000000000800389c                EXTI2_IRQHandler
                0x000000000800389c                TIM8_CC_IRQHandler
                0x000000000800389c                TIM1_CC_IRQHandler
                0x000000000800389c                DMA2_Stream5_IRQHandler
                0x000000000800389c                DMA1_Stream5_IRQHandler
                0x000000000800389c                PVD_IRQHandler
                0x000000000800389c                SDIO_IRQHandler
                0x000000000800389c                TAMP_STAMP_IRQHandler
                0x000000000800389c                CAN2_RX1_IRQHandler
                0x000000000800389c                EXTI3_IRQHandler
                0x000000000800389c                TIM8_UP_TIM13_IRQHandler
                0x000000000800389c                I2C3_ER_IRQHandler
                0x000000000800389c                EXTI0_IRQHandler
                0x000000000800389c                I2C2_EV_IRQHandler
                0x000000000800389c                DMA1_Stream2_IRQHandler
                0x000000000800389c                CAN1_RX0_IRQHandler
                0x000000000800389c                FPU_IRQHandler
                0x000000000800389c                OTG_HS_WKUP_IRQHandler
                0x000000000800389c                CAN2_SCE_IRQHandler
                0x000000000800389c                DMA2_Stream2_IRQHandler
                0x000000000800389c                SPI1_IRQHandler
                0x000000000800389c                TIM6_DAC_IRQHandler
                0x000000000800389c                DCMI_IRQHandler
                0x000000000800389c                CAN2_RX0_IRQHandler
                0x000000000800389c                DMA2_Stream3_IRQHandler
                0x000000000800389c                USART6_IRQHandler
                0x000000000800389c                CAN1_RX1_IRQHandler
                0x000000000800389c                UART5_IRQHandler
                0x000000000800389c                DMA2_Stream0_IRQHandler
                0x000000000800389c                I2C1_EV_IRQHandler
                0x000000000800389c                DMA1_Stream6_IRQHandler
                0x000000000800389c                DMA1_Stream1_IRQHandler
                0x000000000800389c                UART4_IRQHandler
                0x000000000800389c                TIM3_IRQHandler
                0x000000000800389c                TIM8_BRK_TIM12_IRQHandler
                0x000000000800389c                Default_Handler
                0x000000000800389c                EXTI15_10_IRQHandler
                0x000000000800389c                ADC_IRQHandler
                0x000000000800389c                DMA1_Stream7_IRQHandler
                0x000000000800389c                TIM7_IRQHandler
                0x000000000800389c                CAN2_TX_IRQHandler
                0x000000000800389c                TIM5_IRQHandler
                0x000000000800389c                DMA2_Stream7_IRQHandler
                0x000000000800389c                I2C3_EV_IRQHandler
                0x000000000800389c                EXTI9_5_IRQHandler
                0x000000000800389c                RTC_WKUP_IRQHandler
                0x000000000800389c                ETH_WKUP_IRQHandler
                0x000000000800389c                SPI2_IRQHandler
                0x000000000800389c                OTG_HS_EP1_IN_IRQHandler
                0x000000000800389c                DMA1_Stream0_IRQHandler
                0x000000000800389c                CAN1_TX_IRQHandler
                0x000000000800389c                EXTI4_IRQHandler
                0x000000000800389c                FSMC_IRQHandler
                0x000000000800389c                ETH_IRQHandler
                0x000000000800389c                OTG_HS_EP1_OUT_IRQHandler
                0x000000000800389c                WWDG_IRQHandler
                0x000000000800389c                TIM2_IRQHandler
                0x000000000800389c                OTG_FS_WKUP_IRQHandler
                0x000000000800389c                TIM1_TRG_COM_TIM11_IRQHandler
                0x000000000800389c                OTG_HS_IRQHandler
                0x000000000800389c                EXTI1_IRQHandler
                0x000000000800389c                USART2_IRQHandler
                0x000000000800389c                I2C2_ER_IRQHandler
                0x000000000800389c                DMA2_Stream1_IRQHandler
                0x000000000800389c                CAN1_SCE_IRQHandler
                0x000000000800389c                FLASH_IRQHandler
                0x000000000800389c                DMA2_Stream4_IRQHandler
                0x000000000800389c                USART1_IRQHandler
                0x000000000800389c                OTG_FS_IRQHandler
                0x000000000800389c                SPI3_IRQHandler
                0x000000000800389c                DMA1_Stream4_IRQHandler
                0x000000000800389c                I2C1_ER_IRQHandler
                0x000000000800389c                DMA2_Stream6_IRQHandler
                0x000000000800389c                DMA1_Stream3_IRQHandler
 *fill*         0x000000000800389e        0x2 
 .text.OLED_Refresh_Gram
                0x00000000080038a0       0x70 ./Drivers/PeripheralDriver/Src/oled.o
                0x00000000080038a0                OLED_Refresh_Gram
 .text.OLED_WR_Byte
                0x0000000008003910       0x94 ./Drivers/PeripheralDriver/Src/oled.o
                0x0000000008003910                OLED_WR_Byte
 .text.OLED_Clear
                0x00000000080039a4       0x4c ./Drivers/PeripheralDriver/Src/oled.o
                0x00000000080039a4                OLED_Clear
 .text.OLED_DrawPoint
                0x00000000080039f0       0xb4 ./Drivers/PeripheralDriver/Src/oled.o
                0x00000000080039f0                OLED_DrawPoint
 .text.OLED_ShowChar
                0x0000000008003aa4       0xe4 ./Drivers/PeripheralDriver/Src/oled.o
                0x0000000008003aa4                OLED_ShowChar
 .text.OLED_ShowString
                0x0000000008003b88       0x64 ./Drivers/PeripheralDriver/Src/oled.o
                0x0000000008003b88                OLED_ShowString
 .text.OLED_Init
                0x0000000008003bec      0x118 ./Drivers/PeripheralDriver/Src/oled.o
                0x0000000008003bec                OLED_Init
 .text.HAL_Init
                0x0000000008003d04       0x44 ./Drivers/STM32F4xx_HAL_Driver/Src/stm32f4xx_hal.o
                0x0000000008003d04                HAL_Init
 .text.HAL_InitTick
                0x0000000008003d48       0x60 ./Drivers/STM32F4xx_HAL_Driver/Src/stm32f4xx_hal.o
                0x0000000008003d48                HAL_InitTick
 .text.HAL_IncTick
                0x0000000008003da8       0x28 ./Drivers/STM32F4xx_HAL_Driver/Src/stm32f4xx_hal.o
                0x0000000008003da8                HAL_IncTick
 .text.HAL_GetTick
                0x0000000008003dd0       0x18 ./Drivers/STM32F4xx_HAL_Driver/Src/stm32f4xx_hal.o
                0x0000000008003dd0                HAL_GetTick
 .text.HAL_Delay
                0x0000000008003de8       0x48 ./Drivers/STM32F4xx_HAL_Driver/Src/stm32f4xx_hal.o
                0x0000000008003de8                HAL_Delay
 .text.__NVIC_SetPriorityGrouping
                0x0000000008003e30       0x48 ./Drivers/STM32F4xx_HAL_Driver/Src/stm32f4xx_hal_cortex.o
 .text.__NVIC_GetPriorityGrouping
                0x0000000008003e78       0x1c ./Drivers/STM32F4xx_HAL_Driver/Src/stm32f4xx_hal_cortex.o
 .text.__NVIC_EnableIRQ
                0x0000000008003e94       0x3c ./Drivers/STM32F4xx_HAL_Driver/Src/stm32f4xx_hal_cortex.o
 .text.__NVIC_SetPriority
                0x0000000008003ed0       0x54 ./Drivers/STM32F4xx_HAL_Driver/Src/stm32f4xx_hal_cortex.o
 .text.NVIC_EncodePriority
                0x0000000008003f24       0x66 ./Drivers/STM32F4xx_HAL_Driver/Src/stm32f4xx_hal_cortex.o
 *fill*         0x0000000008003f8a        0x2 
 .text.SysTick_Config
                0x0000000008003f8c       0x44 ./Drivers/STM32F4xx_HAL_Driver/Src/stm32f4xx_hal_cortex.o
 .text.HAL_NVIC_SetPriorityGrouping
                0x0000000008003fd0       0x16 ./Drivers/STM32F4xx_HAL_Driver/Src/stm32f4xx_hal_cortex.o
                0x0000000008003fd0                HAL_NVIC_SetPriorityGrouping
 .text.HAL_NVIC_SetPriority
                0x0000000008003fe6       0x38 ./Drivers/STM32F4xx_HAL_Driver/Src/stm32f4xx_hal_cortex.o
                0x0000000008003fe6                HAL_NVIC_SetPriority
 .text.HAL_NVIC_EnableIRQ
                0x000000000800401e       0x1c ./Drivers/STM32F4xx_HAL_Driver/Src/stm32f4xx_hal_cortex.o
                0x000000000800401e                HAL_NVIC_EnableIRQ
 .text.HAL_SYSTICK_Config
                0x000000000800403a       0x18 ./Drivers/STM32F4xx_HAL_Driver/Src/stm32f4xx_hal_cortex.o
                0x000000000800403a                HAL_SYSTICK_Config
 .text.HAL_DMA_Abort
                0x0000000008004052       0xe0 ./Drivers/STM32F4xx_HAL_Driver/Src/stm32f4xx_hal_dma.o
                0x0000000008004052                HAL_DMA_Abort
 .text.HAL_DMA_Abort_IT
                0x0000000008004132       0x44 ./Drivers/STM32F4xx_HAL_Driver/Src/stm32f4xx_hal_dma.o
                0x0000000008004132                HAL_DMA_Abort_IT
 *fill*         0x0000000008004176        0x2 
 .text.HAL_GPIO_Init
                0x0000000008004178      0x338 ./Drivers/STM32F4xx_HAL_Driver/Src/stm32f4xx_hal_gpio.o
                0x0000000008004178                HAL_GPIO_Init
 .text.HAL_GPIO_WritePin
                0x00000000080044b0       0x32 ./Drivers/STM32F4xx_HAL_Driver/Src/stm32f4xx_hal_gpio.o
                0x00000000080044b0                HAL_GPIO_WritePin
 .text.HAL_GPIO_TogglePin
                0x00000000080044e2       0x34 ./Drivers/STM32F4xx_HAL_Driver/Src/stm32f4xx_hal_gpio.o
                0x00000000080044e2                HAL_GPIO_TogglePin
 *fill*         0x0000000008004516        0x2 
 .text.HAL_I2C_Init
                0x0000000008004518      0x288 ./Drivers/STM32F4xx_HAL_Driver/Src/stm32f4xx_hal_i2c.o
                0x0000000008004518                HAL_I2C_Init
 .text.HAL_I2C_Master_Transmit
                0x00000000080047a0      0x1fc ./Drivers/STM32F4xx_HAL_Driver/Src/stm32f4xx_hal_i2c.o
                0x00000000080047a0                HAL_I2C_Master_Transmit
 .text.HAL_I2C_Master_Receive
                0x000000000800499c      0x44c ./Drivers/STM32F4xx_HAL_Driver/Src/stm32f4xx_hal_i2c.o
                0x000000000800499c                HAL_I2C_Master_Receive
 .text.I2C_MasterRequestWrite
                0x0000000008004de8      0x104 ./Drivers/STM32F4xx_HAL_Driver/Src/stm32f4xx_hal_i2c.o
 .text.I2C_MasterRequestRead
                0x0000000008004eec      0x19c ./Drivers/STM32F4xx_HAL_Driver/Src/stm32f4xx_hal_i2c.o
 .text.I2C_WaitOnFlagUntilTimeout
                0x0000000008005088       0xae ./Drivers/STM32F4xx_HAL_Driver/Src/stm32f4xx_hal_i2c.o
 .text.I2C_WaitOnMasterAddressFlagUntilTimeout
                0x0000000008005136       0xfe ./Drivers/STM32F4xx_HAL_Driver/Src/stm32f4xx_hal_i2c.o
 .text.I2C_WaitOnTXEFlagUntilTimeout
                0x0000000008005234       0x82 ./Drivers/STM32F4xx_HAL_Driver/Src/stm32f4xx_hal_i2c.o
 .text.I2C_WaitOnBTFFlagUntilTimeout
                0x00000000080052b6       0x82 ./Drivers/STM32F4xx_HAL_Driver/Src/stm32f4xx_hal_i2c.o
 .text.I2C_WaitOnRXNEFlagUntilTimeout
                0x0000000008005338       0xac ./Drivers/STM32F4xx_HAL_Driver/Src/stm32f4xx_hal_i2c.o
 .text.I2C_IsAcknowledgeFailed
                0x00000000080053e4       0x5e ./Drivers/STM32F4xx_HAL_Driver/Src/stm32f4xx_hal_i2c.o
 *fill*         0x0000000008005442        0x2 
 .text.HAL_PWR_EnableBkUpAccess
                0x0000000008005444       0x28 ./Drivers/STM32F4xx_HAL_Driver/Src/stm32f4xx_hal_pwr.o
                0x0000000008005444                HAL_PWR_EnableBkUpAccess
 .text.HAL_PWR_DisableBkUpAccess
                0x000000000800546c       0x28 ./Drivers/STM32F4xx_HAL_Driver/Src/stm32f4xx_hal_pwr.o
                0x000000000800546c                HAL_PWR_DisableBkUpAccess
 .text.HAL_RCC_OscConfig
                0x0000000008005494      0x4f0 ./Drivers/STM32F4xx_HAL_Driver/Src/stm32f4xx_hal_rcc.o
                0x0000000008005494                HAL_RCC_OscConfig
 .text.HAL_RCC_ClockConfig
                0x0000000008005984      0x1cc ./Drivers/STM32F4xx_HAL_Driver/Src/stm32f4xx_hal_rcc.o
                0x0000000008005984                HAL_RCC_ClockConfig
 .text.HAL_RCC_GetSysClockFreq
                0x0000000008005b50      0x18c ./Drivers/STM32F4xx_HAL_Driver/Src/stm32f4xx_hal_rcc.o
                0x0000000008005b50                HAL_RCC_GetSysClockFreq
 .text.HAL_RCC_GetHCLKFreq
                0x0000000008005cdc       0x18 ./Drivers/STM32F4xx_HAL_Driver/Src/stm32f4xx_hal_rcc.o
                0x0000000008005cdc                HAL_RCC_GetHCLKFreq
 .text.HAL_RCC_GetPCLK1Freq
                0x0000000008005cf4       0x28 ./Drivers/STM32F4xx_HAL_Driver/Src/stm32f4xx_hal_rcc.o
                0x0000000008005cf4                HAL_RCC_GetPCLK1Freq
 .text.HAL_RCC_GetPCLK2Freq
                0x0000000008005d1c       0x28 ./Drivers/STM32F4xx_HAL_Driver/Src/stm32f4xx_hal_rcc.o
                0x0000000008005d1c                HAL_RCC_GetPCLK2Freq
 .text.HAL_TIM_Base_Init
                0x0000000008005d44       0x9e ./Drivers/STM32F4xx_HAL_Driver/Src/stm32f4xx_hal_tim.o
                0x0000000008005d44                HAL_TIM_Base_Init
 .text.HAL_TIM_PWM_Init
                0x0000000008005de2       0x9e ./Drivers/STM32F4xx_HAL_Driver/Src/stm32f4xx_hal_tim.o
                0x0000000008005de2                HAL_TIM_PWM_Init
 .text.HAL_TIM_PWM_MspInit
                0x0000000008005e80       0x14 ./Drivers/STM32F4xx_HAL_Driver/Src/stm32f4xx_hal_tim.o
                0x0000000008005e80                HAL_TIM_PWM_MspInit
 .text.HAL_TIM_PWM_Start
                0x0000000008005e94      0x190 ./Drivers/STM32F4xx_HAL_Driver/Src/stm32f4xx_hal_tim.o
                0x0000000008005e94                HAL_TIM_PWM_Start
 .text.HAL_TIM_IC_Init
                0x0000000008006024       0x9e ./Drivers/STM32F4xx_HAL_Driver/Src/stm32f4xx_hal_tim.o
                0x0000000008006024                HAL_TIM_IC_Init
 *fill*         0x00000000080060c2        0x2 
 .text.HAL_TIM_IC_Start_IT
                0x00000000080060c4      0x250 ./Drivers/STM32F4xx_HAL_Driver/Src/stm32f4xx_hal_tim.o
                0x00000000080060c4                HAL_TIM_IC_Start_IT
 .text.HAL_TIM_Encoder_Init
                0x0000000008006314      0x14c ./Drivers/STM32F4xx_HAL_Driver/Src/stm32f4xx_hal_tim.o
                0x0000000008006314                HAL_TIM_Encoder_Init
 .text.HAL_TIM_Encoder_Start
                0x0000000008006460      0x11c ./Drivers/STM32F4xx_HAL_Driver/Src/stm32f4xx_hal_tim.o
                0x0000000008006460                HAL_TIM_Encoder_Start
 .text.HAL_TIM_IRQHandler
                0x000000000800657c      0x210 ./Drivers/STM32F4xx_HAL_Driver/Src/stm32f4xx_hal_tim.o
                0x000000000800657c                HAL_TIM_IRQHandler
 .text.HAL_TIM_IC_ConfigChannel
                0x000000000800678c      0x138 ./Drivers/STM32F4xx_HAL_Driver/Src/stm32f4xx_hal_tim.o
                0x000000000800678c                HAL_TIM_IC_ConfigChannel
 .text.HAL_TIM_PWM_ConfigChannel
                0x00000000080068c4      0x184 ./Drivers/STM32F4xx_HAL_Driver/Src/stm32f4xx_hal_tim.o
                0x00000000080068c4                HAL_TIM_PWM_ConfigChannel
 .text.HAL_TIM_ConfigClockSource
                0x0000000008006a48      0x18e ./Drivers/STM32F4xx_HAL_Driver/Src/stm32f4xx_hal_tim.o
                0x0000000008006a48                HAL_TIM_ConfigClockSource
 *fill*         0x0000000008006bd6        0x2 
 .text.HAL_TIM_ReadCapturedValue
                0x0000000008006bd8       0x88 ./Drivers/STM32F4xx_HAL_Driver/Src/stm32f4xx_hal_tim.o
                0x0000000008006bd8                HAL_TIM_ReadCapturedValue
 .text.HAL_TIM_PeriodElapsedCallback
                0x0000000008006c60       0x14 ./Drivers/STM32F4xx_HAL_Driver/Src/stm32f4xx_hal_tim.o
                0x0000000008006c60                HAL_TIM_PeriodElapsedCallback
 .text.HAL_TIM_OC_DelayElapsedCallback
                0x0000000008006c74       0x14 ./Drivers/STM32F4xx_HAL_Driver/Src/stm32f4xx_hal_tim.o
                0x0000000008006c74                HAL_TIM_OC_DelayElapsedCallback
 .text.HAL_TIM_PWM_PulseFinishedCallback
                0x0000000008006c88       0x14 ./Drivers/STM32F4xx_HAL_Driver/Src/stm32f4xx_hal_tim.o
                0x0000000008006c88                HAL_TIM_PWM_PulseFinishedCallback
 .text.HAL_TIM_TriggerCallback
                0x0000000008006c9c       0x14 ./Drivers/STM32F4xx_HAL_Driver/Src/stm32f4xx_hal_tim.o
                0x0000000008006c9c                HAL_TIM_TriggerCallback
 .text.TIM_Base_SetConfig
                0x0000000008006cb0      0x140 ./Drivers/STM32F4xx_HAL_Driver/Src/stm32f4xx_hal_tim.o
                0x0000000008006cb0                TIM_Base_SetConfig
 .text.TIM_OC1_SetConfig
                0x0000000008006df0       0xe0 ./Drivers/STM32F4xx_HAL_Driver/Src/stm32f4xx_hal_tim.o
 .text.TIM_OC2_SetConfig
                0x0000000008006ed0       0xec ./Drivers/STM32F4xx_HAL_Driver/Src/stm32f4xx_hal_tim.o
                0x0000000008006ed0                TIM_OC2_SetConfig
 .text.TIM_OC3_SetConfig
                0x0000000008006fbc       0xe8 ./Drivers/STM32F4xx_HAL_Driver/Src/stm32f4xx_hal_tim.o
 .text.TIM_OC4_SetConfig
                0x00000000080070a4       0xac ./Drivers/STM32F4xx_HAL_Driver/Src/stm32f4xx_hal_tim.o
 .text.TIM_TI1_SetConfig
                0x0000000008007150       0xe8 ./Drivers/STM32F4xx_HAL_Driver/Src/stm32f4xx_hal_tim.o
                0x0000000008007150                TIM_TI1_SetConfig
 .text.TIM_TI1_ConfigInputStage
                0x0000000008007238       0x5e ./Drivers/STM32F4xx_HAL_Driver/Src/stm32f4xx_hal_tim.o
 .text.TIM_TI2_SetConfig
                0x0000000008007296       0x7a ./Drivers/STM32F4xx_HAL_Driver/Src/stm32f4xx_hal_tim.o
 .text.TIM_TI2_ConfigInputStage
                0x0000000008007310       0x60 ./Drivers/STM32F4xx_HAL_Driver/Src/stm32f4xx_hal_tim.o
 .text.TIM_TI3_SetConfig
                0x0000000008007370       0x78 ./Drivers/STM32F4xx_HAL_Driver/Src/stm32f4xx_hal_tim.o
 .text.TIM_TI4_SetConfig
                0x00000000080073e8       0x7a ./Drivers/STM32F4xx_HAL_Driver/Src/stm32f4xx_hal_tim.o
 .text.TIM_ITRx_SetConfig
                0x0000000008007462       0x36 ./Drivers/STM32F4xx_HAL_Driver/Src/stm32f4xx_hal_tim.o
 .text.TIM_ETR_SetConfig
                0x0000000008007498       0x40 ./Drivers/STM32F4xx_HAL_Driver/Src/stm32f4xx_hal_tim.o
                0x0000000008007498                TIM_ETR_SetConfig
 .text.TIM_CCxChannelCmd
                0x00000000080074d8       0x4a ./Drivers/STM32F4xx_HAL_Driver/Src/stm32f4xx_hal_tim.o
                0x00000000080074d8                TIM_CCxChannelCmd
 *fill*         0x0000000008007522        0x2 
 .text.HAL_TIMEx_MasterConfigSynchronization
                0x0000000008007524       0xf8 ./Drivers/STM32F4xx_HAL_Driver/Src/stm32f4xx_hal_tim_ex.o
                0x0000000008007524                HAL_TIMEx_MasterConfigSynchronization
 .text.HAL_TIMEx_ConfigBreakDeadTime
                0x000000000800761c       0xa4 ./Drivers/STM32F4xx_HAL_Driver/Src/stm32f4xx_hal_tim_ex.o
                0x000000000800761c                HAL_TIMEx_ConfigBreakDeadTime
 .text.HAL_TIMEx_CommutCallback
                0x00000000080076c0       0x14 ./Drivers/STM32F4xx_HAL_Driver/Src/stm32f4xx_hal_tim_ex.o
                0x00000000080076c0                HAL_TIMEx_CommutCallback
 .text.HAL_TIMEx_BreakCallback
                0x00000000080076d4       0x14 ./Drivers/STM32F4xx_HAL_Driver/Src/stm32f4xx_hal_tim_ex.o
                0x00000000080076d4                HAL_TIMEx_BreakCallback
 .text.HAL_UART_Init
                0x00000000080076e8       0x9a ./Drivers/STM32F4xx_HAL_Driver/Src/stm32f4xx_hal_uart.o
                0x00000000080076e8                HAL_UART_Init
 .text.HAL_UART_Transmit
                0x0000000008007782      0x124 ./Drivers/STM32F4xx_HAL_Driver/Src/stm32f4xx_hal_uart.o
                0x0000000008007782                HAL_UART_Transmit
 .text.HAL_UART_Receive_IT
                0x00000000080078a6       0x60 ./Drivers/STM32F4xx_HAL_Driver/Src/stm32f4xx_hal_uart.o
                0x00000000080078a6                HAL_UART_Receive_IT
 *fill*         0x0000000008007906        0x2 
 .text.HAL_UART_IRQHandler
                0x0000000008007908      0x51c ./Drivers/STM32F4xx_HAL_Driver/Src/stm32f4xx_hal_uart.o
                0x0000000008007908                HAL_UART_IRQHandler
 .text.HAL_UART_TxCpltCallback
                0x0000000008007e24       0x14 ./Drivers/STM32F4xx_HAL_Driver/Src/stm32f4xx_hal_uart.o
                0x0000000008007e24                HAL_UART_TxCpltCallback
 .text.HAL_UART_ErrorCallback
                0x0000000008007e38       0x14 ./Drivers/STM32F4xx_HAL_Driver/Src/stm32f4xx_hal_uart.o
                0x0000000008007e38                HAL_UART_ErrorCallback
 .text.HAL_UARTEx_RxEventCallback
                0x0000000008007e4c       0x18 ./Drivers/STM32F4xx_HAL_Driver/Src/stm32f4xx_hal_uart.o
                0x0000000008007e4c                HAL_UARTEx_RxEventCallback
 .text.UART_WaitOnFlagUntilTimeout
                0x0000000008007e64       0xdc ./Drivers/STM32F4xx_HAL_Driver/Src/stm32f4xx_hal_uart.o
 .text.UART_Start_Receive_IT
                0x0000000008007f40       0x7c ./Drivers/STM32F4xx_HAL_Driver/Src/stm32f4xx_hal_uart.o
                0x0000000008007f40                UART_Start_Receive_IT
 .text.UART_EndRxTransfer
                0x0000000008007fbc       0xc6 ./Drivers/STM32F4xx_HAL_Driver/Src/stm32f4xx_hal_uart.o
 .text.UART_DMAAbortOnError
                0x0000000008008082       0x28 ./Drivers/STM32F4xx_HAL_Driver/Src/stm32f4xx_hal_uart.o
 .text.UART_Transmit_IT
                0x00000000080080aa       0xa0 ./Drivers/STM32F4xx_HAL_Driver/Src/stm32f4xx_hal_uart.o
 .text.UART_EndTransmit_IT
                0x000000000800814a       0x30 ./Drivers/STM32F4xx_HAL_Driver/Src/stm32f4xx_hal_uart.o
 .text.UART_Receive_IT
                0x000000000800817a      0x176 ./Drivers/STM32F4xx_HAL_Driver/Src/stm32f4xx_hal_uart.o
 .text.UART_SetConfig
                0x00000000080082f0      0x4e8 ./Drivers/STM32F4xx_HAL_Driver/Src/stm32f4xx_hal_uart.o
 .text.__NVIC_SetPriority
                0x00000000080087d8       0x54 ./Middlewares/Third_Party/FreeRTOS/Source/CMSIS_RTOS_V2/cmsis_os2.o
 .text.SVC_Setup
                0x000000000800882c       0x12 ./Middlewares/Third_Party/FreeRTOS/Source/CMSIS_RTOS_V2/cmsis_os2.o
 *fill*         0x000000000800883e        0x2 
 .text.osKernelInitialize
                0x0000000008008840       0x48 ./Middlewares/Third_Party/FreeRTOS/Source/CMSIS_RTOS_V2/cmsis_os2.o
                0x0000000008008840                osKernelInitialize
 .text.osKernelStart
                0x0000000008008888       0x4c ./Middlewares/Third_Party/FreeRTOS/Source/CMSIS_RTOS_V2/cmsis_os2.o
                0x0000000008008888                osKernelStart
 .text.osThreadNew
                0x00000000080088d4      0x124 ./Middlewares/Third_Party/FreeRTOS/Source/CMSIS_RTOS_V2/cmsis_os2.o
                0x00000000080088d4                osThreadNew
 .text.osDelay  0x00000000080089f8       0x36 ./Middlewares/Third_Party/FreeRTOS/Source/CMSIS_RTOS_V2/cmsis_os2.o
                0x00000000080089f8                osDelay
 *fill*         0x0000000008008a2e        0x2 
 .text.vApplicationGetIdleTaskMemory
                0x0000000008008a30       0x34 ./Middlewares/Third_Party/FreeRTOS/Source/CMSIS_RTOS_V2/cmsis_os2.o
                0x0000000008008a30                vApplicationGetIdleTaskMemory
 .text.vApplicationGetTimerTaskMemory
                0x0000000008008a64       0x34 ./Middlewares/Third_Party/FreeRTOS/Source/CMSIS_RTOS_V2/cmsis_os2.o
                0x0000000008008a64                vApplicationGetTimerTaskMemory
 .text.vListInitialise
                0x0000000008008a98       0x40 ./Middlewares/Third_Party/FreeRTOS/Source/list.o
                0x0000000008008a98                vListInitialise
 .text.vListInitialiseItem
                0x0000000008008ad8       0x1a ./Middlewares/Third_Party/FreeRTOS/Source/list.o
                0x0000000008008ad8                vListInitialiseItem
 .text.vListInsertEnd
                0x0000000008008af2       0x48 ./Middlewares/Third_Party/FreeRTOS/Source/list.o
                0x0000000008008af2                vListInsertEnd
 .text.vListInsert
                0x0000000008008b3a       0x72 ./Middlewares/Third_Party/FreeRTOS/Source/list.o
                0x0000000008008b3a                vListInsert
 .text.uxListRemove
                0x0000000008008bac       0x54 ./Middlewares/Third_Party/FreeRTOS/Source/list.o
                0x0000000008008bac                uxListRemove
 .text.xQueueGenericReset
                0x0000000008008c00       0xd0 ./Middlewares/Third_Party/FreeRTOS/Source/queue.o
                0x0000000008008c00                xQueueGenericReset
 .text.xQueueGenericCreateStatic
                0x0000000008008cd0       0xf0 ./Middlewares/Third_Party/FreeRTOS/Source/queue.o
                0x0000000008008cd0                xQueueGenericCreateStatic
 .text.prvInitialiseNewQueue
                0x0000000008008dc0       0x46 ./Middlewares/Third_Party/FreeRTOS/Source/queue.o
 *fill*         0x0000000008008e06        0x2 
 .text.xQueueGenericSend
                0x0000000008008e08      0x1fc ./Middlewares/Third_Party/FreeRTOS/Source/queue.o
                0x0000000008008e08                xQueueGenericSend
 .text.xQueueGenericSendFromISR
                0x0000000008009004      0x136 ./Middlewares/Third_Party/FreeRTOS/Source/queue.o
                0x0000000008009004                xQueueGenericSendFromISR
 *fill*         0x000000000800913a        0x2 
 .text.xQueueReceive
                0x000000000800913c      0x1c0 ./Middlewares/Third_Party/FreeRTOS/Source/queue.o
                0x000000000800913c                xQueueReceive
 .text.prvCopyDataToQueue
                0x00000000080092fc       0xd4 ./Middlewares/Third_Party/FreeRTOS/Source/queue.o
 .text.prvCopyDataFromQueue
                0x00000000080093d0       0x4c ./Middlewares/Third_Party/FreeRTOS/Source/queue.o
 .text.prvUnlockQueue
                0x000000000800941c       0xa4 ./Middlewares/Third_Party/FreeRTOS/Source/queue.o
 .text.prvIsQueueEmpty
                0x00000000080094c0       0x2c ./Middlewares/Third_Party/FreeRTOS/Source/queue.o
 .text.prvIsQueueFull
                0x00000000080094ec       0x30 ./Middlewares/Third_Party/FreeRTOS/Source/queue.o
 .text.vQueueAddToRegistry
                0x000000000800951c       0x54 ./Middlewares/Third_Party/FreeRTOS/Source/queue.o
                0x000000000800951c                vQueueAddToRegistry
 .text.vQueueWaitForMessageRestricted
                0x0000000008009570       0x68 ./Middlewares/Third_Party/FreeRTOS/Source/queue.o
                0x0000000008009570                vQueueWaitForMessageRestricted
 .text.xTaskCreateStatic
                0x00000000080095d8       0xba ./Middlewares/Third_Party/FreeRTOS/Source/tasks.o
                0x00000000080095d8                xTaskCreateStatic
 .text.xTaskCreate
                0x0000000008009692       0x8a ./Middlewares/Third_Party/FreeRTOS/Source/tasks.o
                0x0000000008009692                xTaskCreate
 .text.prvInitialiseNewTask
                0x000000000800971c      0x14c ./Middlewares/Third_Party/FreeRTOS/Source/tasks.o
 .text.prvAddNewTaskToReadyList
                0x0000000008009868       0xe0 ./Middlewares/Third_Party/FreeRTOS/Source/tasks.o
 .text.vTaskDelay
                0x0000000008009948       0x68 ./Middlewares/Third_Party/FreeRTOS/Source/tasks.o
                0x0000000008009948                vTaskDelay
 .text.vTaskStartScheduler
                0x00000000080099b0       0xe0 ./Middlewares/Third_Party/FreeRTOS/Source/tasks.o
                0x00000000080099b0                vTaskStartScheduler
 .text.vTaskSuspendAll
                0x0000000008009a90       0x1c ./Middlewares/Third_Party/FreeRTOS/Source/tasks.o
                0x0000000008009a90                vTaskSuspendAll
 .text.xTaskResumeAll
                0x0000000008009aac      0x13c ./Middlewares/Third_Party/FreeRTOS/Source/tasks.o
                0x0000000008009aac                xTaskResumeAll
 .text.xTaskGetTickCount
                0x0000000008009be8       0x20 ./Middlewares/Third_Party/FreeRTOS/Source/tasks.o
                0x0000000008009be8                xTaskGetTickCount
 .text.xTaskIncrementTick
                0x0000000008009c08      0x174 ./Middlewares/Third_Party/FreeRTOS/Source/tasks.o
                0x0000000008009c08                xTaskIncrementTick
 .text.vTaskSwitchContext
                0x0000000008009d7c       0xc8 ./Middlewares/Third_Party/FreeRTOS/Source/tasks.o
                0x0000000008009d7c                vTaskSwitchContext
 .text.vTaskPlaceOnEventList
                0x0000000008009e44       0x48 ./Middlewares/Third_Party/FreeRTOS/Source/tasks.o
                0x0000000008009e44                vTaskPlaceOnEventList
 .text.vTaskPlaceOnEventListRestricted
                0x0000000008009e8c       0x58 ./Middlewares/Third_Party/FreeRTOS/Source/tasks.o
                0x0000000008009e8c                vTaskPlaceOnEventListRestricted
 .text.xTaskRemoveFromEventList
                0x0000000008009ee4       0xc8 ./Middlewares/Third_Party/FreeRTOS/Source/tasks.o
                0x0000000008009ee4                xTaskRemoveFromEventList
 .text.vTaskInternalSetTimeOutState
                0x0000000008009fac       0x2c ./Middlewares/Third_Party/FreeRTOS/Source/tasks.o
                0x0000000008009fac                vTaskInternalSetTimeOutState
 .text.xTaskCheckForTimeOut
                0x0000000008009fd8       0xc4 ./Middlewares/Third_Party/FreeRTOS/Source/tasks.o
                0x0000000008009fd8                xTaskCheckForTimeOut
 .text.vTaskMissedYield
                0x000000000800a09c       0x18 ./Middlewares/Third_Party/FreeRTOS/Source/tasks.o
                0x000000000800a09c                vTaskMissedYield
 .text.prvIdleTask
                0x000000000800a0b4       0x30 ./Middlewares/Third_Party/FreeRTOS/Source/tasks.o
 .text.prvInitialiseTaskLists
                0x000000000800a0e4       0x80 ./Middlewares/Third_Party/FreeRTOS/Source/tasks.o
 .text.prvCheckTasksWaitingTermination
                0x000000000800a164       0x5c ./Middlewares/Third_Party/FreeRTOS/Source/tasks.o
 .text.prvDeleteTCB
                0x000000000800a1c0       0x68 ./Middlewares/Third_Party/FreeRTOS/Source/tasks.o
 .text.prvResetNextTaskUnblockTime
                0x000000000800a228       0x40 ./Middlewares/Third_Party/FreeRTOS/Source/tasks.o
 .text.xTaskGetSchedulerState
                0x000000000800a268       0x3c ./Middlewares/Third_Party/FreeRTOS/Source/tasks.o
                0x000000000800a268                xTaskGetSchedulerState
 .text.xTaskPriorityDisinherit
                0x000000000800a2a4       0xdc ./Middlewares/Third_Party/FreeRTOS/Source/tasks.o
                0x000000000800a2a4                xTaskPriorityDisinherit
 .text.prvAddCurrentTaskToDelayedList
                0x000000000800a380       0xa8 ./Middlewares/Third_Party/FreeRTOS/Source/tasks.o
 .text.xTimerCreateTimerTask
                0x000000000800a428       0x90 ./Middlewares/Third_Party/FreeRTOS/Source/timers.o
                0x000000000800a428                xTimerCreateTimerTask
 .text.xTimerGenericCommand
                0x000000000800a4b8       0x9c ./Middlewares/Third_Party/FreeRTOS/Source/timers.o
                0x000000000800a4b8                xTimerGenericCommand
 .text.prvProcessExpiredTimer
                0x000000000800a554       0x98 ./Middlewares/Third_Party/FreeRTOS/Source/timers.o
 .text.prvTimerTask
                0x000000000800a5ec       0x24 ./Middlewares/Third_Party/FreeRTOS/Source/timers.o
 .text.prvProcessTimerOrBlockTask
                0x000000000800a610       0x9c ./Middlewares/Third_Party/FreeRTOS/Source/timers.o
 .text.prvGetNextExpireTime
                0x000000000800a6ac       0x48 ./Middlewares/Third_Party/FreeRTOS/Source/timers.o
 .text.prvSampleTimeNow
                0x000000000800a6f4       0x40 ./Middlewares/Third_Party/FreeRTOS/Source/timers.o
 .text.prvInsertTimerInActiveList
                0x000000000800a734       0x84 ./Middlewares/Third_Party/FreeRTOS/Source/timers.o
 .text.prvProcessReceivedCommands
                0x000000000800a7b8      0x1c4 ./Middlewares/Third_Party/FreeRTOS/Source/timers.o
 .text.prvSwitchTimerLists
                0x000000000800a97c       0xc8 ./Middlewares/Third_Party/FreeRTOS/Source/timers.o
 .text.prvCheckForValidListAndQueue
                0x000000000800aa44       0x80 ./Middlewares/Third_Party/FreeRTOS/Source/timers.o
 .text.pxPortInitialiseStack
                0x000000000800aac4       0x68 ./Middlewares/Third_Party/FreeRTOS/Source/portable/GCC/ARM_CM4F/port.o
                0x000000000800aac4                pxPortInitialiseStack
 .text.prvTaskExitError
                0x000000000800ab2c       0x58 ./Middlewares/Third_Party/FreeRTOS/Source/portable/GCC/ARM_CM4F/port.o
 *fill*         0x000000000800ab84        0xc 
 .text.SVC_Handler
                0x000000000800ab90       0x28 ./Middlewares/Third_Party/FreeRTOS/Source/portable/GCC/ARM_CM4F/port.o
                0x000000000800ab90                SVC_Handler
 .text.prvPortStartFirstTask
                0x000000000800abb8       0x28 ./Middlewares/Third_Party/FreeRTOS/Source/portable/GCC/ARM_CM4F/port.o
 .text.xPortStartScheduler
                0x000000000800abe0      0x144 ./Middlewares/Third_Party/FreeRTOS/Source/portable/GCC/ARM_CM4F/port.o
                0x000000000800abe0                xPortStartScheduler
 .text.vPortEnterCritical
                0x000000000800ad24       0x60 ./Middlewares/Third_Party/FreeRTOS/Source/portable/GCC/ARM_CM4F/port.o
                0x000000000800ad24                vPortEnterCritical
 .text.vPortExitCritical
                0x000000000800ad84       0x54 ./Middlewares/Third_Party/FreeRTOS/Source/portable/GCC/ARM_CM4F/port.o
                0x000000000800ad84                vPortExitCritical
 *fill*         0x000000000800add8        0x8 
 .text.PendSV_Handler
                0x000000000800ade0       0x68 ./Middlewares/Third_Party/FreeRTOS/Source/portable/GCC/ARM_CM4F/port.o
                0x000000000800ade0                PendSV_Handler
 .text.xPortSysTickHandler
                0x000000000800ae48       0x44 ./Middlewares/Third_Party/FreeRTOS/Source/portable/GCC/ARM_CM4F/port.o
                0x000000000800ae48                xPortSysTickHandler
 .text.vPortSetupTimerInterrupt
                0x000000000800ae8c       0x48 ./Middlewares/Third_Party/FreeRTOS/Source/portable/GCC/ARM_CM4F/port.o
                0x000000000800ae8c                vPortSetupTimerInterrupt
 .text.vPortEnableVFP
                0x000000000800aed4       0x14 ./Middlewares/Third_Party/FreeRTOS/Source/portable/GCC/ARM_CM4F/port.o
 .text.vPortValidateInterruptPriority
                0x000000000800aee8       0x80 ./Middlewares/Third_Party/FreeRTOS/Source/portable/GCC/ARM_CM4F/port.o
                0x000000000800aee8                vPortValidateInterruptPriority
 .text.pvPortMalloc
                0x000000000800af68      0x198 ./Middlewares/Third_Party/FreeRTOS/Source/portable/MemMang/heap_4.o
                0x000000000800af68                pvPortMalloc
 .text.vPortFree
                0x000000000800b100       0xc4 ./Middlewares/Third_Party/FreeRTOS/Source/portable/MemMang/heap_4.o
                0x000000000800b100                vPortFree
 .text.prvHeapInit
                0x000000000800b1c4       0xc4 ./Middlewares/Third_Party/FreeRTOS/Source/portable/MemMang/heap_4.o
 .text.prvInsertBlockIntoFreeList
                0x000000000800b288       0xb4 ./Middlewares/Third_Party/FreeRTOS/Source/portable/MemMang/heap_4.o
 .text.__cvt    0x000000000800b33c       0xc4 C:/Users/leozk/Documents/STM32CubeIDE_1.10.0/STM32CubeIDE/plugins/com.st.stm32cube.ide.mcu.externaltools.gnu-tools-for-stm32.11.3.rel1.win32_1.1.0.202305231506/tools/bin/../lib/gcc/arm-none-eabi/11.3.1/../../../../arm-none-eabi/lib/thumb/v7e-m+fp/hard\libc_nano.a(libc_a-nano-vfprintf_float.o)
                0x000000000800b33c                __cvt
 .text.__exponent
                0x000000000800b400       0x7c C:/Users/leozk/Documents/STM32CubeIDE_1.10.0/STM32CubeIDE/plugins/com.st.stm32cube.ide.mcu.externaltools.gnu-tools-for-stm32.11.3.rel1.win32_1.1.0.202305231506/tools/bin/../lib/gcc/arm-none-eabi/11.3.1/../../../../arm-none-eabi/lib/thumb/v7e-m+fp/hard\libc_nano.a(libc_a-nano-vfprintf_float.o)
                0x000000000800b400                __exponent
 .text._printf_float
                0x000000000800b47c      0x46c C:/Users/leozk/Documents/STM32CubeIDE_1.10.0/STM32CubeIDE/plugins/com.st.stm32cube.ide.mcu.externaltools.gnu-tools-for-stm32.11.3.rel1.win32_1.1.0.202305231506/tools/bin/../lib/gcc/arm-none-eabi/11.3.1/../../../../arm-none-eabi/lib/thumb/v7e-m+fp/hard\libc_nano.a(libc_a-nano-vfprintf_float.o)
                0x000000000800b47c                _printf_float
 .text._printf_common
                0x000000000800b8e8       0xda C:/Users/leozk/Documents/STM32CubeIDE_1.10.0/STM32CubeIDE/plugins/com.st.stm32cube.ide.mcu.externaltools.gnu-tools-for-stm32.11.3.rel1.win32_1.1.0.202305231506/tools/bin/../lib/gcc/arm-none-eabi/11.3.1/../../../../arm-none-eabi/lib/thumb/v7e-m+fp/hard\libc_nano.a(libc_a-nano-vfprintf_i.o)
                0x000000000800b8e8                _printf_common
 *fill*         0x000000000800b9c2        0x2 
 .text._printf_i
                0x000000000800b9c4      0x244 C:/Users/leozk/Documents/STM32CubeIDE_1.10.0/STM32CubeIDE/plugins/com.st.stm32cube.ide.mcu.externaltools.gnu-tools-for-stm32.11.3.rel1.win32_1.1.0.202305231506/tools/bin/../lib/gcc/arm-none-eabi/11.3.1/../../../../arm-none-eabi/lib/thumb/v7e-m+fp/hard\libc_nano.a(libc_a-nano-vfprintf_i.o)
                0x000000000800b9c4                _printf_i
 .text.std      0x000000000800bc08       0x48 C:/Users/leozk/Documents/STM32CubeIDE_1.10.0/STM32CubeIDE/plugins/com.st.stm32cube.ide.mcu.externaltools.gnu-tools-for-stm32.11.3.rel1.win32_1.1.0.202305231506/tools/bin/../lib/gcc/arm-none-eabi/11.3.1/../../../../arm-none-eabi/lib/thumb/v7e-m+fp/hard\libc_nano.a(libc_a-findfp.o)
 .text.stdio_exit_handler
                0x000000000800bc50       0x18 C:/Users/leozk/Documents/STM32CubeIDE_1.10.0/STM32CubeIDE/plugins/com.st.stm32cube.ide.mcu.externaltools.gnu-tools-for-stm32.11.3.rel1.win32_1.1.0.202305231506/tools/bin/../lib/gcc/arm-none-eabi/11.3.1/../../../../arm-none-eabi/lib/thumb/v7e-m+fp/hard\libc_nano.a(libc_a-findfp.o)
 .text.cleanup_stdio
                0x000000000800bc68       0x40 C:/Users/leozk/Documents/STM32CubeIDE_1.10.0/STM32CubeIDE/plugins/com.st.stm32cube.ide.mcu.externaltools.gnu-tools-for-stm32.11.3.rel1.win32_1.1.0.202305231506/tools/bin/../lib/gcc/arm-none-eabi/11.3.1/../../../../arm-none-eabi/lib/thumb/v7e-m+fp/hard\libc_nano.a(libc_a-findfp.o)
 .text.global_stdio_init.part.0
                0x000000000800bca8       0x3c C:/Users/leozk/Documents/STM32CubeIDE_1.10.0/STM32CubeIDE/plugins/com.st.stm32cube.ide.mcu.externaltools.gnu-tools-for-stm32.11.3.rel1.win32_1.1.0.202305231506/tools/bin/../lib/gcc/arm-none-eabi/11.3.1/../../../../arm-none-eabi/lib/thumb/v7e-m+fp/hard\libc_nano.a(libc_a-findfp.o)
 .text.__sfp_lock_acquire
                0x000000000800bce4        0xc C:/Users/leozk/Documents/STM32CubeIDE_1.10.0/STM32CubeIDE/plugins/com.st.stm32cube.ide.mcu.externaltools.gnu-tools-for-stm32.11.3.rel1.win32_1.1.0.202305231506/tools/bin/../lib/gcc/arm-none-eabi/11.3.1/../../../../arm-none-eabi/lib/thumb/v7e-m+fp/hard\libc_nano.a(libc_a-findfp.o)
                0x000000000800bce4                __sfp_lock_acquire
 .text.__sfp_lock_release
                0x000000000800bcf0        0xc C:/Users/leozk/Documents/STM32CubeIDE_1.10.0/STM32CubeIDE/plugins/com.st.stm32cube.ide.mcu.externaltools.gnu-tools-for-stm32.11.3.rel1.win32_1.1.0.202305231506/tools/bin/../lib/gcc/arm-none-eabi/11.3.1/../../../../arm-none-eabi/lib/thumb/v7e-m+fp/hard\libc_nano.a(libc_a-findfp.o)
                0x000000000800bcf0                __sfp_lock_release
 .text.__sinit  0x000000000800bcfc       0x30 C:/Users/leozk/Documents/STM32CubeIDE_1.10.0/STM32CubeIDE/plugins/com.st.stm32cube.ide.mcu.externaltools.gnu-tools-for-stm32.11.3.rel1.win32_1.1.0.202305231506/tools/bin/../lib/gcc/arm-none-eabi/11.3.1/../../../../arm-none-eabi/lib/thumb/v7e-m+fp/hard\libc_nano.a(libc_a-findfp.o)
                0x000000000800bcfc                __sinit
 .text._fwalk_sglue
                0x000000000800bd2c       0x3c C:/Users/leozk/Documents/STM32CubeIDE_1.10.0/STM32CubeIDE/plugins/com.st.stm32cube.ide.mcu.externaltools.gnu-tools-for-stm32.11.3.rel1.win32_1.1.0.202305231506/tools/bin/../lib/gcc/arm-none-eabi/11.3.1/../../../../arm-none-eabi/lib/thumb/v7e-m+fp/hard\libc_nano.a(libc_a-fwalk.o)
                0x000000000800bd2c                _fwalk_sglue
 .text.sprintf  0x000000000800bd68       0x40 C:/Users/leozk/Documents/STM32CubeIDE_1.10.0/STM32CubeIDE/plugins/com.st.stm32cube.ide.mcu.externaltools.gnu-tools-for-stm32.11.3.rel1.win32_1.1.0.202305231506/tools/bin/../lib/gcc/arm-none-eabi/11.3.1/../../../../arm-none-eabi/lib/thumb/v7e-m+fp/hard\libc_nano.a(libc_a-sprintf.o)
                0x000000000800bd68                siprintf
                0x000000000800bd68                sprintf
 .text.__sread  0x000000000800bda8       0x22 C:/Users/leozk/Documents/STM32CubeIDE_1.10.0/STM32CubeIDE/plugins/com.st.stm32cube.ide.mcu.externaltools.gnu-tools-for-stm32.11.3.rel1.win32_1.1.0.202305231506/tools/bin/../lib/gcc/arm-none-eabi/11.3.1/../../../../arm-none-eabi/lib/thumb/v7e-m+fp/hard\libc_nano.a(libc_a-stdio.o)
                0x000000000800bda8                __sread
 .text.__swrite
                0x000000000800bdca       0x38 C:/Users/leozk/Documents/STM32CubeIDE_1.10.0/STM32CubeIDE/plugins/com.st.stm32cube.ide.mcu.externaltools.gnu-tools-for-stm32.11.3.rel1.win32_1.1.0.202305231506/tools/bin/../lib/gcc/arm-none-eabi/11.3.1/../../../../arm-none-eabi/lib/thumb/v7e-m+fp/hard\libc_nano.a(libc_a-stdio.o)
                0x000000000800bdca                __swrite
 .text.__sseek  0x000000000800be02       0x24 C:/Users/leozk/Documents/STM32CubeIDE_1.10.0/STM32CubeIDE/plugins/com.st.stm32cube.ide.mcu.externaltools.gnu-tools-for-stm32.11.3.rel1.win32_1.1.0.202305231506/tools/bin/../lib/gcc/arm-none-eabi/11.3.1/../../../../arm-none-eabi/lib/thumb/v7e-m+fp/hard\libc_nano.a(libc_a-stdio.o)
                0x000000000800be02                __sseek
 .text.__sclose
                0x000000000800be26        0x8 C:/Users/leozk/Documents/STM32CubeIDE_1.10.0/STM32CubeIDE/plugins/com.st.stm32cube.ide.mcu.externaltools.gnu-tools-for-stm32.11.3.rel1.win32_1.1.0.202305231506/tools/bin/../lib/gcc/arm-none-eabi/11.3.1/../../../../arm-none-eabi/lib/thumb/v7e-m+fp/hard\libc_nano.a(libc_a-stdio.o)
                0x000000000800be26                __sclose
 .text.memset   0x000000000800be2e       0x10 C:/Users/leozk/Documents/STM32CubeIDE_1.10.0/STM32CubeIDE/plugins/com.st.stm32cube.ide.mcu.externaltools.gnu-tools-for-stm32.11.3.rel1.win32_1.1.0.202305231506/tools/bin/../lib/gcc/arm-none-eabi/11.3.1/../../../../arm-none-eabi/lib/thumb/v7e-m+fp/hard\libc_nano.a(libc_a-memset.o)
                0x000000000800be2e                memset
 *fill*         0x000000000800be3e        0x2 
 .text._localeconv_r
                0x000000000800be40        0x8 C:/Users/leozk/Documents/STM32CubeIDE_1.10.0/STM32CubeIDE/plugins/com.st.stm32cube.ide.mcu.externaltools.gnu-tools-for-stm32.11.3.rel1.win32_1.1.0.202305231506/tools/bin/../lib/gcc/arm-none-eabi/11.3.1/../../../../arm-none-eabi/lib/thumb/v7e-m+fp/hard\libc_nano.a(libc_a-localeconv.o)
                0x000000000800be40                _localeconv_r
 .text._close_r
                0x000000000800be48       0x20 C:/Users/leozk/Documents/STM32CubeIDE_1.10.0/STM32CubeIDE/plugins/com.st.stm32cube.ide.mcu.externaltools.gnu-tools-for-stm32.11.3.rel1.win32_1.1.0.202305231506/tools/bin/../lib/gcc/arm-none-eabi/11.3.1/../../../../arm-none-eabi/lib/thumb/v7e-m+fp/hard\libc_nano.a(libc_a-closer.o)
                0x000000000800be48                _close_r
 .text._reclaim_reent
                0x000000000800be68       0xac C:/Users/leozk/Documents/STM32CubeIDE_1.10.0/STM32CubeIDE/plugins/com.st.stm32cube.ide.mcu.externaltools.gnu-tools-for-stm32.11.3.rel1.win32_1.1.0.202305231506/tools/bin/../lib/gcc/arm-none-eabi/11.3.1/../../../../arm-none-eabi/lib/thumb/v7e-m+fp/hard\libc_nano.a(libc_a-reent.o)
                0x000000000800be68                _reclaim_reent
 .text._lseek_r
                0x000000000800bf14       0x24 C:/Users/leozk/Documents/STM32CubeIDE_1.10.0/STM32CubeIDE/plugins/com.st.stm32cube.ide.mcu.externaltools.gnu-tools-for-stm32.11.3.rel1.win32_1.1.0.202305231506/tools/bin/../lib/gcc/arm-none-eabi/11.3.1/../../../../arm-none-eabi/lib/thumb/v7e-m+fp/hard\libc_nano.a(libc_a-lseekr.o)
                0x000000000800bf14                _lseek_r
 .text._read_r  0x000000000800bf38       0x24 C:/Users/leozk/Documents/STM32CubeIDE_1.10.0/STM32CubeIDE/plugins/com.st.stm32cube.ide.mcu.externaltools.gnu-tools-for-stm32.11.3.rel1.win32_1.1.0.202305231506/tools/bin/../lib/gcc/arm-none-eabi/11.3.1/../../../../arm-none-eabi/lib/thumb/v7e-m+fp/hard\libc_nano.a(libc_a-readr.o)
                0x000000000800bf38                _read_r
 .text._write_r
                0x000000000800bf5c       0x24 C:/Users/leozk/Documents/STM32CubeIDE_1.10.0/STM32CubeIDE/plugins/com.st.stm32cube.ide.mcu.externaltools.gnu-tools-for-stm32.11.3.rel1.win32_1.1.0.202305231506/tools/bin/../lib/gcc/arm-none-eabi/11.3.1/../../../../arm-none-eabi/lib/thumb/v7e-m+fp/hard\libc_nano.a(libc_a-writer.o)
                0x000000000800bf5c                _write_r
 .text.__errno  0x000000000800bf80        0xc C:/Users/leozk/Documents/STM32CubeIDE_1.10.0/STM32CubeIDE/plugins/com.st.stm32cube.ide.mcu.externaltools.gnu-tools-for-stm32.11.3.rel1.win32_1.1.0.202305231506/tools/bin/../lib/gcc/arm-none-eabi/11.3.1/../../../../arm-none-eabi/lib/thumb/v7e-m+fp/hard\libc_nano.a(libc_a-errno.o)
                0x000000000800bf80                __errno
 .text.__libc_init_array
                0x000000000800bf8c       0x48 C:/Users/leozk/Documents/STM32CubeIDE_1.10.0/STM32CubeIDE/plugins/com.st.stm32cube.ide.mcu.externaltools.gnu-tools-for-stm32.11.3.rel1.win32_1.1.0.202305231506/tools/bin/../lib/gcc/arm-none-eabi/11.3.1/../../../../arm-none-eabi/lib/thumb/v7e-m+fp/hard\libc_nano.a(libc_a-init.o)
                0x000000000800bf8c                __libc_init_array
 .text.__retarget_lock_acquire_recursive
                0x000000000800bfd4        0x2 C:/Users/leozk/Documents/STM32CubeIDE_1.10.0/STM32CubeIDE/plugins/com.st.stm32cube.ide.mcu.externaltools.gnu-tools-for-stm32.11.3.rel1.win32_1.1.0.202305231506/tools/bin/../lib/gcc/arm-none-eabi/11.3.1/../../../../arm-none-eabi/lib/thumb/v7e-m+fp/hard\libc_nano.a(libc_a-lock.o)
                0x000000000800bfd4                __retarget_lock_acquire_recursive
 .text.__retarget_lock_release_recursive
                0x000000000800bfd6        0x2 C:/Users/leozk/Documents/STM32CubeIDE_1.10.0/STM32CubeIDE/plugins/com.st.stm32cube.ide.mcu.externaltools.gnu-tools-for-stm32.11.3.rel1.win32_1.1.0.202305231506/tools/bin/../lib/gcc/arm-none-eabi/11.3.1/../../../../arm-none-eabi/lib/thumb/v7e-m+fp/hard\libc_nano.a(libc_a-lock.o)
                0x000000000800bfd6                __retarget_lock_release_recursive
 .text.memcpy   0x000000000800bfd8       0x1c C:/Users/leozk/Documents/STM32CubeIDE_1.10.0/STM32CubeIDE/plugins/com.st.stm32cube.ide.mcu.externaltools.gnu-tools-for-stm32.11.3.rel1.win32_1.1.0.202305231506/tools/bin/../lib/gcc/arm-none-eabi/11.3.1/../../../../arm-none-eabi/lib/thumb/v7e-m+fp/hard\libc_nano.a(libc_a-memcpy-stub.o)
                0x000000000800bfd8                memcpy
 .text.quorem   0x000000000800bff4      0x110 C:/Users/leozk/Documents/STM32CubeIDE_1.10.0/STM32CubeIDE/plugins/com.st.stm32cube.ide.mcu.externaltools.gnu-tools-for-stm32.11.3.rel1.win32_1.1.0.202305231506/tools/bin/../lib/gcc/arm-none-eabi/11.3.1/../../../../arm-none-eabi/lib/thumb/v7e-m+fp/hard\libc_nano.a(libc_a-dtoa.o)
 *fill*         0x000000000800c104        0x4 
 .text._dtoa_r  0x000000000800c108      0xbe4 C:/Users/leozk/Documents/STM32CubeIDE_1.10.0/STM32CubeIDE/plugins/com.st.stm32cube.ide.mcu.externaltools.gnu-tools-for-stm32.11.3.rel1.win32_1.1.0.202305231506/tools/bin/../lib/gcc/arm-none-eabi/11.3.1/../../../../arm-none-eabi/lib/thumb/v7e-m+fp/hard\libc_nano.a(libc_a-dtoa.o)
                0x000000000800c108                _dtoa_r
 .text._free_r  0x000000000800ccec       0x98 C:/Users/leozk/Documents/STM32CubeIDE_1.10.0/STM32CubeIDE/plugins/com.st.stm32cube.ide.mcu.externaltools.gnu-tools-for-stm32.11.3.rel1.win32_1.1.0.202305231506/tools/bin/../lib/gcc/arm-none-eabi/11.3.1/../../../../arm-none-eabi/lib/thumb/v7e-m+fp/hard\libc_nano.a(libc_a-freer.o)
                0x000000000800ccec                _free_r
 .text.malloc   0x000000000800cd84       0x10 C:/Users/leozk/Documents/STM32CubeIDE_1.10.0/STM32CubeIDE/plugins/com.st.stm32cube.ide.mcu.externaltools.gnu-tools-for-stm32.11.3.rel1.win32_1.1.0.202305231506/tools/bin/../lib/gcc/arm-none-eabi/11.3.1/../../../../arm-none-eabi/lib/thumb/v7e-m+fp/hard\libc_nano.a(libc_a-malloc.o)
                0x000000000800cd84                malloc
 .text.sbrk_aligned
                0x000000000800cd94       0x40 C:/Users/leozk/Documents/STM32CubeIDE_1.10.0/STM32CubeIDE/plugins/com.st.stm32cube.ide.mcu.externaltools.gnu-tools-for-stm32.11.3.rel1.win32_1.1.0.202305231506/tools/bin/../lib/gcc/arm-none-eabi/11.3.1/../../../../arm-none-eabi/lib/thumb/v7e-m+fp/hard\libc_nano.a(libc_a-mallocr.o)
 .text._malloc_r
                0x000000000800cdd4      0x100 C:/Users/leozk/Documents/STM32CubeIDE_1.10.0/STM32CubeIDE/plugins/com.st.stm32cube.ide.mcu.externaltools.gnu-tools-for-stm32.11.3.rel1.win32_1.1.0.202305231506/tools/bin/../lib/gcc/arm-none-eabi/11.3.1/../../../../arm-none-eabi/lib/thumb/v7e-m+fp/hard\libc_nano.a(libc_a-mallocr.o)
                0x000000000800cdd4                _malloc_r
 .text.__malloc_lock
                0x000000000800ced4        0xc C:/Users/leozk/Documents/STM32CubeIDE_1.10.0/STM32CubeIDE/plugins/com.st.stm32cube.ide.mcu.externaltools.gnu-tools-for-stm32.11.3.rel1.win32_1.1.0.202305231506/tools/bin/../lib/gcc/arm-none-eabi/11.3.1/../../../../arm-none-eabi/lib/thumb/v7e-m+fp/hard\libc_nano.a(libc_a-mlock.o)
                0x000000000800ced4                __malloc_lock
 .text.__malloc_unlock
                0x000000000800cee0        0xc C:/Users/leozk/Documents/STM32CubeIDE_1.10.0/STM32CubeIDE/plugins/com.st.stm32cube.ide.mcu.externaltools.gnu-tools-for-stm32.11.3.rel1.win32_1.1.0.202305231506/tools/bin/../lib/gcc/arm-none-eabi/11.3.1/../../../../arm-none-eabi/lib/thumb/v7e-m+fp/hard\libc_nano.a(libc_a-mlock.o)
                0x000000000800cee0                __malloc_unlock
 .text._Balloc  0x000000000800ceec       0x80 C:/Users/leozk/Documents/STM32CubeIDE_1.10.0/STM32CubeIDE/plugins/com.st.stm32cube.ide.mcu.externaltools.gnu-tools-for-stm32.11.3.rel1.win32_1.1.0.202305231506/tools/bin/../lib/gcc/arm-none-eabi/11.3.1/../../../../arm-none-eabi/lib/thumb/v7e-m+fp/hard\libc_nano.a(libc_a-mprec.o)
                0x000000000800ceec                _Balloc
 .text._Bfree   0x000000000800cf6c       0x44 C:/Users/leozk/Documents/STM32CubeIDE_1.10.0/STM32CubeIDE/plugins/com.st.stm32cube.ide.mcu.externaltools.gnu-tools-for-stm32.11.3.rel1.win32_1.1.0.202305231506/tools/bin/../lib/gcc/arm-none-eabi/11.3.1/../../../../arm-none-eabi/lib/thumb/v7e-m+fp/hard\libc_nano.a(libc_a-mprec.o)
                0x000000000800cf6c                _Bfree
 .text.__multadd
                0x000000000800cfb0       0x8c C:/Users/leozk/Documents/STM32CubeIDE_1.10.0/STM32CubeIDE/plugins/com.st.stm32cube.ide.mcu.externaltools.gnu-tools-for-stm32.11.3.rel1.win32_1.1.0.202305231506/tools/bin/../lib/gcc/arm-none-eabi/11.3.1/../../../../arm-none-eabi/lib/thumb/v7e-m+fp/hard\libc_nano.a(libc_a-mprec.o)
                0x000000000800cfb0                __multadd
 .text.__hi0bits
                0x000000000800d03c       0x40 C:/Users/leozk/Documents/STM32CubeIDE_1.10.0/STM32CubeIDE/plugins/com.st.stm32cube.ide.mcu.externaltools.gnu-tools-for-stm32.11.3.rel1.win32_1.1.0.202305231506/tools/bin/../lib/gcc/arm-none-eabi/11.3.1/../../../../arm-none-eabi/lib/thumb/v7e-m+fp/hard\libc_nano.a(libc_a-mprec.o)
                0x000000000800d03c                __hi0bits
 .text.__lo0bits
                0x000000000800d07c       0x5a C:/Users/leozk/Documents/STM32CubeIDE_1.10.0/STM32CubeIDE/plugins/com.st.stm32cube.ide.mcu.externaltools.gnu-tools-for-stm32.11.3.rel1.win32_1.1.0.202305231506/tools/bin/../lib/gcc/arm-none-eabi/11.3.1/../../../../arm-none-eabi/lib/thumb/v7e-m+fp/hard\libc_nano.a(libc_a-mprec.o)
                0x000000000800d07c                __lo0bits
 *fill*         0x000000000800d0d6        0x2 
 .text.__i2b    0x000000000800d0d8       0x2c C:/Users/leozk/Documents/STM32CubeIDE_1.10.0/STM32CubeIDE/plugins/com.st.stm32cube.ide.mcu.externaltools.gnu-tools-for-stm32.11.3.rel1.win32_1.1.0.202305231506/tools/bin/../lib/gcc/arm-none-eabi/11.3.1/../../../../arm-none-eabi/lib/thumb/v7e-m+fp/hard\libc_nano.a(libc_a-mprec.o)
                0x000000000800d0d8                __i2b
 .text.__multiply
                0x000000000800d104      0x154 C:/Users/leozk/Documents/STM32CubeIDE_1.10.0/STM32CubeIDE/plugins/com.st.stm32cube.ide.mcu.externaltools.gnu-tools-for-stm32.11.3.rel1.win32_1.1.0.202305231506/tools/bin/../lib/gcc/arm-none-eabi/11.3.1/../../../../arm-none-eabi/lib/thumb/v7e-m+fp/hard\libc_nano.a(libc_a-mprec.o)
                0x000000000800d104                __multiply
 .text.__pow5mult
                0x000000000800d258       0xb4 C:/Users/leozk/Documents/STM32CubeIDE_1.10.0/STM32CubeIDE/plugins/com.st.stm32cube.ide.mcu.externaltools.gnu-tools-for-stm32.11.3.rel1.win32_1.1.0.202305231506/tools/bin/../lib/gcc/arm-none-eabi/11.3.1/../../../../arm-none-eabi/lib/thumb/v7e-m+fp/hard\libc_nano.a(libc_a-mprec.o)
                0x000000000800d258                __pow5mult
 .text.__lshift
                0x000000000800d30c       0xd8 C:/Users/leozk/Documents/STM32CubeIDE_1.10.0/STM32CubeIDE/plugins/com.st.stm32cube.ide.mcu.externaltools.gnu-tools-for-stm32.11.3.rel1.win32_1.1.0.202305231506/tools/bin/../lib/gcc/arm-none-eabi/11.3.1/../../../../arm-none-eabi/lib/thumb/v7e-m+fp/hard\libc_nano.a(libc_a-mprec.o)
                0x000000000800d30c                __lshift
 .text.__mcmp   0x000000000800d3e4       0x38 C:/Users/leozk/Documents/STM32CubeIDE_1.10.0/STM32CubeIDE/plugins/com.st.stm32cube.ide.mcu.externaltools.gnu-tools-for-stm32.11.3.rel1.win32_1.1.0.202305231506/tools/bin/../lib/gcc/arm-none-eabi/11.3.1/../../../../arm-none-eabi/lib/thumb/v7e-m+fp/hard\libc_nano.a(libc_a-mprec.o)
                0x000000000800d3e4                __mcmp
 .text.__mdiff  0x000000000800d41c      0x114 C:/Users/leozk/Documents/STM32CubeIDE_1.10.0/STM32CubeIDE/plugins/com.st.stm32cube.ide.mcu.externaltools.gnu-tools-for-stm32.11.3.rel1.win32_1.1.0.202305231506/tools/bin/../lib/gcc/arm-none-eabi/11.3.1/../../../../arm-none-eabi/lib/thumb/v7e-m+fp/hard\libc_nano.a(libc_a-mprec.o)
                0x000000000800d41c                __mdiff
 .text.__d2b    0x000000000800d530       0xb4 C:/Users/leozk/Documents/STM32CubeIDE_1.10.0/STM32CubeIDE/plugins/com.st.stm32cube.ide.mcu.externaltools.gnu-tools-for-stm32.11.3.rel1.win32_1.1.0.202305231506/tools/bin/../lib/gcc/arm-none-eabi/11.3.1/../../../../arm-none-eabi/lib/thumb/v7e-m+fp/hard\libc_nano.a(libc_a-mprec.o)
                0x000000000800d530                __d2b
 .text.__ssputs_r
                0x000000000800d5e4       0xb4 C:/Users/leozk/Documents/STM32CubeIDE_1.10.0/STM32CubeIDE/plugins/com.st.stm32cube.ide.mcu.externaltools.gnu-tools-for-stm32.11.3.rel1.win32_1.1.0.202305231506/tools/bin/../lib/gcc/arm-none-eabi/11.3.1/../../../../arm-none-eabi/lib/thumb/v7e-m+fp/hard\libc_nano.a(libc_a-nano-svfprintf.o)
                0x000000000800d5e4                __ssputs_r
 .text._svfprintf_r
                0x000000000800d698      0x1fc C:/Users/leozk/Documents/STM32CubeIDE_1.10.0/STM32CubeIDE/plugins/com.st.stm32cube.ide.mcu.externaltools.gnu-tools-for-stm32.11.3.rel1.win32_1.1.0.202305231506/tools/bin/../lib/gcc/arm-none-eabi/11.3.1/../../../../arm-none-eabi/lib/thumb/v7e-m+fp/hard\libc_nano.a(libc_a-nano-svfprintf.o)
                0x000000000800d698                _svfiprintf_r
                0x000000000800d698                _svfprintf_r
 .text.__sflush_r
                0x000000000800d894      0x10c C:/Users/leozk/Documents/STM32CubeIDE_1.10.0/STM32CubeIDE/plugins/com.st.stm32cube.ide.mcu.externaltools.gnu-tools-for-stm32.11.3.rel1.win32_1.1.0.202305231506/tools/bin/../lib/gcc/arm-none-eabi/11.3.1/../../../../arm-none-eabi/lib/thumb/v7e-m+fp/hard\libc_nano.a(libc_a-fflush.o)
                0x000000000800d894                __sflush_r
 .text._fflush_r
                0x000000000800d9a0       0x50 C:/Users/leozk/Documents/STM32CubeIDE_1.10.0/STM32CubeIDE/plugins/com.st.stm32cube.ide.mcu.externaltools.gnu-tools-for-stm32.11.3.rel1.win32_1.1.0.202305231506/tools/bin/../lib/gcc/arm-none-eabi/11.3.1/../../../../arm-none-eabi/lib/thumb/v7e-m+fp/hard\libc_nano.a(libc_a-fflush.o)
                0x000000000800d9a0                _fflush_r
 .text.memmove  0x000000000800d9f0       0x34 C:/Users/leozk/Documents/STM32CubeIDE_1.10.0/STM32CubeIDE/plugins/com.st.stm32cube.ide.mcu.externaltools.gnu-tools-for-stm32.11.3.rel1.win32_1.1.0.202305231506/tools/bin/../lib/gcc/arm-none-eabi/11.3.1/../../../../arm-none-eabi/lib/thumb/v7e-m+fp/hard\libc_nano.a(libc_a-memmove.o)
                0x000000000800d9f0                memmove
 .text._sbrk_r  0x000000000800da24       0x20 C:/Users/leozk/Documents/STM32CubeIDE_1.10.0/STM32CubeIDE/plugins/com.st.stm32cube.ide.mcu.externaltools.gnu-tools-for-stm32.11.3.rel1.win32_1.1.0.202305231506/tools/bin/../lib/gcc/arm-none-eabi/11.3.1/../../../../arm-none-eabi/lib/thumb/v7e-m+fp/hard\libc_nano.a(libc_a-sbrkr.o)
                0x000000000800da24                _sbrk_r
 .text.__assert_func
                0x000000000800da44       0x3c C:/Users/leozk/Documents/STM32CubeIDE_1.10.0/STM32CubeIDE/plugins/com.st.stm32cube.ide.mcu.externaltools.gnu-tools-for-stm32.11.3.rel1.win32_1.1.0.202305231506/tools/bin/../lib/gcc/arm-none-eabi/11.3.1/../../../../arm-none-eabi/lib/thumb/v7e-m+fp/hard\libc_nano.a(libc_a-assert.o)
                0x000000000800da44                __assert_func
 .text._calloc_r
                0x000000000800da80       0x2c C:/Users/leozk/Documents/STM32CubeIDE_1.10.0/STM32CubeIDE/plugins/com.st.stm32cube.ide.mcu.externaltools.gnu-tools-for-stm32.11.3.rel1.win32_1.1.0.202305231506/tools/bin/../lib/gcc/arm-none-eabi/11.3.1/../../../../arm-none-eabi/lib/thumb/v7e-m+fp/hard\libc_nano.a(libc_a-callocr.o)
                0x000000000800da80                _calloc_r
 .text.__ascii_mbtowc
                0x000000000800daac       0x24 C:/Users/leozk/Documents/STM32CubeIDE_1.10.0/STM32CubeIDE/plugins/com.st.stm32cube.ide.mcu.externaltools.gnu-tools-for-stm32.11.3.rel1.win32_1.1.0.202305231506/tools/bin/../lib/gcc/arm-none-eabi/11.3.1/../../../../arm-none-eabi/lib/thumb/v7e-m+fp/hard\libc_nano.a(libc_a-mbtowc_r.o)
                0x000000000800daac                __ascii_mbtowc
 .text._realloc_r
                0x000000000800dad0       0x5e C:/Users/leozk/Documents/STM32CubeIDE_1.10.0/STM32CubeIDE/plugins/com.st.stm32cube.ide.mcu.externaltools.gnu-tools-for-stm32.11.3.rel1.win32_1.1.0.202305231506/tools/bin/../lib/gcc/arm-none-eabi/11.3.1/../../../../arm-none-eabi/lib/thumb/v7e-m+fp/hard\libc_nano.a(libc_a-reallocr.o)
                0x000000000800dad0                _realloc_r
 .text.__ascii_wctomb
                0x000000000800db2e       0x1a C:/Users/leozk/Documents/STM32CubeIDE_1.10.0/STM32CubeIDE/plugins/com.st.stm32cube.ide.mcu.externaltools.gnu-tools-for-stm32.11.3.rel1.win32_1.1.0.202305231506/tools/bin/../lib/gcc/arm-none-eabi/11.3.1/../../../../arm-none-eabi/lib/thumb/v7e-m+fp/hard\libc_nano.a(libc_a-wctomb_r.o)
                0x000000000800db2e                __ascii_wctomb
 .text.fprintf  0x000000000800db48       0x24 C:/Users/leozk/Documents/STM32CubeIDE_1.10.0/STM32CubeIDE/plugins/com.st.stm32cube.ide.mcu.externaltools.gnu-tools-for-stm32.11.3.rel1.win32_1.1.0.202305231506/tools/bin/../lib/gcc/arm-none-eabi/11.3.1/../../../../arm-none-eabi/lib/thumb/v7e-m+fp/hard\libc_nano.a(libc_a-fprintf.o)
                0x000000000800db48                fiprintf
                0x000000000800db48                fprintf
 .text.abort    0x000000000800db6c        0xe C:/Users/leozk/Documents/STM32CubeIDE_1.10.0/STM32CubeIDE/plugins/com.st.stm32cube.ide.mcu.externaltools.gnu-tools-for-stm32.11.3.rel1.win32_1.1.0.202305231506/tools/bin/../lib/gcc/arm-none-eabi/11.3.1/../../../../arm-none-eabi/lib/thumb/v7e-m+fp/hard\libc_nano.a(libc_a-abort.o)
                0x000000000800db6c                abort
 .text._malloc_usable_size_r
                0x000000000800db7a       0x10 C:/Users/leozk/Documents/STM32CubeIDE_1.10.0/STM32CubeIDE/plugins/com.st.stm32cube.ide.mcu.externaltools.gnu-tools-for-stm32.11.3.rel1.win32_1.1.0.202305231506/tools/bin/../lib/gcc/arm-none-eabi/11.3.1/../../../../arm-none-eabi/lib/thumb/v7e-m+fp/hard\libc_nano.a(libc_a-msizer.o)
                0x000000000800db7a                _malloc_usable_size_r
 .text.__sfputc_r
                0x000000000800db8a       0x2e C:/Users/leozk/Documents/STM32CubeIDE_1.10.0/STM32CubeIDE/plugins/com.st.stm32cube.ide.mcu.externaltools.gnu-tools-for-stm32.11.3.rel1.win32_1.1.0.202305231506/tools/bin/../lib/gcc/arm-none-eabi/11.3.1/../../../../arm-none-eabi/lib/thumb/v7e-m+fp/hard\libc_nano.a(libc_a-nano-vfprintf.o)
 .text.__sfputs_r
                0x000000000800dbb8       0x24 C:/Users/leozk/Documents/STM32CubeIDE_1.10.0/STM32CubeIDE/plugins/com.st.stm32cube.ide.mcu.externaltools.gnu-tools-for-stm32.11.3.rel1.win32_1.1.0.202305231506/tools/bin/../lib/gcc/arm-none-eabi/11.3.1/../../../../arm-none-eabi/lib/thumb/v7e-m+fp/hard\libc_nano.a(libc_a-nano-vfprintf.o)
                0x000000000800dbb8                __sfputs_r
 .text._vfprintf_r
                0x000000000800dbdc      0x234 C:/Users/leozk/Documents/STM32CubeIDE_1.10.0/STM32CubeIDE/plugins/com.st.stm32cube.ide.mcu.externaltools.gnu-tools-for-stm32.11.3.rel1.win32_1.1.0.202305231506/tools/bin/../lib/gcc/arm-none-eabi/11.3.1/../../../../arm-none-eabi/lib/thumb/v7e-m+fp/hard\libc_nano.a(libc_a-nano-vfprintf.o)
                0x000000000800dbdc                _vfprintf_r
                0x000000000800dbdc                _vfiprintf_r
 .text.__swbuf_r
                0x000000000800de10       0x7a C:/Users/leozk/Documents/STM32CubeIDE_1.10.0/STM32CubeIDE/plugins/com.st.stm32cube.ide.mcu.externaltools.gnu-tools-for-stm32.11.3.rel1.win32_1.1.0.202305231506/tools/bin/../lib/gcc/arm-none-eabi/11.3.1/../../../../arm-none-eabi/lib/thumb/v7e-m+fp/hard\libc_nano.a(libc_a-wbuf.o)
                0x000000000800de10                __swbuf_r
 *fill*         0x000000000800de8a        0x2 
 .text.__swsetup_r
                0x000000000800de8c       0xb0 C:/Users/leozk/Documents/STM32CubeIDE_1.10.0/STM32CubeIDE/plugins/com.st.stm32cube.ide.mcu.externaltools.gnu-tools-for-stm32.11.3.rel1.win32_1.1.0.202305231506/tools/bin/../lib/gcc/arm-none-eabi/11.3.1/../../../../arm-none-eabi/lib/thumb/v7e-m+fp/hard\libc_nano.a(libc_a-wsetup.o)
                0x000000000800de8c                __swsetup_r
 .text._raise_r
                0x000000000800df3c       0x50 C:/Users/leozk/Documents/STM32CubeIDE_1.10.0/STM32CubeIDE/plugins/com.st.stm32cube.ide.mcu.externaltools.gnu-tools-for-stm32.11.3.rel1.win32_1.1.0.202305231506/tools/bin/../lib/gcc/arm-none-eabi/11.3.1/../../../../arm-none-eabi/lib/thumb/v7e-m+fp/hard\libc_nano.a(libc_a-signal.o)
                0x000000000800df3c                _raise_r
 .text.raise    0x000000000800df8c       0x10 C:/Users/leozk/Documents/STM32CubeIDE_1.10.0/STM32CubeIDE/plugins/com.st.stm32cube.ide.mcu.externaltools.gnu-tools-for-stm32.11.3.rel1.win32_1.1.0.202305231506/tools/bin/../lib/gcc/arm-none-eabi/11.3.1/../../../../arm-none-eabi/lib/thumb/v7e-m+fp/hard\libc_nano.a(libc_a-signal.o)
                0x000000000800df8c                raise
 .text._kill_r  0x000000000800df9c       0x24 C:/Users/leozk/Documents/STM32CubeIDE_1.10.0/STM32CubeIDE/plugins/com.st.stm32cube.ide.mcu.externaltools.gnu-tools-for-stm32.11.3.rel1.win32_1.1.0.202305231506/tools/bin/../lib/gcc/arm-none-eabi/11.3.1/../../../../arm-none-eabi/lib/thumb/v7e-m+fp/hard\libc_nano.a(libc_a-signalr.o)
                0x000000000800df9c                _kill_r
 .text._getpid_r
                0x000000000800dfc0        0x4 C:/Users/leozk/Documents/STM32CubeIDE_1.10.0/STM32CubeIDE/plugins/com.st.stm32cube.ide.mcu.externaltools.gnu-tools-for-stm32.11.3.rel1.win32_1.1.0.202305231506/tools/bin/../lib/gcc/arm-none-eabi/11.3.1/../../../../arm-none-eabi/lib/thumb/v7e-m+fp/hard\libc_nano.a(libc_a-signalr.o)
                0x000000000800dfc0                _getpid_r
 .text.__swhatbuf_r
                0x000000000800dfc4       0x4c C:/Users/leozk/Documents/STM32CubeIDE_1.10.0/STM32CubeIDE/plugins/com.st.stm32cube.ide.mcu.externaltools.gnu-tools-for-stm32.11.3.rel1.win32_1.1.0.202305231506/tools/bin/../lib/gcc/arm-none-eabi/11.3.1/../../../../arm-none-eabi/lib/thumb/v7e-m+fp/hard\libc_nano.a(libc_a-makebuf.o)
                0x000000000800dfc4                __swhatbuf_r
 .text.__smakebuf_r
                0x000000000800e010       0x78 C:/Users/leozk/Documents/STM32CubeIDE_1.10.0/STM32CubeIDE/plugins/com.st.stm32cube.ide.mcu.externaltools.gnu-tools-for-stm32.11.3.rel1.win32_1.1.0.202305231506/tools/bin/../lib/gcc/arm-none-eabi/11.3.1/../../../../arm-none-eabi/lib/thumb/v7e-m+fp/hard\libc_nano.a(libc_a-makebuf.o)
                0x000000000800e010                __smakebuf_r
 .text._fstat_r
                0x000000000800e088       0x24 C:/Users/leozk/Documents/STM32CubeIDE_1.10.0/STM32CubeIDE/plugins/com.st.stm32cube.ide.mcu.externaltools.gnu-tools-for-stm32.11.3.rel1.win32_1.1.0.202305231506/tools/bin/../lib/gcc/arm-none-eabi/11.3.1/../../../../arm-none-eabi/lib/thumb/v7e-m+fp/hard\libc_nano.a(libc_a-fstatr.o)
                0x000000000800e088                _fstat_r
 .text._isatty_r
                0x000000000800e0ac       0x20 C:/Users/leozk/Documents/STM32CubeIDE_1.10.0/STM32CubeIDE/plugins/com.st.stm32cube.ide.mcu.externaltools.gnu-tools-for-stm32.11.3.rel1.win32_1.1.0.202305231506/tools/bin/../lib/gcc/arm-none-eabi/11.3.1/../../../../arm-none-eabi/lib/thumb/v7e-m+fp/hard\libc_nano.a(libc_a-isattyr.o)
                0x000000000800e0ac                _isatty_r
 *(.glue_7)
 .glue_7        0x000000000800e0cc        0x0 linker stubs
 *(.glue_7t)
 .glue_7t       0x000000000800e0cc        0x0 linker stubs
 *(.eh_frame)
 .eh_frame      0x000000000800e0cc        0x0 C:/Users/leozk/Documents/STM32CubeIDE_1.10.0/STM32CubeIDE/plugins/com.st.stm32cube.ide.mcu.externaltools.gnu-tools-for-stm32.11.3.rel1.win32_1.1.0.202305231506/tools/bin/../lib/gcc/arm-none-eabi/11.3.1/thumb/v7e-m+fp/hard/crtbegin.o
 *(.init)
 .init          0x000000000800e0cc        0x4 C:/Users/leozk/Documents/STM32CubeIDE_1.10.0/STM32CubeIDE/plugins/com.st.stm32cube.ide.mcu.externaltools.gnu-tools-for-stm32.11.3.rel1.win32_1.1.0.202305231506/tools/bin/../lib/gcc/arm-none-eabi/11.3.1/thumb/v7e-m+fp/hard/crti.o
                0x000000000800e0cc                _init
 .init          0x000000000800e0d0        0x8 C:/Users/leozk/Documents/STM32CubeIDE_1.10.0/STM32CubeIDE/plugins/com.st.stm32cube.ide.mcu.externaltools.gnu-tools-for-stm32.11.3.rel1.win32_1.1.0.202305231506/tools/bin/../lib/gcc/arm-none-eabi/11.3.1/thumb/v7e-m+fp/hard/crtn.o
 *(.fini)
 .fini          0x000000000800e0d8        0x4 C:/Users/leozk/Documents/STM32CubeIDE_1.10.0/STM32CubeIDE/plugins/com.st.stm32cube.ide.mcu.externaltools.gnu-tools-for-stm32.11.3.rel1.win32_1.1.0.202305231506/tools/bin/../lib/gcc/arm-none-eabi/11.3.1/thumb/v7e-m+fp/hard/crti.o
                0x000000000800e0d8                _fini
 .fini          0x000000000800e0dc        0x8 C:/Users/leozk/Documents/STM32CubeIDE_1.10.0/STM32CubeIDE/plugins/com.st.stm32cube.ide.mcu.externaltools.gnu-tools-for-stm32.11.3.rel1.win32_1.1.0.202305231506/tools/bin/../lib/gcc/arm-none-eabi/11.3.1/thumb/v7e-m+fp/hard/crtn.o
                0x000000000800e0e4                . = ALIGN (0x4)
                0x000000000800e0e4                _etext = .

.vfp11_veneer   0x000000000800e0e4        0x0
 .vfp11_veneer  0x000000000800e0e4        0x0 linker stubs

.v4_bx          0x000000000800e0e4        0x0
 .v4_bx         0x000000000800e0e4        0x0 linker stubs

.iplt           0x000000000800e0e4        0x0
 .iplt          0x000000000800e0e4        0x0 C:/Users/leozk/Documents/STM32CubeIDE_1.10.0/STM32CubeIDE/plugins/com.st.stm32cube.ide.mcu.externaltools.gnu-tools-for-stm32.11.3.rel1.win32_1.1.0.202305231506/tools/bin/../lib/gcc/arm-none-eabi/11.3.1/thumb/v7e-m+fp/hard/crtbegin.o

.rodata         0x000000000800e0e8      0xffc
                0x000000000800e0e8                . = ALIGN (0x4)
 *(.rodata)
 .rodata        0x000000000800e0e8       0xd4 ./Core/Src/main.o
 .rodata        0x000000000800e1bc        0x5 ./Middlewares/Third_Party/FreeRTOS/Source/tasks.o
 *fill*         0x000000000800e1c1        0x3 
 .rodata        0x000000000800e1c4        0xd ./Middlewares/Third_Party/FreeRTOS/Source/timers.o
 *(.rodata*)
 *fill*         0x000000000800e1d1        0x3 
 .rodata.defaultTask_attributes
                0x000000000800e1d4       0x24 ./Core/Src/main.o
                0x000000000800e1d4                defaultTask_attributes
 .rodata.motorTask_attributes
                0x000000000800e1f8       0x24 ./Core/Src/main.o
                0x000000000800e1f8                motorTask_attributes
 .rodata.oledTask_attributes
                0x000000000800e21c       0x24 ./Core/Src/main.o
                0x000000000800e21c                oledTask_attributes
 .rodata.rpiTask_attributes
                0x000000000800e240       0x24 ./Core/Src/main.o
                0x000000000800e240                rpiTask_attributes
 .rodata.gyroTask_attributes
                0x000000000800e264       0x24 ./Core/Src/main.o
                0x000000000800e264                gyroTask_attributes
 .rodata.bulleyesTask_attributes
                0x000000000800e288       0x24 ./Core/Src/main.o
                0x000000000800e288                bulleyesTask_attributes
 .rodata.encoderRightTas_attributes